ARM Linker, 5.03 [Build 76] [MDK-ARM Lite]

==============================================================================

Section Cross References

    lpc8xx_gpio.o(i.PIN3_IRQHandler) refers to lpc8xx_gpio.o(i.PININT_Handler) for PININT_Handler
    lpc8xx_gpio.o(i.PININT0_IRQHandler) refers to lpc8xx_gpio.o(i.PININT_Handler) for PININT_Handler
    lpc8xx_gpio.o(i.PININT1_IRQHandler) refers to lpc8xx_gpio.o(i.PININT_Handler) for PININT_Handler
    lpc8xx_gpio.o(i.PININT2_IRQHandler) refers to lpc8xx_gpio.o(i.PININT_Handler) for PININT_Handler
    lpc8xx_gpio.o(i.PININT4_IRQHandler) refers to lpc8xx_gpio.o(i.PININT_Handler) for PININT_Handler
    lpc8xx_gpio.o(i.PININT5_IRQHandler) refers to lpc8xx_gpio.o(i.PININT_Handler) for PININT_Handler
    lpc8xx_gpio.o(i.PININT6_IRQHandler) refers to lpc8xx_gpio.o(i.PININT_Handler) for PININT_Handler
    lpc8xx_gpio.o(i.PININT7_IRQHandler) refers to lpc8xx_gpio.o(i.PININT_Handler) for PININT_Handler
    lpc8xx_gpio.o(i.PININT_Handler) refers to lpc8xx_gpio.o(i.__ARM_common_switch8) for __ARM_common_switch8
    lpc8xx_gpio.o(i.PININT_Handler) refers to lpc8xx_gpio.o(.bss) for .bss
    lpc8xx_mrt.o(i.MRT_IRQHandler) refers to lpc8xx_mrt.o(.data) for .data
    lpc8xx_mrt.o(i.init_mrt) refers to lpc8xx_mrt.o(.data) for .data
    lpc8xx_uart.o(i.UART0_IRQHandler) refers to lpc8xx_uart.o(i.UART_Handler) for UART_Handler
    lpc8xx_uart.o(i.UART1_IRQHandler) refers to lpc8xx_uart.o(i.UART_Handler) for UART_Handler
    lpc8xx_uart.o(i.UART2_IRQHandler) refers to lpc8xx_uart.o(i.UART_Handler) for UART_Handler
    lpc8xx_uart.o(i.UARTClock_Init) refers to lpc8xx_uart.o(i.NVIC_DisableIRQ) for NVIC_DisableIRQ
    lpc8xx_uart.o(i.UARTInit) refers to lpc8xx_uart.o(i.UARTClock_Init) for UARTClock_Init
    lpc8xx_uart.o(i.UARTInit) refers to uidiv.o(.text) for __aeabi_uidivmod
    lpc8xx_uart.o(i.UARTInit) refers to lpc8xx_uart.o(i.NVIC_EnableIRQ) for NVIC_EnableIRQ
    lpc8xx_uart.o(i.UARTInit) refers to lpc8xx_uart.o(.data) for .data
    lpc8xx_uart.o(i.UARTInit) refers to system_lpc8xx.o(.data) for SystemCoreClock
    lpc8xx_uart.o(i.UARTSend) refers to lpc8xx_uart.o(.data) for .data
    lpc8xx_uart.o(i.UART_Handler) refers to lpc8xx_uart.o(.data) for .data
    lpc8xx_uart.o(i.UART_Handler) refers to lpc8xx_uart.o(.bss) for .bss
    lpc8xx_uart.o(i.USARTInit) refers to lpc8xx_uart.o(i.NVIC_DisableIRQ) for NVIC_DisableIRQ
    lpc8xx_uart.o(i.USARTInit) refers to lpc8xx_uart.o(i.UARTClock_Init) for UARTClock_Init
    lpc8xx_uart.o(i.USARTInit) refers to uidiv.o(.text) for __aeabi_uidivmod
    lpc8xx_uart.o(i.USARTInit) refers to lpc8xx_uart.o(i.NVIC_EnableIRQ) for NVIC_EnableIRQ
    lpc8xx_uart.o(i.USARTInit) refers to lpc8xx_uart.o(.data) for .data
    lpc8xx_uart.o(i.USARTInit) refers to system_lpc8xx.o(.data) for SystemCoreClock
    main.o(i.main) refers to device_depend.o(i.hardware_init) for hardware_init
    main.o(i.main) refers to device_depend.o(i.uart_init) for uart_init
    main.o(i.main) refers to device_depend.o(i.uart_print) for uart_print
    main.o(i.main) refers to mallocr.o(i.__malloc$realloc) for malloc
    main.o(i.main) refers to ravem.o(i.seekCodeArrtibute) for seekCodeArrtibute
    main.o(i.main) refers to memcpya.o(.text) for __aeabi_memcpy4
    main.o(i.main) refers to ravem.o(i.decodeVM) for decodeVM
    main.o(i.main) refers to mallocr.o(i.realloc) for realloc
    device_depend.o(i.SysTick_Handler) refers to device_depend.o(.data) for .data
    device_depend.o(i.hardware_init) refers to system_lpc8xx.o(i.SystemCoreClockUpdate) for SystemCoreClockUpdate
    device_depend.o(i.hardware_init) refers to device_depend.o(i.setup_systick) for setup_systick
    device_depend.o(i.setup_systick) refers to uidiv.o(.text) for __aeabi_uidivmod
    device_depend.o(i.setup_systick) refers to device_depend.o(i.SysTick_Config) for SysTick_Config
    device_depend.o(i.setup_systick) refers to system_lpc8xx.o(.data) for SystemCoreClock
    device_depend.o(i.time_millis) refers to device_depend.o(.data) for .data
    device_depend.o(i.uart_init) refers to lpc8xx_uart.o(i.UARTInit) for UARTInit
    device_depend.o(i.uart_print) refers to strlen.o(.text) for strlen
    device_depend.o(i.uart_print) refers to lpc8xx_uart.o(i.UARTSend) for UARTSend
    ravem.o(i.bc_seek) refers to memcpya.o(.text) for __aeabi_memcpy
    ravem.o(i.bc_seek) refers to ravem.o(.constdata) for .constdata
    ravem.o(i.bc_seek) refers to ravem.o(.bss) for .bss
    ravem.o(i.changeStackType) refers to memcpya.o(.text) for __aeabi_memcpy4
    ravem.o(i.decodeVM) refers to ravem.o(i.bc_seek) for bc_seek
    ravem.o(i.decodeVM) refers to lpc8xx_gpio.o(i.__ARM_common_switch8) for __ARM_common_switch8
    ravem.o(i.decodeVM) refers to memcpya.o(.text) for __aeabi_memcpy4
    ravem.o(i.decodeVM) refers to ravem.o(i.setStackFromConstantPool) for setStackFromConstantPool
    ravem.o(i.decodeVM) refers to ravem.o(i.setIntegerToStack) for setIntegerToStack
    ravem.o(i.decodeVM) refers to ravem.o(i.getIntegerFromOperandStack) for getIntegerFromOperandStack
    ravem.o(i.decodeVM) refers to ravem.o(i.getField) for getField
    ravem.o(i.decodeVM) refers to ravem.o(i.putField) for putField
    ravem.o(i.decodeVM) refers to ravem.o(i.changeStackType) for changeStackType
    ravem.o(i.decodeVM) refers to ravem.o(i.seekNameAndType_name) for seekNameAndType_name
    ravem.o(i.decodeVM) refers to ravem.o(i.invokevirtual_callFunction) for invokevirtual_callFunction
    ravem.o(i.decodeVM) refers to ravem.o(i.invokestatic_callFunction) for invokestatic_callFunction
    ravem.o(i.getConstantPoolInfo) refers to ravem.o(i.bc_seek) for bc_seek
    ravem.o(i.getConstantPoolInfo) refers to ravem.o(i.getLengthOfConstantInfo) for getLengthOfConstantInfo
    ravem.o(i.getConstantPoolInfo) refers to lpc8xx_gpio.o(i.__ARM_common_switch8) for __ARM_common_switch8
    ravem.o(i.getConstantPoolInfo) refers to memcpya.o(.text) for __aeabi_memcpy
    ravem.o(i.getConstantPoolInfo) refers to ravem.o(.data) for .data
    ravem.o(i.getConstantPoolInfo) refers to ravem.o(.bss) for .bss
    ravem.o(i.getField) refers to memcpya.o(.text) for __aeabi_memcpy4
    ravem.o(i.getIntegerFromOperandStack) refers to ravem.o(i.seekConstClassNumString) for seekConstClassNumString
    ravem.o(i.getIntegerFromOperandStack) refers to memcpya.o(.text) for __aeabi_memcpy4
    ravem.o(i.getLengthOfConstantInfo) refers to lpc8xx_gpio.o(i.__ARM_common_switch8) for __ARM_common_switch8
    ravem.o(i.getStringFromOperandStack) refers to ravem.o(i.seekConstClassNumString) for seekConstClassNumString
    ravem.o(i.getStringFromOperandStack) refers to memcpya.o(.text) for __aeabi_memcpy4
    ravem.o(i.getStringFromOperandStack) refers to printf3.o(i.__0sprintf$3) for __2sprintf
    ravem.o(i.getStringFromOperandStack) refers to ravem.o(.bss) for .bss
    ravem.o(i.invokestatic_callFunction) refers to strncmp.o(.text) for strncmp
    ravem.o(i.invokestatic_callFunction) refers to memcpya.o(.text) for __aeabi_memcpy4
    ravem.o(i.invokestatic_callFunction) refers to ravem.o(i.getIntegerFromOperandStack) for getIntegerFromOperandStack
    ravem.o(i.invokestatic_callFunction) refers to device_depend.o(i.time_millis) for time_millis
    ravem.o(i.invokestatic_callFunction) refers to ravem.o(i.setIntegerToStack) for setIntegerToStack
    ravem.o(i.invokevirtual_callFunction) refers to strncmp.o(.text) for strncmp
    ravem.o(i.invokevirtual_callFunction) refers to memcpya.o(.text) for __aeabi_memcpy4
    ravem.o(i.invokevirtual_callFunction) refers to ravem.o(i.getStringFromOperandStack) for getStringFromOperandStack
    ravem.o(i.invokevirtual_callFunction) refers to printf3.o(i.__0sprintf$3) for __2sprintf
    ravem.o(i.invokevirtual_callFunction) refers to device_depend.o(i.uart_print) for uart_print
    ravem.o(i.invokevirtual_callFunction) refers to device_depend.o(i.uart_read) for uart_read
    ravem.o(i.invokevirtual_callFunction) refers to ravem.o(i.setIntegerToStack) for setIntegerToStack
    ravem.o(i.putField) refers to memcpya.o(.text) for __aeabi_memcpy4
    ravem.o(i.putField) refers to ravem.o(i.getStringFromOperandStack) for getStringFromOperandStack
    ravem.o(i.putField) refers to mallocr.o(i.__free$realloc) for free
    ravem.o(i.putField) refers to strlen.o(.text) for strlen
    ravem.o(i.putField) refers to mallocr.o(i.__malloc$realloc) for malloc
    ravem.o(i.seekClassIndex) refers to ravem.o(i.getConstantPoolInfo) for getConstantPoolInfo
    ravem.o(i.seekClassIndex) refers to memcpya.o(.text) for __aeabi_memcpy4
    ravem.o(i.seekClassIndex) refers to ravem.o(i.seekConstClassNumString) for seekConstClassNumString
    ravem.o(i.seekCodeArrtibute) refers to ravem.o(i.getConstantPoolInfo) for getConstantPoolInfo
    ravem.o(i.seekCodeArrtibute) refers to memcpya.o(.text) for __aeabi_memcpy4
    ravem.o(i.seekCodeArrtibute) refers to ravem.o(i.getLengthOfConstantInfo) for getLengthOfConstantInfo
    ravem.o(i.seekCodeArrtibute) refers to ravem.o(i.bc_seek) for bc_seek
    ravem.o(i.seekCodeArrtibute) refers to strncmp.o(.text) for strncmp
    ravem.o(i.seekCodeArrtibute) refers to ravem.o(.data) for .data
    ravem.o(i.seekConstClassNumString) refers to ravem.o(i.getConstantPoolInfo) for getConstantPoolInfo
    ravem.o(i.seekConstClassNumString) refers to memcpya.o(.text) for __aeabi_memcpy4
    ravem.o(i.seekNameAndType_desc) refers to ravem.o(i.getConstantPoolInfo) for getConstantPoolInfo
    ravem.o(i.seekNameAndType_desc) refers to memcpya.o(.text) for __aeabi_memcpy4
    ravem.o(i.seekNameAndType_desc) refers to ravem.o(i.seekConstClassNumString) for seekConstClassNumString
    ravem.o(i.seekNameAndType_name) refers to ravem.o(i.getConstantPoolInfo) for getConstantPoolInfo
    ravem.o(i.seekNameAndType_name) refers to memcpya.o(.text) for __aeabi_memcpy4
    ravem.o(i.seekNameAndType_name) refers to ravem.o(i.seekConstClassNumString) for seekConstClassNumString
    ravem.o(i.setIntegerToStack) refers to memcpya.o(.text) for __aeabi_memcpy4
    ravem.o(i.setStackFromConstantPool) refers to memcpya.o(.text) for __aeabi_memcpy4
    system_lpc8xx.o(i.SystemCoreClockUpdate) refers to lpc8xx_gpio.o(i.__ARM_common_switch8) for __ARM_common_switch8
    system_lpc8xx.o(i.SystemCoreClockUpdate) refers to uidiv.o(.text) for __aeabi_uidivmod
    system_lpc8xx.o(i.SystemCoreClockUpdate) refers to system_lpc8xx.o(.data) for .data
    startup_lpc8xx.o(RESET) refers to startup_lpc8xx.o(STACK) for __initial_sp
    startup_lpc8xx.o(RESET) refers to startup_lpc8xx.o(.text) for Reset_Handler
    startup_lpc8xx.o(RESET) refers to device_depend.o(i.SysTick_Handler) for SysTick_Handler
    startup_lpc8xx.o(RESET) refers to lpc8xx_uart.o(i.UART0_IRQHandler) for UART0_IRQHandler
    startup_lpc8xx.o(RESET) refers to lpc8xx_uart.o(i.UART1_IRQHandler) for UART1_IRQHandler
    startup_lpc8xx.o(RESET) refers to lpc8xx_uart.o(i.UART2_IRQHandler) for UART2_IRQHandler
    startup_lpc8xx.o(RESET) refers to lpc8xx_mrt.o(i.MRT_IRQHandler) for MRT_IRQHandler
    startup_lpc8xx.o(RESET) refers to lpc8xx_gpio.o(i.PININT0_IRQHandler) for PININT0_IRQHandler
    startup_lpc8xx.o(RESET) refers to lpc8xx_gpio.o(i.PININT1_IRQHandler) for PININT1_IRQHandler
    startup_lpc8xx.o(RESET) refers to lpc8xx_gpio.o(i.PININT2_IRQHandler) for PININT2_IRQHandler
    startup_lpc8xx.o(RESET) refers to lpc8xx_gpio.o(i.PININT4_IRQHandler) for PININT4_IRQHandler
    startup_lpc8xx.o(RESET) refers to lpc8xx_gpio.o(i.PININT5_IRQHandler) for PININT5_IRQHandler
    startup_lpc8xx.o(RESET) refers to lpc8xx_gpio.o(i.PININT6_IRQHandler) for PININT6_IRQHandler
    startup_lpc8xx.o(RESET) refers to lpc8xx_gpio.o(i.PININT7_IRQHandler) for PININT7_IRQHandler
    startup_lpc8xx.o(.text) refers to system_lpc8xx.o(i.SystemInit) for SystemInit
    startup_lpc8xx.o(.text) refers to entry.o(.ARM.Collect$$$$00000000) for __main
    entry.o(.ARM.Collect$$$$00000000) refers (Special) to entry10a.o(.ARM.Collect$$$$0000000D) for __rt_final_cpp
    entry.o(.ARM.Collect$$$$00000000) refers (Special) to entry11a.o(.ARM.Collect$$$$0000000F) for __rt_final_exit
    entry.o(.ARM.Collect$$$$00000000) refers (Special) to entry7b.o(.ARM.Collect$$$$00000008) for _main_clock
    entry.o(.ARM.Collect$$$$00000000) refers (Special) to entry8b.o(.ARM.Collect$$$$0000000A) for _main_cpp_init
    entry.o(.ARM.Collect$$$$00000000) refers (Special) to entry9a.o(.ARM.Collect$$$$0000000B) for _main_init
    entry.o(.ARM.Collect$$$$00000000) refers (Special) to entry5.o(.ARM.Collect$$$$00000004) for _main_scatterload
    entry.o(.ARM.Collect$$$$00000000) refers (Special) to entry2.o(.ARM.Collect$$$$00000001) for _main_stk
    printfb.o(i.__0fprintf$bare) refers to printfb.o(i._printf_core) for _printf_core
    printfb.o(i.__0fprintf$bare) refers to fputc.o(i.fputc) for fputc
    printfb.o(i.__0printf$bare) refers to printfb.o(i._printf_core) for _printf_core
    printfb.o(i.__0printf$bare) refers to fputc.o(i.fputc) for fputc
    printfb.o(i.__0printf$bare) refers to stdout.o(.data) for __stdout
    printfb.o(i.__0snprintf$bare) refers to printfb.o(i._printf_core) for _printf_core
    printfb.o(i.__0snprintf$bare) refers to printfb.o(i._snputc) for _snputc
    printfb.o(i.__0sprintf$bare) refers to printfb.o(i._printf_core) for _printf_core
    printfb.o(i.__0sprintf$bare) refers to printfb.o(i._sputc) for _sputc
    printfb.o(i.__0vfprintf$bare) refers to printfb.o(i._printf_core) for _printf_core
    printfb.o(i.__0vfprintf$bare) refers to fputc.o(i.fputc) for fputc
    printfb.o(i.__0vprintf$bare) refers to printfb.o(i._printf_core) for _printf_core
    printfb.o(i.__0vprintf$bare) refers to fputc.o(i.fputc) for fputc
    printfb.o(i.__0vprintf$bare) refers to stdout.o(.data) for __stdout
    printfb.o(i.__0vsnprintf$bare) refers to printfb.o(i._printf_core) for _printf_core
    printfb.o(i.__0vsnprintf$bare) refers to printfb.o(i._snputc) for _snputc
    printfb.o(i.__0vsprintf$bare) refers to printfb.o(i._printf_core) for _printf_core
    printfb.o(i.__0vsprintf$bare) refers to printfb.o(i._sputc) for _sputc
    printf0.o(i.__0fprintf$0) refers to printf0.o(i._printf_core) for _printf_core
    printf0.o(i.__0fprintf$0) refers to fputc.o(i.fputc) for fputc
    printf0.o(i.__0printf$0) refers to printf0.o(i._printf_core) for _printf_core
    printf0.o(i.__0printf$0) refers to fputc.o(i.fputc) for fputc
    printf0.o(i.__0printf$0) refers to stdout.o(.data) for __stdout
    printf0.o(i.__0snprintf$0) refers to printf0.o(i._printf_core) for _printf_core
    printf0.o(i.__0snprintf$0) refers to printf0.o(i._snputc) for _snputc
    printf0.o(i.__0sprintf$0) refers to printf0.o(i._printf_core) for _printf_core
    printf0.o(i.__0sprintf$0) refers to printf0.o(i._sputc) for _sputc
    printf0.o(i.__0vfprintf$0) refers to printf0.o(i._printf_core) for _printf_core
    printf0.o(i.__0vfprintf$0) refers to fputc.o(i.fputc) for fputc
    printf0.o(i.__0vprintf$0) refers to printf0.o(i._printf_core) for _printf_core
    printf0.o(i.__0vprintf$0) refers to fputc.o(i.fputc) for fputc
    printf0.o(i.__0vprintf$0) refers to stdout.o(.data) for __stdout
    printf0.o(i.__0vsnprintf$0) refers to printf0.o(i._printf_core) for _printf_core
    printf0.o(i.__0vsnprintf$0) refers to printf0.o(i._snputc) for _snputc
    printf0.o(i.__0vsprintf$0) refers to printf0.o(i._printf_core) for _printf_core
    printf0.o(i.__0vsprintf$0) refers to printf0.o(i._sputc) for _sputc
    printf1.o(i.__0fprintf$1) refers to printf1.o(i._printf_core) for _printf_core
    printf1.o(i.__0fprintf$1) refers to fputc.o(i.fputc) for fputc
    printf1.o(i.__0printf$1) refers to printf1.o(i._printf_core) for _printf_core
    printf1.o(i.__0printf$1) refers to fputc.o(i.fputc) for fputc
    printf1.o(i.__0printf$1) refers to stdout.o(.data) for __stdout
    printf1.o(i.__0snprintf$1) refers to printf1.o(i._printf_core) for _printf_core
    printf1.o(i.__0snprintf$1) refers to printf1.o(i._snputc) for _snputc
    printf1.o(i.__0sprintf$1) refers to printf1.o(i._printf_core) for _printf_core
    printf1.o(i.__0sprintf$1) refers to printf1.o(i._sputc) for _sputc
    printf1.o(i.__0vfprintf$1) refers to printf1.o(i._printf_core) for _printf_core
    printf1.o(i.__0vfprintf$1) refers to fputc.o(i.fputc) for fputc
    printf1.o(i.__0vprintf$1) refers to printf1.o(i._printf_core) for _printf_core
    printf1.o(i.__0vprintf$1) refers to fputc.o(i.fputc) for fputc
    printf1.o(i.__0vprintf$1) refers to stdout.o(.data) for __stdout
    printf1.o(i.__0vsnprintf$1) refers to printf1.o(i._printf_core) for _printf_core
    printf1.o(i.__0vsnprintf$1) refers to printf1.o(i._snputc) for _snputc
    printf1.o(i.__0vsprintf$1) refers to printf1.o(i._printf_core) for _printf_core
    printf1.o(i.__0vsprintf$1) refers to printf1.o(i._sputc) for _sputc
    printf1.o(i._printf_core) refers to uidiv.o(.text) for __aeabi_uidivmod
    printf2.o(i.__0fprintf$2) refers to printf2.o(i._printf_core) for _printf_core
    printf2.o(i.__0fprintf$2) refers to fputc.o(i.fputc) for fputc
    printf2.o(i.__0printf$2) refers to printf2.o(i._printf_core) for _printf_core
    printf2.o(i.__0printf$2) refers to fputc.o(i.fputc) for fputc
    printf2.o(i.__0printf$2) refers to stdout.o(.data) for __stdout
    printf2.o(i.__0snprintf$2) refers to printf2.o(i._printf_core) for _printf_core
    printf2.o(i.__0snprintf$2) refers to printf2.o(i._snputc) for _snputc
    printf2.o(i.__0sprintf$2) refers to printf2.o(i._printf_core) for _printf_core
    printf2.o(i.__0sprintf$2) refers to printf2.o(i._sputc) for _sputc
    printf2.o(i.__0vfprintf$2) refers to printf2.o(i._printf_core) for _printf_core
    printf2.o(i.__0vfprintf$2) refers to fputc.o(i.fputc) for fputc
    printf2.o(i.__0vprintf$2) refers to printf2.o(i._printf_core) for _printf_core
    printf2.o(i.__0vprintf$2) refers to fputc.o(i.fputc) for fputc
    printf2.o(i.__0vprintf$2) refers to stdout.o(.data) for __stdout
    printf2.o(i.__0vsnprintf$2) refers to printf2.o(i._printf_core) for _printf_core
    printf2.o(i.__0vsnprintf$2) refers to printf2.o(i._snputc) for _snputc
    printf2.o(i.__0vsprintf$2) refers to printf2.o(i._printf_core) for _printf_core
    printf2.o(i.__0vsprintf$2) refers to printf2.o(i._sputc) for _sputc
    printf3.o(i.__0fprintf$3) refers to printf3.o(i._printf_core) for _printf_core
    printf3.o(i.__0fprintf$3) refers to fputc.o(i.fputc) for fputc
    printf3.o(i.__0printf$3) refers to printf3.o(i._printf_core) for _printf_core
    printf3.o(i.__0printf$3) refers to fputc.o(i.fputc) for fputc
    printf3.o(i.__0printf$3) refers to stdout.o(.data) for __stdout
    printf3.o(i.__0snprintf$3) refers to printf3.o(i._printf_core) for _printf_core
    printf3.o(i.__0snprintf$3) refers to printf3.o(i._snputc) for _snputc
    printf3.o(i.__0sprintf$3) refers to printf3.o(i._printf_core) for _printf_core
    printf3.o(i.__0sprintf$3) refers to printf3.o(i._sputc) for _sputc
    printf3.o(i.__0vfprintf$3) refers to printf3.o(i._printf_core) for _printf_core
    printf3.o(i.__0vfprintf$3) refers to fputc.o(i.fputc) for fputc
    printf3.o(i.__0vprintf$3) refers to printf3.o(i._printf_core) for _printf_core
    printf3.o(i.__0vprintf$3) refers to fputc.o(i.fputc) for fputc
    printf3.o(i.__0vprintf$3) refers to stdout.o(.data) for __stdout
    printf3.o(i.__0vsnprintf$3) refers to printf3.o(i._printf_core) for _printf_core
    printf3.o(i.__0vsnprintf$3) refers to printf3.o(i._snputc) for _snputc
    printf3.o(i.__0vsprintf$3) refers to printf3.o(i._printf_core) for _printf_core
    printf3.o(i.__0vsprintf$3) refers to printf3.o(i._sputc) for _sputc
    printf3.o(i._printf_core) refers to uidiv.o(.text) for __aeabi_uidivmod
    printf4.o(i.__0fprintf$4) refers to printf4.o(i._printf_core) for _printf_core
    printf4.o(i.__0fprintf$4) refers to fputc.o(i.fputc) for fputc
    printf4.o(i.__0printf$4) refers to printf4.o(i._printf_core) for _printf_core
    printf4.o(i.__0printf$4) refers to fputc.o(i.fputc) for fputc
    printf4.o(i.__0printf$4) refers to stdout.o(.data) for __stdout
    printf4.o(i.__0snprintf$4) refers to printf4.o(i._printf_core) for _printf_core
    printf4.o(i.__0snprintf$4) refers to printf4.o(i._snputc) for _snputc
    printf4.o(i.__0sprintf$4) refers to printf4.o(i._printf_core) for _printf_core
    printf4.o(i.__0sprintf$4) refers to printf4.o(i._sputc) for _sputc
    printf4.o(i.__0vfprintf$4) refers to printf4.o(i._printf_core) for _printf_core
    printf4.o(i.__0vfprintf$4) refers to fputc.o(i.fputc) for fputc
    printf4.o(i.__0vprintf$4) refers to printf4.o(i._printf_core) for _printf_core
    printf4.o(i.__0vprintf$4) refers to fputc.o(i.fputc) for fputc
    printf4.o(i.__0vprintf$4) refers to stdout.o(.data) for __stdout
    printf4.o(i.__0vsnprintf$4) refers to printf4.o(i._printf_core) for _printf_core
    printf4.o(i.__0vsnprintf$4) refers to printf4.o(i._snputc) for _snputc
    printf4.o(i.__0vsprintf$4) refers to printf4.o(i._printf_core) for _printf_core
    printf4.o(i.__0vsprintf$4) refers to printf4.o(i._sputc) for _sputc
    printf4.o(i._printf_core) refers to uldiv.o(.text) for __aeabi_uldivmod
    printf5.o(i.__0fprintf$5) refers to printf5.o(i._printf_core) for _printf_core
    printf5.o(i.__0fprintf$5) refers to fputc.o(i.fputc) for fputc
    printf5.o(i.__0printf$5) refers to printf5.o(i._printf_core) for _printf_core
    printf5.o(i.__0printf$5) refers to fputc.o(i.fputc) for fputc
    printf5.o(i.__0printf$5) refers to stdout.o(.data) for __stdout
    printf5.o(i.__0snprintf$5) refers to printf5.o(i._printf_core) for _printf_core
    printf5.o(i.__0snprintf$5) refers to printf5.o(i._snputc) for _snputc
    printf5.o(i.__0sprintf$5) refers to printf5.o(i._printf_core) for _printf_core
    printf5.o(i.__0sprintf$5) refers to printf5.o(i._sputc) for _sputc
    printf5.o(i.__0vfprintf$5) refers to printf5.o(i._printf_core) for _printf_core
    printf5.o(i.__0vfprintf$5) refers to fputc.o(i.fputc) for fputc
    printf5.o(i.__0vprintf$5) refers to printf5.o(i._printf_core) for _printf_core
    printf5.o(i.__0vprintf$5) refers to fputc.o(i.fputc) for fputc
    printf5.o(i.__0vprintf$5) refers to stdout.o(.data) for __stdout
    printf5.o(i.__0vsnprintf$5) refers to printf5.o(i._printf_core) for _printf_core
    printf5.o(i.__0vsnprintf$5) refers to printf5.o(i._snputc) for _snputc
    printf5.o(i.__0vsprintf$5) refers to printf5.o(i._printf_core) for _printf_core
    printf5.o(i.__0vsprintf$5) refers to printf5.o(i._sputc) for _sputc
    printf5.o(i._printf_core) refers to uldiv.o(.text) for __aeabi_uldivmod
    printf6.o(i.__0fprintf$6) refers to printf6.o(i._printf_core) for _printf_core
    printf6.o(i.__0fprintf$6) refers to fputc.o(i.fputc) for fputc
    printf6.o(i.__0printf$6) refers to printf6.o(i._printf_core) for _printf_core
    printf6.o(i.__0printf$6) refers to fputc.o(i.fputc) for fputc
    printf6.o(i.__0printf$6) refers to stdout.o(.data) for __stdout
    printf6.o(i.__0snprintf$6) refers to printf6.o(i._printf_core) for _printf_core
    printf6.o(i.__0snprintf$6) refers to printf6.o(i._snputc) for _snputc
    printf6.o(i.__0sprintf$6) refers to printf6.o(i._printf_core) for _printf_core
    printf6.o(i.__0sprintf$6) refers to printf6.o(i._sputc) for _sputc
    printf6.o(i.__0vfprintf$6) refers to printf6.o(i._printf_core) for _printf_core
    printf6.o(i.__0vfprintf$6) refers to fputc.o(i.fputc) for fputc
    printf6.o(i.__0vprintf$6) refers to printf6.o(i._printf_core) for _printf_core
    printf6.o(i.__0vprintf$6) refers to fputc.o(i.fputc) for fputc
    printf6.o(i.__0vprintf$6) refers to stdout.o(.data) for __stdout
    printf6.o(i.__0vsnprintf$6) refers to printf6.o(i._printf_core) for _printf_core
    printf6.o(i.__0vsnprintf$6) refers to printf6.o(i._snputc) for _snputc
    printf6.o(i.__0vsprintf$6) refers to printf6.o(i._printf_core) for _printf_core
    printf6.o(i.__0vsprintf$6) refers to printf6.o(i._sputc) for _sputc
    printf6.o(i._printf_core) refers to printf6.o(i._printf_pre_padding) for _printf_pre_padding
    printf6.o(i._printf_core) refers to printf6.o(i._printf_post_padding) for _printf_post_padding
    printf6.o(i._printf_core) refers to uidiv.o(.text) for __aeabi_uidivmod
    printf7.o(i.__0fprintf$7) refers to printf7.o(i._printf_core) for _printf_core
    printf7.o(i.__0fprintf$7) refers to fputc.o(i.fputc) for fputc
    printf7.o(i.__0printf$7) refers to printf7.o(i._printf_core) for _printf_core
    printf7.o(i.__0printf$7) refers to fputc.o(i.fputc) for fputc
    printf7.o(i.__0printf$7) refers to stdout.o(.data) for __stdout
    printf7.o(i.__0snprintf$7) refers to printf7.o(i._printf_core) for _printf_core
    printf7.o(i.__0snprintf$7) refers to printf7.o(i._snputc) for _snputc
    printf7.o(i.__0sprintf$7) refers to printf7.o(i._printf_core) for _printf_core
    printf7.o(i.__0sprintf$7) refers to printf7.o(i._sputc) for _sputc
    printf7.o(i.__0vfprintf$7) refers to printf7.o(i._printf_core) for _printf_core
    printf7.o(i.__0vfprintf$7) refers to fputc.o(i.fputc) for fputc
    printf7.o(i.__0vprintf$7) refers to printf7.o(i._printf_core) for _printf_core
    printf7.o(i.__0vprintf$7) refers to fputc.o(i.fputc) for fputc
    printf7.o(i.__0vprintf$7) refers to stdout.o(.data) for __stdout
    printf7.o(i.__0vsnprintf$7) refers to printf7.o(i._printf_core) for _printf_core
    printf7.o(i.__0vsnprintf$7) refers to printf7.o(i._snputc) for _snputc
    printf7.o(i.__0vsprintf$7) refers to printf7.o(i._printf_core) for _printf_core
    printf7.o(i.__0vsprintf$7) refers to printf7.o(i._sputc) for _sputc
    printf7.o(i._printf_core) refers to printf7.o(i._printf_pre_padding) for _printf_pre_padding
    printf7.o(i._printf_core) refers to printf7.o(i._printf_post_padding) for _printf_post_padding
    printf7.o(i._printf_core) refers to uldiv.o(.text) for __aeabi_uldivmod
    printf8.o(i.__0fprintf$8) refers to printf8.o(i._printf_core) for _printf_core
    printf8.o(i.__0fprintf$8) refers to fputc.o(i.fputc) for fputc
    printf8.o(i.__0printf$8) refers to printf8.o(i._printf_core) for _printf_core
    printf8.o(i.__0printf$8) refers to fputc.o(i.fputc) for fputc
    printf8.o(i.__0printf$8) refers to stdout.o(.data) for __stdout
    printf8.o(i.__0snprintf$8) refers to printf8.o(i._printf_core) for _printf_core
    printf8.o(i.__0snprintf$8) refers to printf8.o(i._snputc) for _snputc
    printf8.o(i.__0sprintf$8) refers to printf8.o(i._printf_core) for _printf_core
    printf8.o(i.__0sprintf$8) refers to printf8.o(i._sputc) for _sputc
    printf8.o(i.__0vfprintf$8) refers to printf8.o(i._printf_core) for _printf_core
    printf8.o(i.__0vfprintf$8) refers to fputc.o(i.fputc) for fputc
    printf8.o(i.__0vprintf$8) refers to printf8.o(i._printf_core) for _printf_core
    printf8.o(i.__0vprintf$8) refers to fputc.o(i.fputc) for fputc
    printf8.o(i.__0vprintf$8) refers to stdout.o(.data) for __stdout
    printf8.o(i.__0vsnprintf$8) refers to printf8.o(i._printf_core) for _printf_core
    printf8.o(i.__0vsnprintf$8) refers to printf8.o(i._snputc) for _snputc
    printf8.o(i.__0vsprintf$8) refers to printf8.o(i._printf_core) for _printf_core
    printf8.o(i.__0vsprintf$8) refers to printf8.o(i._sputc) for _sputc
    printf8.o(i._printf_core) refers to printf8.o(i._printf_pre_padding) for _printf_pre_padding
    printf8.o(i._printf_core) refers to printf8.o(i._printf_post_padding) for _printf_post_padding
    printf8.o(i._printf_core) refers to uldiv.o(.text) for __aeabi_uldivmod
    printfa.o(i.__0fprintf) refers (Special) to iusefp.o(.text) for __I$use$fp
    printfa.o(i.__0fprintf) refers to printfa.o(i._printf_core) for _printf_core
    printfa.o(i.__0fprintf) refers to fputc.o(i.fputc) for fputc
    printfa.o(i.__0printf) refers (Special) to iusefp.o(.text) for __I$use$fp
    printfa.o(i.__0printf) refers to printfa.o(i._printf_core) for _printf_core
    printfa.o(i.__0printf) refers to fputc.o(i.fputc) for fputc
    printfa.o(i.__0printf) refers to stdout.o(.data) for __stdout
    printfa.o(i.__0snprintf) refers (Special) to iusefp.o(.text) for __I$use$fp
    printfa.o(i.__0snprintf) refers to printfa.o(i._printf_core) for _printf_core
    printfa.o(i.__0snprintf) refers to printfa.o(i._snputc) for _snputc
    printfa.o(i.__0sprintf) refers (Special) to iusefp.o(.text) for __I$use$fp
    printfa.o(i.__0sprintf) refers to printfa.o(i._printf_core) for _printf_core
    printfa.o(i.__0sprintf) refers to printfa.o(i._sputc) for _sputc
    printfa.o(i.__0vfprintf) refers (Special) to iusefp.o(.text) for __I$use$fp
    printfa.o(i.__0vfprintf) refers to printfa.o(i._printf_core) for _printf_core
    printfa.o(i.__0vfprintf) refers to fputc.o(i.fputc) for fputc
    printfa.o(i.__0vprintf) refers (Special) to iusefp.o(.text) for __I$use$fp
    printfa.o(i.__0vprintf) refers to printfa.o(i._printf_core) for _printf_core
    printfa.o(i.__0vprintf) refers to fputc.o(i.fputc) for fputc
    printfa.o(i.__0vprintf) refers to stdout.o(.data) for __stdout
    printfa.o(i.__0vsnprintf) refers (Special) to iusefp.o(.text) for __I$use$fp
    printfa.o(i.__0vsnprintf) refers to printfa.o(i._printf_core) for _printf_core
    printfa.o(i.__0vsnprintf) refers to printfa.o(i._snputc) for _snputc
    printfa.o(i.__0vsprintf) refers (Special) to iusefp.o(.text) for __I$use$fp
    printfa.o(i.__0vsprintf) refers to printfa.o(i._printf_core) for _printf_core
    printfa.o(i.__0vsprintf) refers to printfa.o(i._sputc) for _sputc
    printfa.o(i._fp_digits) refers (Special) to iusefp.o(.text) for __I$use$fp
    printfa.o(i._fp_digits) refers to dmul.o(.text) for __aeabi_dmul
    printfa.o(i._fp_digits) refers to ddiv.o(.text) for __aeabi_ddiv
    printfa.o(i._fp_digits) refers to cdrcmple.o(.text) for __aeabi_cdrcmple
    printfa.o(i._fp_digits) refers to dadd.o(.text) for __aeabi_dadd
    printfa.o(i._fp_digits) refers to dfixul.o(.text) for __aeabi_d2ulz
    printfa.o(i._fp_digits) refers to uldiv.o(.text) for __aeabi_uldivmod
    printfa.o(i._printf_core) refers (Special) to iusefp.o(.text) for __I$use$fp
    printfa.o(i._printf_core) refers to printfa.o(i._printf_pre_padding) for _printf_pre_padding
    printfa.o(i._printf_core) refers to uldiv.o(.text) for __aeabi_uldivmod
    printfa.o(i._printf_core) refers to printfa.o(i._printf_post_padding) for _printf_post_padding
    printfa.o(i._printf_core) refers to printfa.o(i._fp_digits) for _fp_digits
    printfa.o(i._printf_core) refers to uidiv.o(.text) for __aeabi_uidivmod
    printfa.o(i._printf_post_padding) refers (Special) to iusefp.o(.text) for __I$use$fp
    printfa.o(i._printf_pre_padding) refers (Special) to iusefp.o(.text) for __I$use$fp
    printfa.o(i._snputc) refers (Special) to iusefp.o(.text) for __I$use$fp
    printfa.o(i._sputc) refers (Special) to iusefp.o(.text) for __I$use$fp
    malloc.o(i.free) refers to mvars.o(.data) for __microlib_freelist
    malloc.o(i.malloc) refers to mvars.o(.data) for __microlib_freelist_initialised
    malloc.o(i.malloc) refers to mvars.o(.data) for __microlib_freelist
    malloc.o(i.malloc) refers to startup_lpc8xx.o(HEAP) for __heap_base
    mallocr.o(i.__free$realloc) refers to mvars.o(.data) for __microlib_freelist
    mallocr.o(i.__malloc$realloc) refers to mallocr.o(i.internal_alloc) for internal_alloc
    mallocr.o(i.__malloc$realloc) refers to mvars.o(.data) for __microlib_freelist_initialised
    mallocr.o(i.__malloc$realloc) refers to startup_lpc8xx.o(HEAP) for __heap_base
    mallocr.o(i.__malloc$realloc) refers to mvars.o(.data) for __microlib_freelist
    mallocr.o(i.internal_alloc) refers to memcpya.o(.text) for __aeabi_memcpy
    mallocr.o(i.internal_alloc) refers to mvars.o(.data) for __microlib_freelist
    mallocr.o(i.realloc) refers to mallocr.o(i.__free$realloc) for free
    mallocr.o(i.realloc) refers to mallocr.o(i.internal_alloc) for internal_alloc
    mallocr.o(i.realloc) refers to mallocr.o(i.__malloc$realloc) for malloc
    mallocr.o(i.realloc) refers to mvars.o(.data) for __microlib_freelist
    malloca.o(i.__aligned_malloc) refers to mvars.o(.data) for __microlib_freelist
    malloca.o(i.__aligned_malloc) refers to mvars.o(.data) for __microlib_freelist_initialised
    malloca.o(i.__aligned_malloc) refers to startup_lpc8xx.o(HEAP) for __heap_base
    malloca.o(i.__free$memalign) refers to mvars.o(.data) for __microlib_freelist
    malloca.o(i.__malloc$memalign) refers to malloca.o(i.__aligned_malloc) for __aligned_malloc
    mallocra.o(i.__aligned_malloc$realloc) refers to mallocra.o(i.internal_alloc) for internal_alloc
    mallocra.o(i.__aligned_malloc$realloc) refers to startup_lpc8xx.o(HEAP) for __heap_base
    mallocra.o(i.__aligned_malloc$realloc) refers to mvars.o(.data) for __microlib_freelist
    mallocra.o(i.__aligned_malloc$realloc) refers to mvars.o(.data) for __microlib_freelist_initialised
    mallocra.o(i.__free$realloc$memalign) refers to mvars.o(.data) for __microlib_freelist
    mallocra.o(i.__malloc$realloc$memalign) refers to mallocra.o(i.__aligned_malloc$realloc) for __aligned_malloc$realloc
    mallocra.o(i.__realloc$memalign) refers to mallocra.o(i.__free$realloc$memalign) for __free$realloc$memalign
    mallocra.o(i.__realloc$memalign) refers to mallocra.o(i.internal_alloc) for internal_alloc
    mallocra.o(i.__realloc$memalign) refers to mallocra.o(i.__malloc$realloc$memalign) for __malloc$realloc$memalign
    mallocra.o(i.__realloc$memalign) refers to mvars.o(.data) for __microlib_freelist
    mallocra.o(i.internal_alloc) refers to memcpya.o(.text) for __aeabi_memcpy
    mallocra.o(i.internal_alloc) refers to mvars.o(.data) for __microlib_freelist
    entry2.o(.ARM.Collect$$$$00000001) refers to entry2.o(.ARM.Collect$$$$00002712) for __lit__00000000
    entry2.o(.ARM.Collect$$$$00002712) refers to startup_lpc8xx.o(STACK) for __initial_sp
    entry2.o(__vectab_stack_and_reset_area) refers to startup_lpc8xx.o(STACK) for __initial_sp
    entry2.o(__vectab_stack_and_reset_area) refers to entry.o(.ARM.Collect$$$$00000000) for __main
    entry5.o(.ARM.Collect$$$$00000004) refers to init.o(.text) for __scatterload
    entry9a.o(.ARM.Collect$$$$0000000B) refers to main.o(i.main) for main
    entry9b.o(.ARM.Collect$$$$0000000C) refers to main.o(i.main) for main
    fputc.o(i.fputc) refers (Special) to iusesemip.o(.text) for __I$use$semihosting$fputc
    fputc.o(i.fputc) refers (Special) to semi.o(.text) for __semihosting_library_function
    uldiv.o(.text) refers to llushr.o(.text) for __aeabi_llsr
    uldiv.o(.text) refers to llshl.o(.text) for __aeabi_llsl
    dadd.o(.text) refers to llshl.o(.text) for __aeabi_llsl
    dadd.o(.text) refers to llsshr.o(.text) for __aeabi_lasr
    dadd.o(.text) refers to depilogue.o(.text) for _double_epilogue
    dmul.o(.text) refers to depilogue.o(.text) for _double_epilogue
    ddiv.o(.text) refers to depilogue.o(.text) for _double_round
    dfixul.o(.text) refers to llushr.o(.text) for __aeabi_llsr
    dfixul.o(.text) refers to llshl.o(.text) for __aeabi_llsl
    init.o(.text) refers to entry5.o(.ARM.Collect$$$$00000004) for __main_after_scatterload
    depilogue.o(.text) refers to depilogue.o(i.__ARM_clz) for __ARM_clz
    depilogue.o(.text) refers to llshl.o(.text) for __aeabi_llsl
    depilogue.o(.text) refers to llushr.o(.text) for __aeabi_llsr


==============================================================================

Removing Unused input sections from the image.

    Removing lpc8xx_gpio.o(.rev16_text), (4 bytes).
    Removing lpc8xx_gpio.o(.revsh_text), (4 bytes).
    Removing lpc8xx_gpio.o(i.GPIOGetPinValue), (36 bytes).
    Removing lpc8xx_gpio.o(i.GPIOInit), (36 bytes).
    Removing lpc8xx_gpio.o(i.GPIOPatternMatchEnable), (40 bytes).
    Removing lpc8xx_gpio.o(i.GPIOPatternMatchInit), (16 bytes).
    Removing lpc8xx_gpio.o(i.GPIOPinIntClear), (20 bytes).
    Removing lpc8xx_gpio.o(i.GPIOPinIntDisable), (40 bytes).
    Removing lpc8xx_gpio.o(i.GPIOPinIntEnable), (40 bytes).
    Removing lpc8xx_gpio.o(i.GPIOPinIntStatus), (24 bytes).
    Removing lpc8xx_gpio.o(i.GPIOSetBitValue), (24 bytes).
    Removing lpc8xx_gpio.o(i.GPIOSetDir), (28 bytes).
    Removing lpc8xx_gpio.o(i.GPIOSetPatternMatchInput), (16 bytes).
    Removing lpc8xx_gpio.o(i.GPIOSetPatternMatchSlice), (84 bytes).
    Removing lpc8xx_gpio.o(i.GPIOSetPinInterrupt), (100 bytes).
    Removing lpc8xx_gpio.o(i.PIN3_IRQHandler), (10 bytes).
    Removing lpc8xx_gpio.o(.data), (4 bytes).
    Removing lpc8xx_gpio.o(.data), (4 bytes).
    Removing lpc8xx_gpio.o(.data), (4 bytes).
    Removing lpc8xx_gpio.o(.data), (4 bytes).
    Removing lpc8xx_gpio.o(.data), (4 bytes).
    Removing lpc8xx_gpio.o(.data), (4 bytes).
    Removing lpc8xx_mrt.o(.rev16_text), (4 bytes).
    Removing lpc8xx_mrt.o(.revsh_text), (4 bytes).
    Removing lpc8xx_mrt.o(i.delayMs), (24 bytes).
    Removing lpc8xx_mrt.o(i.init_mrt), (76 bytes).
    Removing lpc8xx_uart.o(.rev16_text), (4 bytes).
    Removing lpc8xx_uart.o(.revsh_text), (4 bytes).
    Removing lpc8xx_uart.o(i.USARTInit), (124 bytes).
    Removing lpc8xx_uart.o(.bss), (32 bytes).
    Removing lpc8xx_uart.o(.data), (4 bytes).
    Removing lpc8xx_uart.o(.data), (4 bytes).
    Removing lpc8xx_uart.o(.data), (4 bytes).
    Removing lpc8xx_uart.o(.data), (4 bytes).
    Removing lpc8xx_uart.o(.data), (4 bytes).
    Removing lpc8xx_uart.o(.data), (4 bytes).
    Removing main.o(.rev16_text), (4 bytes).
    Removing main.o(.revsh_text), (4 bytes).
    Removing device_depend.o(.rev16_text), (4 bytes).
    Removing device_depend.o(.revsh_text), (4 bytes).
    Removing ravem.o(.rev16_text), (4 bytes).
    Removing ravem.o(.revsh_text), (4 bytes).
    Removing ravem.o(i.seekClassIndex), (64 bytes).
    Removing ravem.o(i.seekNameAndType_desc), (88 bytes).
    Removing system_lpc8xx.o(.rev16_text), (4 bytes).
    Removing system_lpc8xx.o(.revsh_text), (4 bytes).
    Removing dadd.o(.text), (356 bytes).
    Removing dmul.o(.text), (208 bytes).
    Removing ddiv.o(.text), (240 bytes).
    Removing dfixul.o(.text), (64 bytes).
    Removing cdrcmple.o(.text), (40 bytes).
    Removing depilogue.o(.text), (192 bytes).
    Removing depilogue.o(i.__ARM_clz), (46 bytes).

53 unused section(s) (total 2172 bytes) removed from the image.

==============================================================================

Image Symbol Table

    Local Symbols

    Symbol Name                              Value     Ov Type        Size  Object(Section)

    RESET                                    0x00000000   Section      192  startup_lpc8xx.o(RESET)
    ../clib/microlib/division.c              0x00000000   Number         0  uidiv.o ABSOLUTE
    ../clib/microlib/division.c              0x00000000   Number         0  uldiv.o ABSOLUTE
    ../clib/microlib/init/entry.s            0x00000000   Number         0  entry7b.o ABSOLUTE
    ../clib/microlib/init/entry.s            0x00000000   Number         0  entry11a.o ABSOLUTE
    ../clib/microlib/init/entry.s            0x00000000   Number         0  entry11b.o ABSOLUTE
    ../clib/microlib/init/entry.s            0x00000000   Number         0  entry8a.o ABSOLUTE
    ../clib/microlib/init/entry.s            0x00000000   Number         0  entry.o ABSOLUTE
    ../clib/microlib/init/entry.s            0x00000000   Number         0  entry9b.o ABSOLUTE
    ../clib/microlib/init/entry.s            0x00000000   Number         0  entry8b.o ABSOLUTE
    ../clib/microlib/init/entry.s            0x00000000   Number         0  entry2.o ABSOLUTE
    ../clib/microlib/init/entry.s            0x00000000   Number         0  entry9a.o ABSOLUTE
    ../clib/microlib/init/entry.s            0x00000000   Number         0  entry5.o ABSOLUTE
    ../clib/microlib/init/entry.s            0x00000000   Number         0  entry7a.o ABSOLUTE
    ../clib/microlib/init/entry.s            0x00000000   Number         0  entry10a.o ABSOLUTE
    ../clib/microlib/init/entry.s            0x00000000   Number         0  entry10b.o ABSOLUTE
    ../clib/microlib/longlong.c              0x00000000   Number         0  llshl.o ABSOLUTE
    ../clib/microlib/longlong.c              0x00000000   Number         0  llushr.o ABSOLUTE
    ../clib/microlib/longlong.c              0x00000000   Number         0  llsshr.o ABSOLUTE
    ../clib/microlib/malloc/malloc.c         0x00000000   Number         0  mallocr.o ABSOLUTE
    ../clib/microlib/malloc/malloc.c         0x00000000   Number         0  malloc.o ABSOLUTE
    ../clib/microlib/malloc/malloc.c         0x00000000   Number         0  malloca.o ABSOLUTE
    ../clib/microlib/malloc/malloc.c         0x00000000   Number         0  mallocra.o ABSOLUTE
    ../clib/microlib/malloc/mvars.c          0x00000000   Number         0  mvars.o ABSOLUTE
    ../clib/microlib/printf/printf.c         0x00000000   Number         0  printf2.o ABSOLUTE
    ../clib/microlib/printf/printf.c         0x00000000   Number         0  printf5.o ABSOLUTE
    ../clib/microlib/printf/printf.c         0x00000000   Number         0  printf1.o ABSOLUTE
    ../clib/microlib/printf/printf.c         0x00000000   Number         0  printf6.o ABSOLUTE
    ../clib/microlib/printf/printf.c         0x00000000   Number         0  printf0.o ABSOLUTE
    ../clib/microlib/printf/printf.c         0x00000000   Number         0  printfb.o ABSOLUTE
    ../clib/microlib/printf/printf.c         0x00000000   Number         0  printf8.o ABSOLUTE
    ../clib/microlib/printf/printf.c         0x00000000   Number         0  printfa.o ABSOLUTE
    ../clib/microlib/printf/printf.c         0x00000000   Number         0  printf7.o ABSOLUTE
    ../clib/microlib/printf/printf.c         0x00000000   Number         0  printf4.o ABSOLUTE
    ../clib/microlib/printf/printf.c         0x00000000   Number         0  printf3.o ABSOLUTE
    ../clib/microlib/printf/stubs.s          0x00000000   Number         0  stubs.o ABSOLUTE
    ../clib/microlib/stdio/fputc.c           0x00000000   Number         0  fputc.o ABSOLUTE
    ../clib/microlib/stdio/semi.s            0x00000000   Number         0  semi.o ABSOLUTE
    ../clib/microlib/stdio/streams.c         0x00000000   Number         0  stdout.o ABSOLUTE
    ../clib/microlib/string/memcpy.c         0x00000000   Number         0  memcpyb.o ABSOLUTE
    ../clib/microlib/string/memcpy.c         0x00000000   Number         0  memcpya.o ABSOLUTE
    ../clib/microlib/string/strlen.c         0x00000000   Number         0  strlen.o ABSOLUTE
    ../clib/microlib/string/strncmp.c        0x00000000   Number         0  strncmp.o ABSOLUTE
    ../clib/microlib/stubs.s                 0x00000000   Number         0  iusefp.o ABSOLUTE
    ../clib/microlib/stubs.s                 0x00000000   Number         0  iusesemip.o ABSOLUTE
    ../fplib/microlib/fpadd.c                0x00000000   Number         0  dadd.o ABSOLUTE
    ../fplib/microlib/fpdiv.c                0x00000000   Number         0  ddiv.o ABSOLUTE
    ../fplib/microlib/fpepilogue.c           0x00000000   Number         0  depilogue.o ABSOLUTE
    ../fplib/microlib/fpfix.c                0x00000000   Number         0  dfixul.o ABSOLUTE
    ../fplib/microlib/fpmul.c                0x00000000   Number         0  dmul.o ABSOLUTE
    cdrcmple.s                               0x00000000   Number         0  cdrcmple.o ABSOLUTE
    dc.s                                     0x00000000   Number         0  dc.o ABSOLUTE
    handlers.s                               0x00000000   Number         0  handlers.o ABSOLUTE
    init.s                                   0x00000000   Number         0  init.o ABSOLUTE
    src\\device_depend.c                     0x00000000   Number         0  device_depend.o ABSOLUTE
    src\\lpc8xx_gpio.c                       0x00000000   Number         0  lpc8xx_gpio.o ABSOLUTE
    src\\lpc8xx_mrt.c                        0x00000000   Number         0  lpc8xx_mrt.o ABSOLUTE
    src\\lpc8xx_uart.c                       0x00000000   Number         0  lpc8xx_uart.o ABSOLUTE
    src\\main.c                              0x00000000   Number         0  main.o ABSOLUTE
    src\\ravem.c                             0x00000000   Number         0  ravem.o ABSOLUTE
    src\device_depend.c                      0x00000000   Number         0  device_depend.o ABSOLUTE
    src\lpc8xx_gpio.c                        0x00000000   Number         0  lpc8xx_gpio.o ABSOLUTE
    src\lpc8xx_mrt.c                         0x00000000   Number         0  lpc8xx_mrt.o ABSOLUTE
    src\lpc8xx_nmi.c                         0x00000000   Number         0  lpc8xx_nmi.o ABSOLUTE
    src\lpc8xx_uart.c                        0x00000000   Number         0  lpc8xx_uart.o ABSOLUTE
    src\main.c                               0x00000000   Number         0  main.o ABSOLUTE
    src\ravem.c                              0x00000000   Number         0  ravem.o ABSOLUTE
    startup_LPC8xx.s                         0x00000000   Number         0  startup_lpc8xx.o ABSOLUTE
    system_LPC8xx.c                          0x00000000   Number         0  system_lpc8xx.o ABSOLUTE
    system_LPC8xx.c                          0x00000000   Number         0  system_lpc8xx.o ABSOLUTE
    .ARM.Collect$$$$00000000                 0x000000c0   Section        0  entry.o(.ARM.Collect$$$$00000000)
    .ARM.Collect$$$$00000001                 0x000000c0   Section        4  entry2.o(.ARM.Collect$$$$00000001)
    .ARM.Collect$$$$00000004                 0x000000c4   Section        4  entry5.o(.ARM.Collect$$$$00000004)
    .ARM.Collect$$$$00000008                 0x000000c8   Section        0  entry7b.o(.ARM.Collect$$$$00000008)
    .ARM.Collect$$$$0000000A                 0x000000c8   Section        0  entry8b.o(.ARM.Collect$$$$0000000A)
    .ARM.Collect$$$$0000000B                 0x000000c8   Section        8  entry9a.o(.ARM.Collect$$$$0000000B)
    .ARM.Collect$$$$0000000D                 0x000000d0   Section        0  entry10a.o(.ARM.Collect$$$$0000000D)
    .ARM.Collect$$$$0000000F                 0x000000d0   Section        0  entry11a.o(.ARM.Collect$$$$0000000F)
    .ARM.Collect$$$$00002712                 0x000000d0   Section        4  entry2.o(.ARM.Collect$$$$00002712)
    __lit__00000000                          0x000000d0   Data           4  entry2.o(.ARM.Collect$$$$00002712)
    .text                                    0x000000d4   Section       28  startup_lpc8xx.o(.text)
    .text                                    0x000000f0   Section        0  uidiv.o(.text)
    .text                                    0x0000011c   Section        0  memcpya.o(.text)
    .text                                    0x00000140   Section        0  strlen.o(.text)
    .text                                    0x0000014e   Section        0  strncmp.o(.text)
    .text                                    0x0000016c   Section       36  init.o(.text)
    i.MRT_IRQHandler                         0x00000190   Section        0  lpc8xx_mrt.o(i.MRT_IRQHandler)
    i.NVIC_DisableIRQ                        0x000001b0   Section        0  lpc8xx_uart.o(i.NVIC_DisableIRQ)
    NVIC_DisableIRQ                          0x000001b1   Thumb Code    14  lpc8xx_uart.o(i.NVIC_DisableIRQ)
    i.NVIC_EnableIRQ                         0x000001c4   Section        0  lpc8xx_uart.o(i.NVIC_EnableIRQ)
    NVIC_EnableIRQ                           0x000001c5   Thumb Code    14  lpc8xx_uart.o(i.NVIC_EnableIRQ)
    i.PININT0_IRQHandler                     0x000001d8   Section        0  lpc8xx_gpio.o(i.PININT0_IRQHandler)
    i.PININT1_IRQHandler                     0x000001e2   Section        0  lpc8xx_gpio.o(i.PININT1_IRQHandler)
    i.PININT2_IRQHandler                     0x000001ec   Section        0  lpc8xx_gpio.o(i.PININT2_IRQHandler)
    i.PININT4_IRQHandler                     0x000001f6   Section        0  lpc8xx_gpio.o(i.PININT4_IRQHandler)
    i.PININT5_IRQHandler                     0x00000200   Section        0  lpc8xx_gpio.o(i.PININT5_IRQHandler)
    i.PININT6_IRQHandler                     0x0000020a   Section        0  lpc8xx_gpio.o(i.PININT6_IRQHandler)
    i.PININT7_IRQHandler                     0x00000214   Section        0  lpc8xx_gpio.o(i.PININT7_IRQHandler)
    i.PININT_Handler                         0x00000220   Section        0  lpc8xx_gpio.o(i.PININT_Handler)
    i.SysTick_Handler                        0x000002d8   Section        0  device_depend.o(i.SysTick_Handler)
    i.UART0_IRQHandler                       0x000002e8   Section        0  lpc8xx_uart.o(i.UART0_IRQHandler)
    i.__scatterload_null                     0x000002f8   Section        2  handlers.o(i.__scatterload_null)
    .ARM.__at_0x02FC                         0x000002fc   Section        4  startup_lpc8xx.o(.ARM.__at_0x02FC)
    i.SysTick_Config                         0x00000300   Section        0  device_depend.o(i.SysTick_Config)
    SysTick_Config                           0x00000301   Thumb Code    42  device_depend.o(i.SysTick_Config)
    i.SystemCoreClockUpdate                  0x00000338   Section        0  system_lpc8xx.o(i.SystemCoreClockUpdate)
    i.SystemInit                             0x00000458   Section        0  system_lpc8xx.o(i.SystemInit)
    i.UART1_IRQHandler                       0x000004ac   Section        0  lpc8xx_uart.o(i.UART1_IRQHandler)
    i.UART2_IRQHandler                       0x000004bc   Section        0  lpc8xx_uart.o(i.UART2_IRQHandler)
    i.UARTClock_Init                         0x000004cc   Section        0  lpc8xx_uart.o(i.UARTClock_Init)
    i.UARTInit                               0x00000548   Section        0  lpc8xx_uart.o(i.UARTInit)
    i.UARTSend                               0x000005f4   Section        0  lpc8xx_uart.o(i.UARTSend)
    i.UART_Handler                           0x0000061c   Section        0  lpc8xx_uart.o(i.UART_Handler)
    i.__0sprintf$3                           0x00000680   Section        0  printf3.o(i.__0sprintf$3)
    i.__ARM_common_switch8                   0x000006a8   Section        0  lpc8xx_gpio.o(i.__ARM_common_switch8)
    i.__free$realloc                         0x000006c4   Section        0  mallocr.o(i.__free$realloc)
    i.__malloc$realloc                       0x00000728   Section        0  mallocr.o(i.__malloc$realloc)
    i.__scatterload_copy                     0x00000770   Section       14  handlers.o(i.__scatterload_copy)
    i.__scatterload_zeroinit                 0x0000077e   Section       14  handlers.o(i.__scatterload_zeroinit)
    i._printf_core                           0x0000078c   Section        0  printf3.o(i._printf_core)
    _printf_core                             0x0000078d   Thumb Code   452  printf3.o(i._printf_core)
    i._sputc                                 0x00000954   Section        0  printf3.o(i._sputc)
    _sputc                                   0x00000955   Thumb Code    10  printf3.o(i._sputc)
    i.bc_seek                                0x00000960   Section        0  ravem.o(i.bc_seek)
    i.changeStackType                        0x0000097c   Section        0  ravem.o(i.changeStackType)
    i.decodeVM                               0x000009b0   Section        0  ravem.o(i.decodeVM)
    i.getConstantPoolInfo                    0x00000d44   Section        0  ravem.o(i.getConstantPoolInfo)
    i.getField                               0x00000f14   Section        0  ravem.o(i.getField)
    i.getIntegerFromOperandStack             0x00000f6c   Section        0  ravem.o(i.getIntegerFromOperandStack)
    i.getLengthOfConstantInfo                0x00000fd8   Section        0  ravem.o(i.getLengthOfConstantInfo)
    i.getStringFromOperandStack              0x0000100c   Section        0  ravem.o(i.getStringFromOperandStack)
    i.hardware_init                          0x0000109c   Section        0  device_depend.o(i.hardware_init)
    i.internal_alloc                         0x000010d0   Section        0  mallocr.o(i.internal_alloc)
    internal_alloc                           0x000010d1   Thumb Code    74  mallocr.o(i.internal_alloc)
    i.invokestatic_callFunction              0x00001120   Section        0  ravem.o(i.invokestatic_callFunction)
    i.invokevirtual_callFunction             0x000011bc   Section        0  ravem.o(i.invokevirtual_callFunction)
    i.main                                   0x000012d0   Section        0  main.o(i.main)
    i.putField                               0x00001474   Section        0  ravem.o(i.putField)
    i.realloc                                0x000014cc   Section        0  mallocr.o(i.realloc)
    i.seekCodeArrtibute                      0x00001540   Section        0  ravem.o(i.seekCodeArrtibute)
    i.seekConstClassNumString                0x00001740   Section        0  ravem.o(i.seekConstClassNumString)
    i.seekNameAndType_name                   0x00001780   Section        0  ravem.o(i.seekNameAndType_name)
    i.setIntegerToStack                      0x000017d8   Section        0  ravem.o(i.setIntegerToStack)
    i.setStackFromConstantPool               0x00001832   Section        0  ravem.o(i.setStackFromConstantPool)
    i.setup_systick                          0x0000188c   Section        0  device_depend.o(i.setup_systick)
    i.time_millis                            0x000018b8   Section        0  device_depend.o(i.time_millis)
    i.uart_init                              0x000018c4   Section        0  device_depend.o(i.uart_init)
    i.uart_print                             0x000018d4   Section        0  device_depend.o(i.uart_print)
    i.uart_read                              0x000018ec   Section        0  device_depend.o(i.uart_read)
    .constdata                               0x000018fc   Section      767  ravem.o(.constdata)
    .data                                    0x10000000   Section        4  lpc8xx_mrt.o(.data)
    .data                                    0x10000004   Section       24  lpc8xx_uart.o(.data)
    .data                                    0x1000001c   Section        4  device_depend.o(.data)
    msTicks                                  0x1000001c   Data           4  device_depend.o(.data)
    .data                                    0x10000020   Section        8  ravem.o(.data)
    .data                                    0x10000028   Section        4  system_lpc8xx.o(.data)
    .data                                    0x1000002c   Section        4  mvars.o(.data)
    .data                                    0x10000030   Section        4  mvars.o(.data)
    .bss                                     0x10000034   Section      128  lpc8xx_gpio.o(.bss)
    .bss                                     0x100000b4   Section       32  lpc8xx_uart.o(.bss)
    .bss                                     0x100000d4   Section       64  ravem.o(.bss)
    HEAP                                     0x10000118   Section      512  startup_lpc8xx.o(HEAP)
    STACK                                    0x10000318   Section      512  startup_lpc8xx.o(STACK)

    Global Symbols

    Symbol Name                              Value     Ov Type        Size  Object(Section)

    BuildAttributes$$THM_ISAv3M$S$PE$A:L22$X:L11$S22$IEEE1$IW$USESV6$~STKCKD$USESV7$~SHL$OSPACE$ROPI$EBA8$MICROLIB$REQ8$PRES8$EABIv2 0x00000000   Number         0  anon$$obj.o ABSOLUTE
    __ARM_use_no_argv                        0x00000000   Number         0  main.o ABSOLUTE
    __Vectors                                0x00000000   Data           4  startup_lpc8xx.o(RESET)
    _printf_a                                0x00000000   Number         0  stubs.o ABSOLUTE
    _printf_c                                0x00000000   Number         0  stubs.o ABSOLUTE
    _printf_charcount                        0x00000000   Number         0  stubs.o ABSOLUTE
    _printf_d                                0x00000000   Number         0  stubs.o ABSOLUTE
    _printf_e                                0x00000000   Number         0  stubs.o ABSOLUTE
    _printf_f                                0x00000000   Number         0  stubs.o ABSOLUTE
    _printf_flags                            0x00000000   Number         0  stubs.o ABSOLUTE
    _printf_fp_dec                           0x00000000   Number         0  stubs.o ABSOLUTE
    _printf_fp_hex                           0x00000000   Number         0  stubs.o ABSOLUTE
    _printf_g                                0x00000000   Number         0  stubs.o ABSOLUTE
    _printf_i                                0x00000000   Number         0  stubs.o ABSOLUTE
    _printf_int_dec                          0x00000000   Number         0  stubs.o ABSOLUTE
    _printf_l                                0x00000000   Number         0  stubs.o ABSOLUTE
    _printf_lc                               0x00000000   Number         0  stubs.o ABSOLUTE
    _printf_ll                               0x00000000   Number         0  stubs.o ABSOLUTE
    _printf_lld                              0x00000000   Number         0  stubs.o ABSOLUTE
    _printf_lli                              0x00000000   Number         0  stubs.o ABSOLUTE
    _printf_llo                              0x00000000   Number         0  stubs.o ABSOLUTE
    _printf_llu                              0x00000000   Number         0  stubs.o ABSOLUTE
    _printf_llx                              0x00000000   Number         0  stubs.o ABSOLUTE
    _printf_longlong_dec                     0x00000000   Number         0  stubs.o ABSOLUTE
    _printf_longlong_hex                     0x00000000   Number         0  stubs.o ABSOLUTE
    _printf_longlong_oct                     0x00000000   Number         0  stubs.o ABSOLUTE
    _printf_ls                               0x00000000   Number         0  stubs.o ABSOLUTE
    _printf_mbtowc                           0x00000000   Number         0  stubs.o ABSOLUTE
    _printf_n                                0x00000000   Number         0  stubs.o ABSOLUTE
    _printf_o                                0x00000000   Number         0  stubs.o ABSOLUTE
    _printf_p                                0x00000000   Number         0  stubs.o ABSOLUTE
    _printf_percent                          0x00000000   Number         0  stubs.o ABSOLUTE
    _printf_pre_padding                      0x00000000   Number         0  stubs.o ABSOLUTE
    _printf_return_value                     0x00000000   Number         0  stubs.o ABSOLUTE
    _printf_s                                0x00000000   Number         0  stubs.o ABSOLUTE
    _printf_sizespec                         0x00000000   Number         0  stubs.o ABSOLUTE
    _printf_str                              0x00000000   Number         0  stubs.o ABSOLUTE
    _printf_truncate_signed                  0x00000000   Number         0  stubs.o ABSOLUTE
    _printf_truncate_unsigned                0x00000000   Number         0  stubs.o ABSOLUTE
    _printf_u                                0x00000000   Number         0  stubs.o ABSOLUTE
    _printf_wc                               0x00000000   Number         0  stubs.o ABSOLUTE
    _printf_wctomb                           0x00000000   Number         0  stubs.o ABSOLUTE
    _printf_widthprec                        0x00000000   Number         0  stubs.o ABSOLUTE
    _printf_x                                0x00000000   Number         0  stubs.o ABSOLUTE
    __cpp_initialize__aeabi_                  - Undefined Weak Reference
    __cxa_finalize                            - Undefined Weak Reference
    __decompress                              - Undefined Weak Reference
    _clock_init                               - Undefined Weak Reference
    _microlib_exit                            - Undefined Weak Reference
    __main                                   0x000000c1   Thumb Code     0  entry.o(.ARM.Collect$$$$00000000)
    _main_stk                                0x000000c1   Thumb Code     0  entry2.o(.ARM.Collect$$$$00000001)
    _main_scatterload                        0x000000c5   Thumb Code     0  entry5.o(.ARM.Collect$$$$00000004)
    __main_after_scatterload                 0x000000c9   Thumb Code     0  entry5.o(.ARM.Collect$$$$00000004)
    _main_clock                              0x000000c9   Thumb Code     0  entry7b.o(.ARM.Collect$$$$00000008)
    _main_cpp_init                           0x000000c9   Thumb Code     0  entry8b.o(.ARM.Collect$$$$0000000A)
    _main_init                               0x000000c9   Thumb Code     0  entry9a.o(.ARM.Collect$$$$0000000B)
    __rt_final_cpp                           0x000000d1   Thumb Code     0  entry10a.o(.ARM.Collect$$$$0000000D)
    __rt_final_exit                          0x000000d1   Thumb Code     0  entry11a.o(.ARM.Collect$$$$0000000F)
    Reset_Handler                            0x000000d5   Thumb Code     8  startup_lpc8xx.o(.text)
    HardFault_Handler                        0x000000dd   Thumb Code     2  startup_lpc8xx.o(.text)
    SVC_Handler                              0x000000df   Thumb Code     2  startup_lpc8xx.o(.text)
    PendSV_Handler                           0x000000e1   Thumb Code     2  startup_lpc8xx.o(.text)
    BOD_IRQHandler                           0x000000e5   Thumb Code     0  startup_lpc8xx.o(.text)
    CMP_IRQHandler                           0x000000e5   Thumb Code     0  startup_lpc8xx.o(.text)
    I2C_IRQHandler                           0x000000e5   Thumb Code     0  startup_lpc8xx.o(.text)
    NMI_Handler                              0x000000e5   Thumb Code     0  startup_lpc8xx.o(.text)
    PININT3_IRQHandler                       0x000000e5   Thumb Code     0  startup_lpc8xx.o(.text)
    SCT_IRQHandler                           0x000000e5   Thumb Code     0  startup_lpc8xx.o(.text)
    SPI0_IRQHandler                          0x000000e5   Thumb Code     0  startup_lpc8xx.o(.text)
    SPI1_IRQHandler                          0x000000e5   Thumb Code     0  startup_lpc8xx.o(.text)
    WDT_IRQHandler                           0x000000e5   Thumb Code     0  startup_lpc8xx.o(.text)
    WKT_IRQHandler                           0x000000e5   Thumb Code     0  startup_lpc8xx.o(.text)
    __aeabi_uidiv                            0x000000f1   Thumb Code     0  uidiv.o(.text)
    __aeabi_uidivmod                         0x000000f1   Thumb Code    44  uidiv.o(.text)
    __aeabi_memcpy                           0x0000011d   Thumb Code    36  memcpya.o(.text)
    __aeabi_memcpy4                          0x0000011d   Thumb Code     0  memcpya.o(.text)
    __aeabi_memcpy8                          0x0000011d   Thumb Code     0  memcpya.o(.text)
    strlen                                   0x00000141   Thumb Code    14  strlen.o(.text)
    strncmp                                  0x0000014f   Thumb Code    30  strncmp.o(.text)
    __scatterload                            0x0000016d   Thumb Code    28  init.o(.text)
    __scatterload_rt2                        0x0000016d   Thumb Code     0  init.o(.text)
    MRT_IRQHandler                           0x00000191   Thumb Code    22  lpc8xx_mrt.o(i.MRT_IRQHandler)
    PININT0_IRQHandler                       0x000001d9   Thumb Code    10  lpc8xx_gpio.o(i.PININT0_IRQHandler)
    PININT1_IRQHandler                       0x000001e3   Thumb Code    10  lpc8xx_gpio.o(i.PININT1_IRQHandler)
    PININT2_IRQHandler                       0x000001ed   Thumb Code    10  lpc8xx_gpio.o(i.PININT2_IRQHandler)
    PININT4_IRQHandler                       0x000001f7   Thumb Code    10  lpc8xx_gpio.o(i.PININT4_IRQHandler)
    PININT5_IRQHandler                       0x00000201   Thumb Code    10  lpc8xx_gpio.o(i.PININT5_IRQHandler)
    PININT6_IRQHandler                       0x0000020b   Thumb Code    10  lpc8xx_gpio.o(i.PININT6_IRQHandler)
    PININT7_IRQHandler                       0x00000215   Thumb Code    10  lpc8xx_gpio.o(i.PININT7_IRQHandler)
    PININT_Handler                           0x00000221   Thumb Code   176  lpc8xx_gpio.o(i.PININT_Handler)
    SysTick_Handler                          0x000002d9   Thumb Code    10  device_depend.o(i.SysTick_Handler)
    UART0_IRQHandler                         0x000002e9   Thumb Code    10  lpc8xx_uart.o(i.UART0_IRQHandler)
    __scatterload_null                       0x000002f9   Thumb Code     2  handlers.o(i.__scatterload_null)
    SystemCoreClockUpdate                    0x00000339   Thumb Code   216  system_lpc8xx.o(i.SystemCoreClockUpdate)
    SystemInit                               0x00000459   Thumb Code    70  system_lpc8xx.o(i.SystemInit)
    UART1_IRQHandler                         0x000004ad   Thumb Code    10  lpc8xx_uart.o(i.UART1_IRQHandler)
    UART2_IRQHandler                         0x000004bd   Thumb Code    10  lpc8xx_uart.o(i.UART2_IRQHandler)
    UARTClock_Init                           0x000004cd   Thumb Code   106  lpc8xx_uart.o(i.UARTClock_Init)
    UARTInit                                 0x00000549   Thumb Code   142  lpc8xx_uart.o(i.UARTInit)
    UARTSend                                 0x000005f5   Thumb Code    34  lpc8xx_uart.o(i.UARTSend)
    UART_Handler                             0x0000061d   Thumb Code    90  lpc8xx_uart.o(i.UART_Handler)
    __0sprintf$3                             0x00000681   Thumb Code    36  printf3.o(i.__0sprintf$3)
    __1sprintf$3                             0x00000681   Thumb Code     0  printf3.o(i.__0sprintf$3)
    __2sprintf                               0x00000681   Thumb Code     0  printf3.o(i.__0sprintf$3)
    __ARM_common_switch8                     0x000006a9   Thumb Code    26  lpc8xx_gpio.o(i.__ARM_common_switch8)
    free                                     0x000006c5   Thumb Code    94  mallocr.o(i.__free$realloc)
    malloc                                   0x00000729   Thumb Code    54  mallocr.o(i.__malloc$realloc)
    __scatterload_copy                       0x00000771   Thumb Code    14  handlers.o(i.__scatterload_copy)
    __scatterload_zeroinit                   0x0000077f   Thumb Code    14  handlers.o(i.__scatterload_zeroinit)
    bc_seek                                  0x00000961   Thumb Code    18  ravem.o(i.bc_seek)
    changeStackType                          0x0000097d   Thumb Code    52  ravem.o(i.changeStackType)
    decodeVM                                 0x000009b1   Thumb Code   916  ravem.o(i.decodeVM)
    getConstantPoolInfo                      0x00000d45   Thumb Code   454  ravem.o(i.getConstantPoolInfo)
    getField                                 0x00000f15   Thumb Code    88  ravem.o(i.getField)
    getIntegerFromOperandStack               0x00000f6d   Thumb Code   108  ravem.o(i.getIntegerFromOperandStack)
    getLengthOfConstantInfo                  0x00000fd9   Thumb Code    52  ravem.o(i.getLengthOfConstantInfo)
    getStringFromOperandStack                0x0000100d   Thumb Code   130  ravem.o(i.getStringFromOperandStack)
    hardware_init                            0x0000109d   Thumb Code    36  device_depend.o(i.hardware_init)
    invokestatic_callFunction                0x00001121   Thumb Code   148  ravem.o(i.invokestatic_callFunction)
    invokevirtual_callFunction               0x000011bd   Thumb Code   226  ravem.o(i.invokevirtual_callFunction)
    main                                     0x000012d1   Thumb Code   360  main.o(i.main)
    putField                                 0x00001475   Thumb Code    86  ravem.o(i.putField)
    realloc                                  0x000014cd   Thumb Code   110  mallocr.o(i.realloc)
    seekCodeArrtibute                        0x00001541   Thumb Code   506  ravem.o(i.seekCodeArrtibute)
    seekConstClassNumString                  0x00001741   Thumb Code    64  ravem.o(i.seekConstClassNumString)
    seekNameAndType_name                     0x00001781   Thumb Code    88  ravem.o(i.seekNameAndType_name)
    setIntegerToStack                        0x000017d9   Thumb Code    90  ravem.o(i.setIntegerToStack)
    setStackFromConstantPool                 0x00001833   Thumb Code    90  ravem.o(i.setStackFromConstantPool)
    setup_systick                            0x0000188d   Thumb Code    36  device_depend.o(i.setup_systick)
    time_millis                              0x000018b9   Thumb Code     6  device_depend.o(i.time_millis)
    uart_init                                0x000018c5   Thumb Code    12  device_depend.o(i.uart_init)
    uart_print                               0x000018d5   Thumb Code    20  device_depend.o(i.uart_print)
    uart_read                                0x000018ed   Thumb Code    12  device_depend.o(i.uart_read)
    vm_array                                 0x000018fc   Data         767  ravem.o(.constdata)
    Region$$Table$$Base                      0x00001bfc   Number         0  anon$$obj.o(Region$$Table)
    Region$$Table$$Limit                     0x00001c1c   Number         0  anon$$obj.o(Region$$Table)
    mrt_counter                              0x10000000   Data           4  lpc8xx_mrt.o(.data)
    UARTTxEmpty                              0x10000004   Data           1  lpc8xx_uart.o(.data)
    UARTRxCount                              0x10000008   Data           4  lpc8xx_uart.o(.data)
    UARTRxRdyCount                           0x1000000c   Data           4  lpc8xx_uart.o(.data)
    UARTBlockReceived                        0x10000010   Data           4  lpc8xx_uart.o(.data)
    AddrDetected                             0x10000014   Data           4  lpc8xx_uart.o(.data)
    UARTInterruptCount                       0x10000018   Data           4  lpc8xx_uart.o(.data)
    total_const_pool_num                     0x10000020   Data           4  ravem.o(.data)
    methods_count                            0x10000024   Data           4  ravem.o(.data)
    SystemCoreClock                          0x10000028   Data           4  system_lpc8xx.o(.data)
    __microlib_freelist                      0x1000002c   Data           4  mvars.o(.data)
    __microlib_freelist_initialised          0x10000030   Data           4  mvars.o(.data)
    flex_int_counter                         0x10000034   Data          32  lpc8xx_gpio.o(.bss)
    flex_int_level_counter                   0x10000054   Data          32  lpc8xx_gpio.o(.bss)
    flex_int_rising_edge_counter             0x10000074   Data          32  lpc8xx_gpio.o(.bss)
    flex_int_falling_edge_counter            0x10000094   Data          32  lpc8xx_gpio.o(.bss)
    UARTRxBuffer                             0x100000b4   Data          32  lpc8xx_uart.o(.bss)
    cp_str                                   0x100000d4   Data          32  ravem.o(.bss)
    bc_str                                   0x100000f4   Data          32  ravem.o(.bss)
    __heap_base                              0x10000118   Data           0  startup_lpc8xx.o(HEAP)
    __heap_limit                             0x10000318   Data           0  startup_lpc8xx.o(HEAP)
    __initial_sp                             0x10000518   Data           0  startup_lpc8xx.o(STACK)



==============================================================================

Memory Map of the image

  Image Entry point : 0x000000c1

  Load Region LR_IROM1 (Base: 0x00000000, Size: 0x00001c50, Max: 0x00004000, ABSOLUTE)

    Execution Region ER_IROM1 (Base: 0x00000000, Size: 0x00001c1c, Max: 0x00004000, ABSOLUTE)

    Base Addr    Size         Type   Attr      Idx    E Section Name        Object

    0x00000000   0x000000c0   Data   RO          617    RESET               startup_lpc8xx.o
    0x000000c0   0x00000000   Code   RO          625  * .ARM.Collect$$$$00000000  mc_p.l(entry.o)
    0x000000c0   0x00000004   Code   RO          927    .ARM.Collect$$$$00000001  mc_p.l(entry2.o)
    0x000000c4   0x00000004   Code   RO          930    .ARM.Collect$$$$00000004  mc_p.l(entry5.o)
    0x000000c8   0x00000000   Code   RO          932    .ARM.Collect$$$$00000008  mc_p.l(entry7b.o)
    0x000000c8   0x00000000   Code   RO          934    .ARM.Collect$$$$0000000A  mc_p.l(entry8b.o)
    0x000000c8   0x00000008   Code   RO          935    .ARM.Collect$$$$0000000B  mc_p.l(entry9a.o)
    0x000000d0   0x00000000   Code   RO          937    .ARM.Collect$$$$0000000D  mc_p.l(entry10a.o)
    0x000000d0   0x00000000   Code   RO          939    .ARM.Collect$$$$0000000F  mc_p.l(entry11a.o)
    0x000000d0   0x00000004   Code   RO          928    .ARM.Collect$$$$00002712  mc_p.l(entry2.o)
    0x000000d4   0x0000001c   Code   RO          619    .text               startup_lpc8xx.o
    0x000000f0   0x0000002c   Code   RO          628    .text               mc_p.l(uidiv.o)
    0x0000011c   0x00000024   Code   RO          630    .text               mc_p.l(memcpya.o)
    0x00000140   0x0000000e   Code   RO          632    .text               mc_p.l(strlen.o)
    0x0000014e   0x0000001e   Code   RO          634    .text               mc_p.l(strncmp.o)
    0x0000016c   0x00000024   Code   RO          959    .text               mc_p.l(init.o)
    0x00000190   0x00000020   Code   RO          191    i.MRT_IRQHandler    lpc8xx_mrt.o
    0x000001b0   0x00000014   Code   RO          234    i.NVIC_DisableIRQ   lpc8xx_uart.o
    0x000001c4   0x00000014   Code   RO          235    i.NVIC_EnableIRQ    lpc8xx_uart.o
    0x000001d8   0x0000000a   Code   RO           17    i.PININT0_IRQHandler  lpc8xx_gpio.o
    0x000001e2   0x0000000a   Code   RO           18    i.PININT1_IRQHandler  lpc8xx_gpio.o
    0x000001ec   0x0000000a   Code   RO           19    i.PININT2_IRQHandler  lpc8xx_gpio.o
    0x000001f6   0x0000000a   Code   RO           20    i.PININT4_IRQHandler  lpc8xx_gpio.o
    0x00000200   0x0000000a   Code   RO           21    i.PININT5_IRQHandler  lpc8xx_gpio.o
    0x0000020a   0x0000000a   Code   RO           22    i.PININT6_IRQHandler  lpc8xx_gpio.o
    0x00000214   0x0000000a   Code   RO           23    i.PININT7_IRQHandler  lpc8xx_gpio.o
    0x0000021e   0x00000002   PAD
    0x00000220   0x000000b8   Code   RO           24    i.PININT_Handler    lpc8xx_gpio.o
    0x000002d8   0x00000010   Code   RO          377    i.SysTick_Handler   device_depend.o
    0x000002e8   0x00000010   Code   RO          236    i.UART0_IRQHandler  lpc8xx_uart.o
    0x000002f8   0x00000002   Code   RO          976    i.__scatterload_null  mc_p.l(handlers.o)
    0x000002fa   0x00000002   PAD
    0x000002fc   0x00000004   Code   RO          618    .ARM.__at_0x02FC    startup_lpc8xx.o
    0x00000300   0x00000038   Code   RO          376    i.SysTick_Config    device_depend.o
    0x00000338   0x00000120   Code   RO          582    i.SystemCoreClockUpdate  system_lpc8xx.o
    0x00000458   0x00000054   Code   RO          583    i.SystemInit        system_lpc8xx.o
    0x000004ac   0x00000010   Code   RO          237    i.UART1_IRQHandler  lpc8xx_uart.o
    0x000004bc   0x00000010   Code   RO          238    i.UART2_IRQHandler  lpc8xx_uart.o
    0x000004cc   0x0000007c   Code   RO          239    i.UARTClock_Init    lpc8xx_uart.o
    0x00000548   0x000000ac   Code   RO          240    i.UARTInit          lpc8xx_uart.o
    0x000005f4   0x00000028   Code   RO          241    i.UARTSend          lpc8xx_uart.o
    0x0000061c   0x00000064   Code   RO          242    i.UART_Handler      lpc8xx_uart.o
    0x00000680   0x00000028   Code   RO          729    i.__0sprintf$3      mc_p.l(printf3.o)
    0x000006a8   0x0000001a   Code   RO          154    i.__ARM_common_switch8  lpc8xx_gpio.o
    0x000006c2   0x00000002   PAD
    0x000006c4   0x00000064   Code   RO          903    i.__free$realloc    mc_p.l(mallocr.o)
    0x00000728   0x00000048   Code   RO          904    i.__malloc$realloc  mc_p.l(mallocr.o)
    0x00000770   0x0000000e   Code   RO          975    i.__scatterload_copy  mc_p.l(handlers.o)
    0x0000077e   0x0000000e   Code   RO          977    i.__scatterload_zeroinit  mc_p.l(handlers.o)
    0x0000078c   0x000001c8   Code   RO          734    i._printf_core      mc_p.l(printf3.o)
    0x00000954   0x0000000a   Code   RO          736    i._sputc            mc_p.l(printf3.o)
    0x0000095e   0x00000002   PAD
    0x00000960   0x0000001c   Code   RO          449    i.bc_seek           ravem.o
    0x0000097c   0x00000034   Code   RO          450    i.changeStackType   ravem.o
    0x000009b0   0x00000394   Code   RO          451    i.decodeVM          ravem.o
    0x00000d44   0x000001d0   Code   RO          452    i.getConstantPoolInfo  ravem.o
    0x00000f14   0x00000058   Code   RO          453    i.getField          ravem.o
    0x00000f6c   0x0000006c   Code   RO          454    i.getIntegerFromOperandStack  ravem.o
    0x00000fd8   0x00000034   Code   RO          455    i.getLengthOfConstantInfo  ravem.o
    0x0000100c   0x00000090   Code   RO          456    i.getStringFromOperandStack  ravem.o
    0x0000109c   0x00000034   Code   RO          378    i.hardware_init     device_depend.o
    0x000010d0   0x00000050   Code   RO          905    i.internal_alloc    mc_p.l(mallocr.o)
    0x00001120   0x0000009c   Code   RO          457    i.invokestatic_callFunction  ravem.o
    0x000011bc   0x00000114   Code   RO          458    i.invokevirtual_callFunction  ravem.o
    0x000012d0   0x000001a4   Code   RO          323    i.main              main.o
    0x00001474   0x00000056   Code   RO          459    i.putField          ravem.o
    0x000014ca   0x00000002   PAD
    0x000014cc   0x00000074   Code   RO          906    i.realloc           mc_p.l(mallocr.o)
    0x00001540   0x00000200   Code   RO          461    i.seekCodeArrtibute  ravem.o
    0x00001740   0x00000040   Code   RO          462    i.seekConstClassNumString  ravem.o
    0x00001780   0x00000058   Code   RO          464    i.seekNameAndType_name  ravem.o
    0x000017d8   0x0000005a   Code   RO          465    i.setIntegerToStack  ravem.o
    0x00001832   0x0000005a   Code   RO          466    i.setStackFromConstantPool  ravem.o
    0x0000188c   0x0000002c   Code   RO          379    i.setup_systick     device_depend.o
    0x000018b8   0x0000000c   Code   RO          380    i.time_millis       device_depend.o
    0x000018c4   0x00000010   Code   RO          381    i.uart_init         device_depend.o
    0x000018d4   0x00000018   Code   RO          382    i.uart_print        device_depend.o
    0x000018ec   0x00000010   Code   RO          383    i.uart_read         device_depend.o
    0x000018fc   0x000002ff   Data   RO          468    .constdata          ravem.o
    0x00001bfb   0x00000001   PAD
    0x00001bfc   0x00000020   Data   RO          973    Region$$Table       anon$$obj.o


    Execution Region RW_IRAM1 (Base: 0x10000000, Size: 0x00000518, Max: 0x00001000, ABSOLUTE)

    Base Addr    Size         Type   Attr      Idx    E Section Name        Object

    0x10000000   0x00000004   Data   RW          194    .data               lpc8xx_mrt.o
    0x10000004   0x00000018   Data   RW          246    .data               lpc8xx_uart.o
    0x1000001c   0x00000004   Data   RW          384    .data               device_depend.o
    0x10000020   0x00000008   Data   RW          469    .data               ravem.o
    0x10000028   0x00000004   Data   RW          584    .data               system_lpc8xx.o
    0x1000002c   0x00000004   Data   RW          946    .data               mc_p.l(mvars.o)
    0x10000030   0x00000004   Data   RW          947    .data               mc_p.l(mvars.o)
    0x10000034   0x00000080   Zero   RW           25    .bss                lpc8xx_gpio.o
    0x100000b4   0x00000020   Zero   RW          245    .bss                lpc8xx_uart.o
    0x100000d4   0x00000040   Zero   RW          467    .bss                ravem.o
    0x10000114   0x00000004   PAD
    0x10000118   0x00000200   Zero   RW          616    HEAP                startup_lpc8xx.o
    0x10000318   0x00000200   Zero   RW          615    STACK               startup_lpc8xx.o


==============================================================================

Image component sizes


      Code (inc. data)   RO Data    RW Data    ZI Data      Debug   Object Name

       236         62          0          4          0       9365   device_depend.o
       280         18          0          0        128      17083   lpc8xx_gpio.o
        32         10          0          4          0        939   lpc8xx_mrt.o
       524         94          0         24         32      10671   lpc8xx_uart.o
       420         60          0          0          0       3391   main.o
      3214        144        767          8         64      12729   ravem.o
        32         14        192          0       1024        636   startup_lpc8xx.o
       372        104          0          4          0       2279   system_lpc8xx.o

    ----------------------------------------------------------------------
      5116        506        992         44       1252      57093   Object Totals
         0          0         32          0          0          0   (incl. Generated)
         6          0          1          0          4          0   (incl. Padding)

    ----------------------------------------------------------------------

      Code (inc. data)   RO Data    RW Data    ZI Data      Debug   Library Member Name

         0          0          0          0          0          0   entry.o
         0          0          0          0          0          0   entry10a.o
         0          0          0          0          0          0   entry11a.o
         8          4          0          0          0          0   entry2.o
         4          0          0          0          0          0   entry5.o
         0          0          0          0          0          0   entry7b.o
         0          0          0          0          0          0   entry8b.o
         8          4          0          0          0          0   entry9a.o
        30          0          0          0          0          0   handlers.o
        36          8          0          0          0         68   init.o
       368         36          0          0          0        308   mallocr.o
        36          0          0          0          0         60   memcpya.o
         0          0          0          8          0          0   mvars.o
       506          8          0          0          0        224   printf3.o
        14          0          0          0          0         60   strlen.o
        30          0          0          0          0         72   strncmp.o
        44          0          0          0          0         72   uidiv.o

    ----------------------------------------------------------------------
      1088         60          0          8          0        864   Library Totals
         4          0          0          0          0          0   (incl. Padding)

    ----------------------------------------------------------------------

      Code (inc. data)   RO Data    RW Data    ZI Data      Debug   Library Name

      1084         60          0          8          0        864   mc_p.l

    ----------------------------------------------------------------------
      1088         60          0          8          0        864   Library Totals

    ----------------------------------------------------------------------

==============================================================================


      Code (inc. data)   RO Data    RW Data    ZI Data      Debug   

      6204        566        992         52       1252      55661   Grand Totals
      6204        566        992         52       1252      55661   ELF Image Totals
      6204        566        992         52          0          0   ROM Totals

==============================================================================

    Total RO  Size (Code + RO Data)                 7196 (   7.03kB)
    Total RW  Size (RW Data + ZI Data)              1304 (   1.27kB)
    Total ROM Size (Code + RO Data + RW Data)       7248 (   7.08kB)

==============================================================================

