<html>
<body>
<pre>
<h1>µVision Build Log</h1>
<h2>Project:</h2>
C:\Users\atsu\Documents\apnt_237\RaVem\RaVem.uvproj
Project File Date:  08/02/2013

<h2>Output:</h2>
Build target 'RaVem'
Clean started - Project: 'RaVem'
   deleting intermediate output files for target 'RaVem'
*** Scatter Error: no default 'Read/Write' range selected
compiling lpc8xx_gpio.c...
compiling lpc8xx_mrt.c...
compiling lpc8xx_nmi.c...
compiling lpc8xx_uart.c...
compiling main.c...
src\main.c(22): warning:  #223-D: function "malloc" declared implicitly
src\main.c(40): warning:  #223-D: function "free" declared implicitly
compiling device_depend.c...
compiling ravem.c...
src\ravem.c(451): warning:  #223-D: function "malloc" declared implicitly
src\ravem.c(454): warning:  #223-D: function "free" declared implicitly
src\ravem.c(455): warning:  #223-D: function "malloc" declared implicitly
src\ravem.c(606): warning:  #111-D: statement is unreachable
compiling system_LPC8xx.c...
assembling startup_LPC8xx.s...
linking...
Program Size: Code=3204 RO-data=1132 RW-data=44 ZI-data=996  
".\obj\dsp.axf" - 0 Errors, 6 Warning(s).

*** Performing Cross-Module-Optimization:
compiling lpc8xx_gpio.c...
compiling lpc8xx_mrt.c...
compiling lpc8xx_uart.c...
compiling main.c...
src\main.c(22): warning:  #223-D: function "malloc" declared implicitly
src\main.c(40): warning:  #223-D: function "free" declared implicitly
compiling device_depend.c...
compiling ravem.c...
src\ravem.c(451): warning:  #223-D: function "malloc" declared implicitly
src\ravem.c(454): warning:  #223-D: function "free" declared implicitly
src\ravem.c(455): warning:  #223-D: function "malloc" declared implicitly
src\ravem.c(606): warning:  #111-D: statement is unreachable
compiling system_LPC8xx.c...
linking...
Program Size: Code=3204 RO-data=1132 RW-data=44 ZI-data=996  
FromELF: creating hex file...
".\obj\dsp.axf" - 0 Errors, 6 Warning(s).
*** Completed Cross-Module-Optimization after 2 iteration(s).
Load "C:\\Users\\atsu\\Documents\\apnt_237\\RaVem\\obj\\dsp.axf" 
Erase Done.
Programming Done.
Verify OK.
Application running ...
Build target 'RaVem'
Clean started - Project: 'RaVem'
   deleting intermediate output files for target 'RaVem'
*** Scatter Error: no default 'Read/Write' range selected
compiling lpc8xx_gpio.c...
compiling lpc8xx_mrt.c...
compiling lpc8xx_nmi.c...
compiling lpc8xx_uart.c...
compiling main.c...
src\main.c(22): warning:  #223-D: function "malloc" declared implicitly
src\main.c(40): warning:  #223-D: function "free" declared implicitly
compiling device_depend.c...
compiling ravem.c...
src\ravem.c(451): warning:  #223-D: function "malloc" declared implicitly
src\ravem.c(454): warning:  #223-D: function "free" declared implicitly
src\ravem.c(455): warning:  #223-D: function "malloc" declared implicitly
src\ravem.c(606): warning:  #111-D: statement is unreachable
compiling system_LPC8xx.c...
assembling startup_LPC8xx.s...
linking...
Program Size: Code=3204 RO-data=1132 RW-data=44 ZI-data=996  
".\obj\dsp.axf" - 0 Errors, 6 Warning(s).

*** Performing Cross-Module-Optimization:
compiling lpc8xx_gpio.c...
compiling lpc8xx_mrt.c...
compiling lpc8xx_uart.c...
compiling main.c...
src\main.c(22): warning:  #223-D: function "malloc" declared implicitly
src\main.c(40): warning:  #223-D: function "free" declared implicitly
compiling device_depend.c...
compiling ravem.c...
src\ravem.c(451): warning:  #223-D: function "malloc" declared implicitly
src\ravem.c(454): warning:  #223-D: function "free" declared implicitly
src\ravem.c(455): warning:  #223-D: function "malloc" declared implicitly
src\ravem.c(606): warning:  #111-D: statement is unreachable
compiling system_LPC8xx.c...
linking...
Program Size: Code=3204 RO-data=1132 RW-data=44 ZI-data=996  
FromELF: creating hex file...
".\obj\dsp.axf" - 0 Errors, 6 Warning(s).
*** Completed Cross-Module-Optimization after 2 iteration(s).
Load "C:\\Users\\atsu\\Documents\\apnt_237\\RaVem\\obj\\dsp.axf" 
Erase Done.
Programming Done.
Verify OK.
Application running ...
Build target 'RaVem'
Clean started - Project: 'RaVem'
   deleting intermediate output files for target 'RaVem'
*** Scatter Error: no default 'Read/Write' range selected
compiling lpc8xx_gpio.c...
compiling lpc8xx_mrt.c...
compiling lpc8xx_nmi.c...
compiling lpc8xx_uart.c...
compiling main.c...
src\main.c(22): warning:  #223-D: function "malloc" declared implicitly
src\main.c(40): warning:  #223-D: function "free" declared implicitly
compiling device_depend.c...
compiling ravem.c...
src\ravem.c(451): warning:  #223-D: function "malloc" declared implicitly
src\ravem.c(454): warning:  #223-D: function "free" declared implicitly
src\ravem.c(455): warning:  #223-D: function "malloc" declared implicitly
src\ravem.c(606): warning:  #111-D: statement is unreachable
compiling system_LPC8xx.c...
assembling startup_LPC8xx.s...
linking...
Program Size: Code=3180 RO-data=1132 RW-data=44 ZI-data=996  
".\obj\dsp.axf" - 0 Errors, 6 Warning(s).

*** Performing Cross-Module-Optimization:
compiling lpc8xx_gpio.c...
compiling lpc8xx_mrt.c...
compiling lpc8xx_uart.c...
compiling main.c...
src\main.c(22): warning:  #223-D: function "malloc" declared implicitly
src\main.c(40): warning:  #223-D: function "free" declared implicitly
compiling device_depend.c...
compiling ravem.c...
src\ravem.c(451): warning:  #223-D: function "malloc" declared implicitly
src\ravem.c(454): warning:  #223-D: function "free" declared implicitly
src\ravem.c(455): warning:  #223-D: function "malloc" declared implicitly
src\ravem.c(606): warning:  #111-D: statement is unreachable
compiling system_LPC8xx.c...
linking...
Program Size: Code=3180 RO-data=1132 RW-data=44 ZI-data=996  
FromELF: creating hex file...
".\obj\dsp.axf" - 0 Errors, 6 Warning(s).
*** Completed Cross-Module-Optimization after 2 iteration(s).
Load "C:\\Users\\atsu\\Documents\\apnt_237\\RaVem\\obj\\dsp.axf" 
Erase Done.
Programming Done.
Verify OK.
Application running ...
Build target 'RaVem'
Clean started - Project: 'RaVem'
   deleting intermediate output files for target 'RaVem'
*** Scatter Error: no default 'Read/Write' range selected
compiling lpc8xx_gpio.c...
compiling lpc8xx_mrt.c...
compiling lpc8xx_nmi.c...
compiling lpc8xx_uart.c...
compiling main.c...
src\main.c(22): warning:  #223-D: function "malloc" declared implicitly
src\main.c(40): warning:  #223-D: function "free" declared implicitly
compiling device_depend.c...
compiling ravem.c...
src\ravem.c(451): warning:  #223-D: function "malloc" declared implicitly
src\ravem.c(454): warning:  #223-D: function "free" declared implicitly
src\ravem.c(455): warning:  #223-D: function "malloc" declared implicitly
src\ravem.c(606): warning:  #111-D: statement is unreachable
compiling system_LPC8xx.c...
assembling startup_LPC8xx.s...
linking...
Program Size: Code=3180 RO-data=1132 RW-data=44 ZI-data=996  
".\obj\dsp.axf" - 0 Errors, 6 Warning(s).

*** Performing Cross-Module-Optimization:
compiling lpc8xx_gpio.c...
compiling lpc8xx_mrt.c...
compiling lpc8xx_uart.c...
compiling main.c...
src\main.c(22): warning:  #223-D: function "malloc" declared implicitly
src\main.c(40): warning:  #223-D: function "free" declared implicitly
compiling device_depend.c...
compiling ravem.c...
src\ravem.c(451): warning:  #223-D: function "malloc" declared implicitly
src\ravem.c(454): warning:  #223-D: function "free" declared implicitly
src\ravem.c(455): warning:  #223-D: function "malloc" declared implicitly
src\ravem.c(606): warning:  #111-D: statement is unreachable
compiling system_LPC8xx.c...
linking...
Program Size: Code=3180 RO-data=1132 RW-data=44 ZI-data=996  
FromELF: creating hex file...
".\obj\dsp.axf" - 0 Errors, 6 Warning(s).
*** Completed Cross-Module-Optimization after 2 iteration(s).
Load "C:\\Users\\atsu\\Documents\\apnt_237\\RaVem\\obj\\dsp.axf" 
Erase Done.
Programming Done.
Verify OK.
Application running ...
Build target 'RaVem'
Clean started - Project: 'RaVem'
   deleting intermediate output files for target 'RaVem'
*** Scatter Error: no default 'Read/Write' range selected
compiling lpc8xx_gpio.c...
compiling lpc8xx_mrt.c...
compiling lpc8xx_nmi.c...
compiling lpc8xx_uart.c...
compiling main.c...
src\main.c(22): warning:  #223-D: function "malloc" declared implicitly
src\main.c(40): warning:  #223-D: function "free" declared implicitly
compiling device_depend.c...
compiling ravem.c...
src\ravem.c(451): warning:  #223-D: function "malloc" declared implicitly
src\ravem.c(454): warning:  #223-D: function "free" declared implicitly
src\ravem.c(455): warning:  #223-D: function "malloc" declared implicitly
src\ravem.c(606): warning:  #111-D: statement is unreachable
compiling system_LPC8xx.c...
assembling startup_LPC8xx.s...
linking...
Program Size: Code=3204 RO-data=1132 RW-data=44 ZI-data=996  
".\obj\dsp.axf" - 0 Errors, 6 Warning(s).

*** Performing Cross-Module-Optimization:
compiling lpc8xx_gpio.c...
compiling lpc8xx_mrt.c...
compiling lpc8xx_uart.c...
compiling main.c...
src\main.c(22): warning:  #223-D: function "malloc" declared implicitly
src\main.c(40): warning:  #223-D: function "free" declared implicitly
compiling device_depend.c...
compiling ravem.c...
src\ravem.c(451): warning:  #223-D: function "malloc" declared implicitly
src\ravem.c(454): warning:  #223-D: function "free" declared implicitly
src\ravem.c(455): warning:  #223-D: function "malloc" declared implicitly
src\ravem.c(606): warning:  #111-D: statement is unreachable
compiling system_LPC8xx.c...
linking...
Program Size: Code=3204 RO-data=1132 RW-data=44 ZI-data=996  
FromELF: creating hex file...
".\obj\dsp.axf" - 0 Errors, 6 Warning(s).
*** Completed Cross-Module-Optimization after 2 iteration(s).
Build target 'RaVem'
Clean started - Project: 'RaVem'
   deleting intermediate output files for target 'RaVem'
*** Scatter Error: no default 'Read/Write' range selected
compiling lpc8xx_gpio.c...
compiling lpc8xx_mrt.c...
compiling lpc8xx_nmi.c...
compiling lpc8xx_uart.c...
compiling main.c...
src\main.c(22): warning:  #223-D: function "malloc" declared implicitly
src\main.c(40): warning:  #223-D: function "free" declared implicitly
compiling device_depend.c...
compiling ravem.c...
src\ravem.c(451): warning:  #223-D: function "malloc" declared implicitly
src\ravem.c(454): warning:  #223-D: function "free" declared implicitly
src\ravem.c(455): warning:  #223-D: function "malloc" declared implicitly
src\ravem.c(606): warning:  #111-D: statement is unreachable
compiling system_LPC8xx.c...
assembling startup_LPC8xx.s...
linking...
Program Size: Code=3180 RO-data=1132 RW-data=44 ZI-data=996  
".\obj\dsp.axf" - 0 Errors, 6 Warning(s).

*** Performing Cross-Module-Optimization:
compiling lpc8xx_gpio.c...
compiling lpc8xx_mrt.c...
compiling lpc8xx_uart.c...
compiling main.c...
src\main.c(22): warning:  #223-D: function "malloc" declared implicitly
src\main.c(40): warning:  #223-D: function "free" declared implicitly
compiling device_depend.c...
compiling ravem.c...
src\ravem.c(451): warning:  #223-D: function "malloc" declared implicitly
src\ravem.c(454): warning:  #223-D: function "free" declared implicitly
src\ravem.c(455): warning:  #223-D: function "malloc" declared implicitly
src\ravem.c(606): warning:  #111-D: statement is unreachable
compiling system_LPC8xx.c...
linking...
Program Size: Code=3180 RO-data=1132 RW-data=44 ZI-data=996  
FromELF: creating hex file...
".\obj\dsp.axf" - 0 Errors, 6 Warning(s).
*** Completed Cross-Module-Optimization after 2 iteration(s).
Load "C:\\Users\\atsu\\Documents\\apnt_237\\RaVem\\obj\\dsp.axf" 
Erase Done.
Programming Done.
Verify OK.
Application running ...
Build target 'RaVem'
Clean started - Project: 'RaVem'
   deleting intermediate output files for target 'RaVem'
*** Scatter Error: no default 'Read/Write' range selected
compiling lpc8xx_gpio.c...
compiling lpc8xx_mrt.c...
compiling lpc8xx_nmi.c...
compiling lpc8xx_uart.c...
compiling main.c...
src\main.c(22): warning:  #223-D: function "malloc" declared implicitly
src\main.c(40): warning:  #223-D: function "free" declared implicitly
compiling device_depend.c...
compiling ravem.c...
src\ravem.c(452): warning:  #223-D: function "malloc" declared implicitly
src\ravem.c(455): warning:  #223-D: function "free" declared implicitly
src\ravem.c(456): warning:  #223-D: function "malloc" declared implicitly
src\ravem.c(607): warning:  #111-D: statement is unreachable
compiling system_LPC8xx.c...
assembling startup_LPC8xx.s...
linking...
Program Size: Code=3192 RO-data=1132 RW-data=44 ZI-data=996  
".\obj\dsp.axf" - 0 Errors, 6 Warning(s).

*** Performing Cross-Module-Optimization:
compiling lpc8xx_gpio.c...
compiling lpc8xx_mrt.c...
compiling lpc8xx_uart.c...
compiling main.c...
src\main.c(22): warning:  #223-D: function "malloc" declared implicitly
src\main.c(40): warning:  #223-D: function "free" declared implicitly
compiling device_depend.c...
compiling ravem.c...
src\ravem.c(452): warning:  #223-D: function "malloc" declared implicitly
src\ravem.c(455): warning:  #223-D: function "free" declared implicitly
src\ravem.c(456): warning:  #223-D: function "malloc" declared implicitly
src\ravem.c(607): warning:  #111-D: statement is unreachable
compiling system_LPC8xx.c...
linking...
Program Size: Code=3192 RO-data=1132 RW-data=44 ZI-data=996  
FromELF: creating hex file...
".\obj\dsp.axf" - 0 Errors, 6 Warning(s).
*** Completed Cross-Module-Optimization after 2 iteration(s).
Load "C:\\Users\\atsu\\Documents\\apnt_237\\RaVem\\obj\\dsp.axf" 
Erase Done.
Programming Done.
Verify OK.
Application running ...
Build target 'RaVem'
Clean started - Project: 'RaVem'
   deleting intermediate output files for target 'RaVem'
*** Scatter Error: no default 'Read/Write' range selected
compiling lpc8xx_gpio.c...
compiling lpc8xx_mrt.c...
compiling lpc8xx_nmi.c...
compiling lpc8xx_uart.c...
compiling main.c...
src\main.c(22): warning:  #223-D: function "malloc" declared implicitly
src\main.c(40): warning:  #223-D: function "free" declared implicitly
compiling device_depend.c...
compiling ravem.c...
src\ravem.c(453): warning:  #223-D: function "malloc" declared implicitly
src\ravem.c(456): warning:  #223-D: function "free" declared implicitly
src\ravem.c(457): warning:  #223-D: function "malloc" declared implicitly
src\ravem.c(608): warning:  #111-D: statement is unreachable
compiling system_LPC8xx.c...
assembling startup_LPC8xx.s...
linking...
Program Size: Code=3200 RO-data=1132 RW-data=44 ZI-data=996  
".\obj\dsp.axf" - 0 Errors, 6 Warning(s).

*** Performing Cross-Module-Optimization:
compiling lpc8xx_gpio.c...
compiling lpc8xx_mrt.c...
compiling lpc8xx_uart.c...
compiling main.c...
src\main.c(22): warning:  #223-D: function "malloc" declared implicitly
src\main.c(40): warning:  #223-D: function "free" declared implicitly
compiling device_depend.c...
compiling ravem.c...
src\ravem.c(453): warning:  #223-D: function "malloc" declared implicitly
src\ravem.c(456): warning:  #223-D: function "free" declared implicitly
src\ravem.c(457): warning:  #223-D: function "malloc" declared implicitly
src\ravem.c(608): warning:  #111-D: statement is unreachable
compiling system_LPC8xx.c...
linking...
Program Size: Code=3200 RO-data=1132 RW-data=44 ZI-data=996  
FromELF: creating hex file...
".\obj\dsp.axf" - 0 Errors, 6 Warning(s).
*** Completed Cross-Module-Optimization after 2 iteration(s).
Load "C:\\Users\\atsu\\Documents\\apnt_237\\RaVem\\obj\\dsp.axf" 
Erase Done.
Programming Done.
Verify OK.
Application running ...
Build target 'RaVem'
Clean started - Project: 'RaVem'
   deleting intermediate output files for target 'RaVem'
*** Scatter Error: no default 'Read/Write' range selected
compiling lpc8xx_gpio.c...
compiling lpc8xx_mrt.c...
compiling lpc8xx_nmi.c...
compiling lpc8xx_uart.c...
compiling main.c...
src\main.c(22): warning:  #223-D: function "malloc" declared implicitly
src\main.c(40): warning:  #223-D: function "free" declared implicitly
compiling device_depend.c...
compiling ravem.c...
src\ravem.c(452): warning:  #223-D: function "malloc" declared implicitly
src\ravem.c(455): warning:  #223-D: function "free" declared implicitly
src\ravem.c(456): warning:  #223-D: function "malloc" declared implicitly
src\ravem.c(607): warning:  #111-D: statement is unreachable
compiling system_LPC8xx.c...
assembling startup_LPC8xx.s...
linking...
Program Size: Code=3200 RO-data=1132 RW-data=44 ZI-data=996  
".\obj\dsp.axf" - 0 Errors, 6 Warning(s).

*** Performing Cross-Module-Optimization:
compiling lpc8xx_gpio.c...
compiling lpc8xx_mrt.c...
compiling lpc8xx_uart.c...
compiling main.c...
src\main.c(22): warning:  #223-D: function "malloc" declared implicitly
src\main.c(40): warning:  #223-D: function "free" declared implicitly
compiling device_depend.c...
compiling ravem.c...
src\ravem.c(452): warning:  #223-D: function "malloc" declared implicitly
src\ravem.c(455): warning:  #223-D: function "free" declared implicitly
src\ravem.c(456): warning:  #223-D: function "malloc" declared implicitly
src\ravem.c(607): warning:  #111-D: statement is unreachable
compiling system_LPC8xx.c...
linking...
Program Size: Code=3200 RO-data=1132 RW-data=44 ZI-data=996  
FromELF: creating hex file...
".\obj\dsp.axf" - 0 Errors, 6 Warning(s).
*** Completed Cross-Module-Optimization after 2 iteration(s).
Load "C:\\Users\\atsu\\Documents\\apnt_237\\RaVem\\obj\\dsp.axf" 
Erase Done.
Programming Done.
Verify OK.
Application running ...
Build target 'RaVem'
Clean started - Project: 'RaVem'
   deleting intermediate output files for target 'RaVem'
*** Scatter Error: no default 'Read/Write' range selected
compiling lpc8xx_gpio.c...
compiling lpc8xx_mrt.c...
compiling lpc8xx_nmi.c...
compiling lpc8xx_uart.c...
compiling main.c...
src\main.c(22): warning:  #223-D: function "malloc" declared implicitly
src\main.c(40): warning:  #223-D: function "free" declared implicitly
compiling device_depend.c...
compiling ravem.c...
src\ravem.c(451): warning:  #223-D: function "malloc" declared implicitly
src\ravem.c(454): warning:  #223-D: function "free" declared implicitly
src\ravem.c(455): warning:  #223-D: function "malloc" declared implicitly
src\ravem.c(606): warning:  #111-D: statement is unreachable
compiling system_LPC8xx.c...
assembling startup_LPC8xx.s...
linking...
Program Size: Code=3180 RO-data=1132 RW-data=44 ZI-data=996  
".\obj\dsp.axf" - 0 Errors, 6 Warning(s).

*** Performing Cross-Module-Optimization:
compiling lpc8xx_gpio.c...
compiling lpc8xx_mrt.c...
compiling lpc8xx_uart.c...
compiling main.c...
src\main.c(22): warning:  #223-D: function "malloc" declared implicitly
src\main.c(40): warning:  #223-D: function "free" declared implicitly
compiling device_depend.c...
compiling ravem.c...
src\ravem.c(451): warning:  #223-D: function "malloc" declared implicitly
src\ravem.c(454): warning:  #223-D: function "free" declared implicitly
src\ravem.c(455): warning:  #223-D: function "malloc" declared implicitly
src\ravem.c(606): warning:  #111-D: statement is unreachable
compiling system_LPC8xx.c...
linking...
Program Size: Code=3180 RO-data=1132 RW-data=44 ZI-data=996  
FromELF: creating hex file...
".\obj\dsp.axf" - 0 Errors, 6 Warning(s).
*** Completed Cross-Module-Optimization after 2 iteration(s).
Load "C:\\Users\\atsu\\Documents\\apnt_237\\RaVem\\obj\\dsp.axf" 
Erase Done.
Programming Done.
Verify OK.
Application running ...
Build target 'RaVem'
Clean started - Project: 'RaVem'
   deleting intermediate output files for target 'RaVem'
*** Scatter Error: no default 'Read/Write' range selected
compiling lpc8xx_gpio.c...
compiling lpc8xx_mrt.c...
compiling lpc8xx_nmi.c...
compiling lpc8xx_uart.c...
compiling main.c...
src\main.c(22): warning:  #223-D: function "malloc" declared implicitly
src\main.c(40): warning:  #223-D: function "free" declared implicitly
compiling device_depend.c...
compiling ravem.c...
src\ravem.c(451): warning:  #223-D: function "malloc" declared implicitly
src\ravem.c(454): warning:  #223-D: function "free" declared implicitly
src\ravem.c(455): warning:  #223-D: function "malloc" declared implicitly
src\ravem.c(606): warning:  #111-D: statement is unreachable
compiling system_LPC8xx.c...
assembling startup_LPC8xx.s...
linking...
Program Size: Code=3204 RO-data=1132 RW-data=44 ZI-data=996  
".\obj\dsp.axf" - 0 Errors, 6 Warning(s).

*** Performing Cross-Module-Optimization:
compiling lpc8xx_gpio.c...
compiling lpc8xx_mrt.c...
compiling lpc8xx_uart.c...
compiling main.c...
src\main.c(22): warning:  #223-D: function "malloc" declared implicitly
src\main.c(40): warning:  #223-D: function "free" declared implicitly
compiling device_depend.c...
compiling ravem.c...
src\ravem.c(451): warning:  #223-D: function "malloc" declared implicitly
src\ravem.c(454): warning:  #223-D: function "free" declared implicitly
src\ravem.c(455): warning:  #223-D: function "malloc" declared implicitly
src\ravem.c(606): warning:  #111-D: statement is unreachable
compiling system_LPC8xx.c...
linking...
Program Size: Code=3204 RO-data=1132 RW-data=44 ZI-data=996  
FromELF: creating hex file...
".\obj\dsp.axf" - 0 Errors, 6 Warning(s).
*** Completed Cross-Module-Optimization after 2 iteration(s).
Load "C:\\Users\\atsu\\Documents\\apnt_237\\RaVem\\obj\\dsp.axf" 
Erase Done.
Programming Done.
Verify OK.
Application running ...
Build target 'RaVem'
Clean started - Project: 'RaVem'
   deleting intermediate output files for target 'RaVem'
*** Scatter Error: no default 'Read/Write' range selected
compiling lpc8xx_gpio.c...
compiling lpc8xx_mrt.c...
compiling lpc8xx_nmi.c...
compiling lpc8xx_uart.c...
compiling main.c...
src\main.c(22): warning:  #223-D: function "malloc" declared implicitly
src\main.c(40): warning:  #223-D: function "free" declared implicitly
compiling device_depend.c...
compiling ravem.c...
src\ravem.c(451): warning:  #223-D: function "malloc" declared implicitly
src\ravem.c(454): warning:  #223-D: function "free" declared implicitly
src\ravem.c(455): warning:  #223-D: function "malloc" declared implicitly
src\ravem.c(606): warning:  #111-D: statement is unreachable
compiling system_LPC8xx.c...
assembling startup_LPC8xx.s...
linking...
Program Size: Code=3204 RO-data=1132 RW-data=44 ZI-data=996  
".\obj\dsp.axf" - 0 Errors, 6 Warning(s).

*** Performing Cross-Module-Optimization:
compiling lpc8xx_gpio.c...
compiling lpc8xx_mrt.c...
compiling lpc8xx_uart.c...
compiling main.c...
src\main.c(22): warning:  #223-D: function "malloc" declared implicitly
src\main.c(40): warning:  #223-D: function "free" declared implicitly
compiling device_depend.c...
compiling ravem.c...
src\ravem.c(451): warning:  #223-D: function "malloc" declared implicitly
src\ravem.c(454): warning:  #223-D: function "free" declared implicitly
src\ravem.c(455): warning:  #223-D: function "malloc" declared implicitly
src\ravem.c(606): warning:  #111-D: statement is unreachable
compiling system_LPC8xx.c...
linking...
Program Size: Code=3204 RO-data=1132 RW-data=44 ZI-data=996  
FromELF: creating hex file...
".\obj\dsp.axf" - 0 Errors, 6 Warning(s).
*** Completed Cross-Module-Optimization after 2 iteration(s).
Load "C:\\Users\\atsu\\Documents\\apnt_237\\RaVem\\obj\\dsp.axf" 
Erase Done.
Programming Done.
Verify OK.
Application running ...
Build target 'RaVem'
Clean started - Project: 'RaVem'
   deleting intermediate output files for target 'RaVem'
*** Scatter Error: no default 'Read/Write' range selected
compiling lpc8xx_gpio.c...
compiling lpc8xx_mrt.c...
compiling lpc8xx_nmi.c...
compiling lpc8xx_uart.c...
compiling main.c...
src\main.c(22): warning:  #223-D: function "malloc" declared implicitly
src\main.c(41): warning:  #223-D: function "free" declared implicitly
compiling device_depend.c...
compiling ravem.c...
src\ravem.c(451): warning:  #223-D: function "malloc" declared implicitly
src\ravem.c(454): warning:  #223-D: function "free" declared implicitly
src\ravem.c(455): warning:  #223-D: function "malloc" declared implicitly
src\ravem.c(606): warning:  #111-D: statement is unreachable
compiling system_LPC8xx.c...
assembling startup_LPC8xx.s...
linking...
Program Size: Code=3044 RO-data=1132 RW-data=44 ZI-data=996  
".\obj\dsp.axf" - 0 Errors, 6 Warning(s).

*** Performing Cross-Module-Optimization:
compiling lpc8xx_gpio.c...
compiling lpc8xx_mrt.c...
compiling lpc8xx_uart.c...
compiling main.c...
src\main.c(22): warning:  #223-D: function "malloc" declared implicitly
src\main.c(41): warning:  #223-D: function "free" declared implicitly
compiling device_depend.c...
compiling ravem.c...
src\ravem.c(451): warning:  #223-D: function "malloc" declared implicitly
src\ravem.c(454): warning:  #223-D: function "free" declared implicitly
src\ravem.c(455): warning:  #223-D: function "malloc" declared implicitly
src\ravem.c(606): warning:  #111-D: statement is unreachable
compiling system_LPC8xx.c...
linking...
Program Size: Code=3044 RO-data=1132 RW-data=44 ZI-data=996  
FromELF: creating hex file...
".\obj\dsp.axf" - 0 Errors, 6 Warning(s).
*** Completed Cross-Module-Optimization after 2 iteration(s).
Load "C:\\Users\\atsu\\Documents\\apnt_237\\RaVem\\obj\\dsp.axf" 
Erase Done.
Programming Done.
Verify OK.
Application running ...
Build target 'RaVem'
Clean started - Project: 'RaVem'
   deleting intermediate output files for target 'RaVem'
*** Scatter Error: no default 'Read/Write' range selected
compiling lpc8xx_gpio.c...
compiling lpc8xx_mrt.c...
compiling lpc8xx_nmi.c...
compiling lpc8xx_uart.c...
compiling main.c...
src\main.c(22): warning:  #223-D: function "malloc" declared implicitly
src\main.c(36): warning:  #181-D: argument is incompatible with corresponding format string conversion
src\main.c(41): warning:  #223-D: function "free" declared implicitly
src\main.c(34): warning:  #177-D: variable "sss" was declared but never referenced
compiling device_depend.c...
compiling ravem.c...
src\ravem.c(451): warning:  #223-D: function "malloc" declared implicitly
src\ravem.c(454): warning:  #223-D: function "free" declared implicitly
src\ravem.c(455): warning:  #223-D: function "malloc" declared implicitly
src\ravem.c(606): warning:  #111-D: statement is unreachable
compiling system_LPC8xx.c...
assembling startup_LPC8xx.s...
linking...
Program Size: Code=3152 RO-data=1132 RW-data=44 ZI-data=996  
".\obj\dsp.axf" - 0 Errors, 8 Warning(s).

*** Performing Cross-Module-Optimization:
compiling lpc8xx_gpio.c...
compiling lpc8xx_mrt.c...
compiling lpc8xx_uart.c...
compiling main.c...
src\main.c(22): warning:  #223-D: function "malloc" declared implicitly
src\main.c(36): warning:  #181-D: argument is incompatible with corresponding format string conversion
src\main.c(41): warning:  #223-D: function "free" declared implicitly
src\main.c(34): warning:  #177-D: variable "sss" was declared but never referenced
compiling device_depend.c...
compiling ravem.c...
src\ravem.c(451): warning:  #223-D: function "malloc" declared implicitly
src\ravem.c(454): warning:  #223-D: function "free" declared implicitly
src\ravem.c(455): warning:  #223-D: function "malloc" declared implicitly
src\ravem.c(606): warning:  #111-D: statement is unreachable
compiling system_LPC8xx.c...
linking...
Program Size: Code=3152 RO-data=1132 RW-data=44 ZI-data=996  
FromELF: creating hex file...
".\obj\dsp.axf" - 0 Errors, 8 Warning(s).
*** Completed Cross-Module-Optimization after 2 iteration(s).
Load "C:\\Users\\atsu\\Documents\\apnt_237\\RaVem\\obj\\dsp.axf" 
Erase Done.
Programming Done.
Verify OK.
Application running ...
Build target 'RaVem'
Clean started - Project: 'RaVem'
   deleting intermediate output files for target 'RaVem'
*** Scatter Error: no default 'Read/Write' range selected
compiling lpc8xx_gpio.c...
compiling lpc8xx_mrt.c...
compiling lpc8xx_nmi.c...
compiling lpc8xx_uart.c...
compiling main.c...
src\main.c(22): warning:  #223-D: function "malloc" declared implicitly
src\main.c(36): warning:  #181-D: argument is incompatible with corresponding format string conversion
src\main.c(41): warning:  #223-D: function "free" declared implicitly
src\main.c(34): warning:  #177-D: variable "sss" was declared but never referenced
compiling device_depend.c...
compiling ravem.c...
src\ravem.c(451): warning:  #223-D: function "malloc" declared implicitly
src\ravem.c(454): warning:  #223-D: function "free" declared implicitly
src\ravem.c(455): warning:  #223-D: function "malloc" declared implicitly
src\ravem.c(606): warning:  #111-D: statement is unreachable
compiling system_LPC8xx.c...
assembling startup_LPC8xx.s...
linking...
Program Size: Code=3152 RO-data=1132 RW-data=44 ZI-data=996  
".\obj\dsp.axf" - 0 Errors, 8 Warning(s).

*** Performing Cross-Module-Optimization:
compiling lpc8xx_gpio.c...
compiling lpc8xx_mrt.c...
compiling lpc8xx_uart.c...
compiling main.c...
src\main.c(22): warning:  #223-D: function "malloc" declared implicitly
src\main.c(36): warning:  #181-D: argument is incompatible with corresponding format string conversion
src\main.c(41): warning:  #223-D: function "free" declared implicitly
src\main.c(34): warning:  #177-D: variable "sss" was declared but never referenced
compiling device_depend.c...
compiling ravem.c...
src\ravem.c(451): warning:  #223-D: function "malloc" declared implicitly
src\ravem.c(454): warning:  #223-D: function "free" declared implicitly
src\ravem.c(455): warning:  #223-D: function "malloc" declared implicitly
src\ravem.c(606): warning:  #111-D: statement is unreachable
compiling system_LPC8xx.c...
linking...
Program Size: Code=3152 RO-data=1132 RW-data=44 ZI-data=996  
FromELF: creating hex file...
".\obj\dsp.axf" - 0 Errors, 8 Warning(s).
*** Completed Cross-Module-Optimization after 2 iteration(s).
Load "C:\\Users\\atsu\\Documents\\apnt_237\\RaVem\\obj\\dsp.axf" 
Erase Done.
Programming Done.
Verify OK.
Application running ...
Build target 'RaVem'
Clean started - Project: 'RaVem'
   deleting intermediate output files for target 'RaVem'
*** Scatter Error: no default 'Read/Write' range selected
compiling lpc8xx_gpio.c...
compiling lpc8xx_mrt.c...
compiling lpc8xx_nmi.c...
compiling lpc8xx_uart.c...
compiling main.c...
src\main.c(22): warning:  #223-D: function "malloc" declared implicitly
src\main.c(41): warning:  #223-D: function "free" declared implicitly
compiling device_depend.c...
compiling ravem.c...
src\ravem.c(451): warning:  #223-D: function "malloc" declared implicitly
src\ravem.c(454): warning:  #223-D: function "free" declared implicitly
src\ravem.c(455): warning:  #223-D: function "malloc" declared implicitly
src\ravem.c(606): warning:  #111-D: statement is unreachable
compiling system_LPC8xx.c...
assembling startup_LPC8xx.s...
linking...
Program Size: Code=3172 RO-data=1132 RW-data=44 ZI-data=996  
".\obj\dsp.axf" - 0 Errors, 6 Warning(s).

*** Performing Cross-Module-Optimization:
compiling lpc8xx_gpio.c...
compiling lpc8xx_mrt.c...
compiling lpc8xx_uart.c...
compiling main.c...
src\main.c(22): warning:  #223-D: function "malloc" declared implicitly
src\main.c(41): warning:  #223-D: function "free" declared implicitly
compiling device_depend.c...
compiling ravem.c...
src\ravem.c(451): warning:  #223-D: function "malloc" declared implicitly
src\ravem.c(454): warning:  #223-D: function "free" declared implicitly
src\ravem.c(455): warning:  #223-D: function "malloc" declared implicitly
src\ravem.c(606): warning:  #111-D: statement is unreachable
compiling system_LPC8xx.c...
linking...
Program Size: Code=3172 RO-data=1132 RW-data=44 ZI-data=996  
FromELF: creating hex file...
".\obj\dsp.axf" - 0 Errors, 6 Warning(s).
*** Completed Cross-Module-Optimization after 2 iteration(s).
Build target 'RaVem'
Clean started - Project: 'RaVem'
   deleting intermediate output files for target 'RaVem'
*** Scatter Error: no default 'Read/Write' range selected
compiling lpc8xx_gpio.c...
compiling lpc8xx_mrt.c...
compiling lpc8xx_nmi.c...
compiling lpc8xx_uart.c...
compiling main.c...
src\main.c(22): warning:  #223-D: function "malloc" declared implicitly
src\main.c(41): warning:  #223-D: function "free" declared implicitly
compiling device_depend.c...
compiling ravem.c...
src\ravem.c(451): warning:  #223-D: function "malloc" declared implicitly
src\ravem.c(454): warning:  #223-D: function "free" declared implicitly
src\ravem.c(455): warning:  #223-D: function "malloc" declared implicitly
src\ravem.c(606): warning:  #111-D: statement is unreachable
compiling system_LPC8xx.c...
assembling startup_LPC8xx.s...
linking...
Program Size: Code=3172 RO-data=1132 RW-data=44 ZI-data=996  
".\obj\dsp.axf" - 0 Errors, 6 Warning(s).

*** Performing Cross-Module-Optimization:
compiling lpc8xx_gpio.c...
compiling lpc8xx_mrt.c...
compiling lpc8xx_uart.c...
compiling main.c...
src\main.c(22): warning:  #223-D: function "malloc" declared implicitly
src\main.c(41): warning:  #223-D: function "free" declared implicitly
compiling device_depend.c...
compiling ravem.c...
src\ravem.c(451): warning:  #223-D: function "malloc" declared implicitly
src\ravem.c(454): warning:  #223-D: function "free" declared implicitly
src\ravem.c(455): warning:  #223-D: function "malloc" declared implicitly
src\ravem.c(606): warning:  #111-D: statement is unreachable
compiling system_LPC8xx.c...
linking...
Program Size: Code=3172 RO-data=1132 RW-data=44 ZI-data=996  
FromELF: creating hex file...
".\obj\dsp.axf" - 0 Errors, 6 Warning(s).
*** Completed Cross-Module-Optimization after 2 iteration(s).
Build target 'RaVem'
Clean started - Project: 'RaVem'
   deleting intermediate output files for target 'RaVem'
*** Scatter Error: no default 'Read/Write' range selected
compiling lpc8xx_gpio.c...
compiling lpc8xx_mrt.c...
compiling lpc8xx_nmi.c...
compiling lpc8xx_uart.c...
compiling main.c...
src\main.c(22): warning:  #223-D: function "malloc" declared implicitly
src\main.c(41): warning:  #223-D: function "free" declared implicitly
compiling device_depend.c...
compiling ravem.c...
src\ravem.c(451): warning:  #223-D: function "malloc" declared implicitly
src\ravem.c(454): warning:  #223-D: function "free" declared implicitly
src\ravem.c(455): warning:  #223-D: function "malloc" declared implicitly
src\ravem.c(606): warning:  #111-D: statement is unreachable
compiling system_LPC8xx.c...
assembling startup_LPC8xx.s...
linking...
Program Size: Code=3108 RO-data=1132 RW-data=44 ZI-data=996  
".\obj\dsp.axf" - 0 Errors, 6 Warning(s).

*** Performing Cross-Module-Optimization:
compiling lpc8xx_gpio.c...
compiling lpc8xx_mrt.c...
compiling lpc8xx_uart.c...
compiling main.c...
src\main.c(22): warning:  #223-D: function "malloc" declared implicitly
src\main.c(41): warning:  #223-D: function "free" declared implicitly
compiling device_depend.c...
compiling ravem.c...
src\ravem.c(451): warning:  #223-D: function "malloc" declared implicitly
src\ravem.c(454): warning:  #223-D: function "free" declared implicitly
src\ravem.c(455): warning:  #223-D: function "malloc" declared implicitly
src\ravem.c(606): warning:  #111-D: statement is unreachable
compiling system_LPC8xx.c...
linking...
Program Size: Code=3108 RO-data=1132 RW-data=44 ZI-data=996  
FromELF: creating hex file...
".\obj\dsp.axf" - 0 Errors, 6 Warning(s).
*** Completed Cross-Module-Optimization after 2 iteration(s).
Load "C:\\Users\\atsu\\Documents\\apnt_237\\RaVem\\obj\\dsp.axf" 
Erase Done.
Programming Done.
Verify OK.
Application running ...
Build target 'RaVem'
Clean started - Project: 'RaVem'
   deleting intermediate output files for target 'RaVem'
*** Scatter Error: no default 'Read/Write' range selected
compiling lpc8xx_gpio.c...
compiling lpc8xx_mrt.c...
compiling lpc8xx_nmi.c...
compiling lpc8xx_uart.c...
compiling main.c...
src\main.c(22): warning:  #223-D: function "malloc" declared implicitly
src\main.c(41): warning:  #223-D: function "free" declared implicitly
compiling device_depend.c...
compiling ravem.c...
src\ravem.c(451): warning:  #223-D: function "malloc" declared implicitly
src\ravem.c(454): warning:  #223-D: function "free" declared implicitly
src\ravem.c(455): warning:  #223-D: function "malloc" declared implicitly
src\ravem.c(606): warning:  #111-D: statement is unreachable
compiling system_LPC8xx.c...
assembling startup_LPC8xx.s...
linking...
Program Size: Code=3044 RO-data=1132 RW-data=44 ZI-data=996  
".\obj\dsp.axf" - 0 Errors, 6 Warning(s).

*** Performing Cross-Module-Optimization:
compiling lpc8xx_gpio.c...
compiling lpc8xx_mrt.c...
compiling lpc8xx_uart.c...
compiling main.c...
src\main.c(22): warning:  #223-D: function "malloc" declared implicitly
src\main.c(41): warning:  #223-D: function "free" declared implicitly
compiling device_depend.c...
compiling ravem.c...
src\ravem.c(451): warning:  #223-D: function "malloc" declared implicitly
src\ravem.c(454): warning:  #223-D: function "free" declared implicitly
src\ravem.c(455): warning:  #223-D: function "malloc" declared implicitly
src\ravem.c(606): warning:  #111-D: statement is unreachable
compiling system_LPC8xx.c...
linking...
Program Size: Code=3044 RO-data=1132 RW-data=44 ZI-data=996  
FromELF: creating hex file...
".\obj\dsp.axf" - 0 Errors, 6 Warning(s).
*** Completed Cross-Module-Optimization after 2 iteration(s).
Load "C:\\Users\\atsu\\Documents\\apnt_237\\RaVem\\obj\\dsp.axf" 
Erase Done.
Programming Done.
Verify OK.
Application running ...
Build target 'RaVem'
Clean started - Project: 'RaVem'
   deleting intermediate output files for target 'RaVem'
*** Scatter Error: no default 'Read/Write' range selected
compiling lpc8xx_gpio.c...
compiling lpc8xx_mrt.c...
compiling lpc8xx_nmi.c...
compiling lpc8xx_uart.c...
compiling main.c...
src\main.c(22): warning:  #223-D: function "malloc" declared implicitly
src\main.c(41): warning:  #223-D: function "free" declared implicitly
compiling device_depend.c...
compiling ravem.c...
src\ravem.c(451): warning:  #223-D: function "malloc" declared implicitly
src\ravem.c(454): warning:  #223-D: function "free" declared implicitly
src\ravem.c(455): warning:  #223-D: function "malloc" declared implicitly
src\ravem.c(606): warning:  #111-D: statement is unreachable
compiling system_LPC8xx.c...
assembling startup_LPC8xx.s...
linking...
Program Size: Code=3044 RO-data=1132 RW-data=44 ZI-data=996  
".\obj\dsp.axf" - 0 Errors, 6 Warning(s).

*** Performing Cross-Module-Optimization:
compiling lpc8xx_gpio.c...
compiling lpc8xx_mrt.c...
compiling lpc8xx_uart.c...
compiling main.c...
src\main.c(22): warning:  #223-D: function "malloc" declared implicitly
src\main.c(41): warning:  #223-D: function "free" declared implicitly
compiling device_depend.c...
compiling ravem.c...
src\ravem.c(451): warning:  #223-D: function "malloc" declared implicitly
src\ravem.c(454): warning:  #223-D: function "free" declared implicitly
src\ravem.c(455): warning:  #223-D: function "malloc" declared implicitly
src\ravem.c(606): warning:  #111-D: statement is unreachable
compiling system_LPC8xx.c...
linking...
Program Size: Code=3044 RO-data=1132 RW-data=44 ZI-data=996  
FromELF: creating hex file...
".\obj\dsp.axf" - 0 Errors, 6 Warning(s).
*** Completed Cross-Module-Optimization after 2 iteration(s).
Load "C:\\Users\\atsu\\Documents\\apnt_237\\RaVem\\obj\\dsp.axf" 
Erase Done.
Programming Done.
Verify OK.
Application running ...
Build target 'RaVem'
Clean started - Project: 'RaVem'
   deleting intermediate output files for target 'RaVem'
*** Scatter Error: no default 'Read/Write' range selected
compiling lpc8xx_gpio.c...
compiling lpc8xx_mrt.c...
compiling lpc8xx_nmi.c...
compiling lpc8xx_uart.c...
compiling main.c...
src\main.c(22): warning:  #223-D: function "malloc" declared implicitly
src\main.c(41): warning:  #223-D: function "free" declared implicitly
compiling device_depend.c...
compiling ravem.c...
src\ravem.c(451): warning:  #223-D: function "malloc" declared implicitly
src\ravem.c(454): warning:  #223-D: function "free" declared implicitly
src\ravem.c(455): warning:  #223-D: function "malloc" declared implicitly
src\ravem.c(606): warning:  #111-D: statement is unreachable
compiling system_LPC8xx.c...
assembling startup_LPC8xx.s...
linking...
Program Size: Code=3044 RO-data=1132 RW-data=44 ZI-data=996  
".\obj\dsp.axf" - 0 Errors, 6 Warning(s).

*** Performing Cross-Module-Optimization:
compiling lpc8xx_gpio.c...
compiling lpc8xx_mrt.c...
compiling lpc8xx_uart.c...
compiling main.c...
src\main.c(22): warning:  #223-D: function "malloc" declared implicitly
src\main.c(41): warning:  #223-D: function "free" declared implicitly
compiling device_depend.c...
compiling ravem.c...
src\ravem.c(451): warning:  #223-D: function "malloc" declared implicitly
src\ravem.c(454): warning:  #223-D: function "free" declared implicitly
src\ravem.c(455): warning:  #223-D: function "malloc" declared implicitly
src\ravem.c(606): warning:  #111-D: statement is unreachable
compiling system_LPC8xx.c...
linking...
Program Size: Code=3044 RO-data=1132 RW-data=44 ZI-data=996  
FromELF: creating hex file...
".\obj\dsp.axf" - 0 Errors, 6 Warning(s).
*** Completed Cross-Module-Optimization after 2 iteration(s).
Load "C:\\Users\\atsu\\Documents\\apnt_237\\RaVem\\obj\\dsp.axf" 
Erase Done.
Programming Done.
Verify OK.
Application running ...
Build target 'RaVem'
Clean started - Project: 'RaVem'
   deleting intermediate output files for target 'RaVem'
*** Scatter Error: no default 'Read/Write' range selected
compiling lpc8xx_gpio.c...
compiling lpc8xx_mrt.c...
compiling lpc8xx_nmi.c...
compiling lpc8xx_uart.c...
compiling main.c...
src\main.c(22): warning:  #223-D: function "malloc" declared implicitly
src\main.c(41): warning:  #223-D: function "free" declared implicitly
compiling device_depend.c...
compiling ravem.c...
src\ravem.c(451): warning:  #223-D: function "malloc" declared implicitly
src\ravem.c(454): warning:  #223-D: function "free" declared implicitly
src\ravem.c(455): warning:  #223-D: function "malloc" declared implicitly
src\ravem.c(606): warning:  #111-D: statement is unreachable
compiling system_LPC8xx.c...
assembling startup_LPC8xx.s...
linking...
Program Size: Code=3044 RO-data=1132 RW-data=44 ZI-data=996  
".\obj\dsp.axf" - 0 Errors, 6 Warning(s).

*** Performing Cross-Module-Optimization:
compiling lpc8xx_gpio.c...
compiling lpc8xx_mrt.c...
compiling lpc8xx_uart.c...
compiling main.c...
src\main.c(22): warning:  #223-D: function "malloc" declared implicitly
src\main.c(41): warning:  #223-D: function "free" declared implicitly
compiling device_depend.c...
compiling ravem.c...
src\ravem.c(451): warning:  #223-D: function "malloc" declared implicitly
src\ravem.c(454): warning:  #223-D: function "free" declared implicitly
src\ravem.c(455): warning:  #223-D: function "malloc" declared implicitly
src\ravem.c(606): warning:  #111-D: statement is unreachable
compiling system_LPC8xx.c...
linking...
Program Size: Code=3044 RO-data=1132 RW-data=44 ZI-data=996  
FromELF: creating hex file...
".\obj\dsp.axf" - 0 Errors, 6 Warning(s).
*** Completed Cross-Module-Optimization after 2 iteration(s).
Load "C:\\Users\\atsu\\Documents\\apnt_237\\RaVem\\obj\\dsp.axf" 
Erase Done.
Programming Done.
Verify OK.
Application running ...
Build target 'RaVem'
Clean started - Project: 'RaVem'
   deleting intermediate output files for target 'RaVem'
*** Scatter Error: no default 'Read/Write' range selected
compiling lpc8xx_gpio.c...
compiling lpc8xx_mrt.c...
compiling lpc8xx_nmi.c...
compiling lpc8xx_uart.c...
compiling main.c...
src\main.c(22): warning:  #223-D: function "malloc" declared implicitly
src\main.c(41): warning:  #223-D: function "free" declared implicitly
compiling device_depend.c...
compiling ravem.c...
src\ravem.c(451): warning:  #223-D: function "malloc" declared implicitly
src\ravem.c(454): warning:  #223-D: function "free" declared implicitly
src\ravem.c(455): warning:  #223-D: function "malloc" declared implicitly
src\ravem.c(606): warning:  #111-D: statement is unreachable
compiling system_LPC8xx.c...
assembling startup_LPC8xx.s...
linking...
Program Size: Code=3108 RO-data=1132 RW-data=44 ZI-data=996  
".\obj\dsp.axf" - 0 Errors, 6 Warning(s).

*** Performing Cross-Module-Optimization:
compiling lpc8xx_gpio.c...
compiling lpc8xx_mrt.c...
compiling lpc8xx_uart.c...
compiling main.c...
src\main.c(22): warning:  #223-D: function "malloc" declared implicitly
src\main.c(41): warning:  #223-D: function "free" declared implicitly
compiling device_depend.c...
compiling ravem.c...
src\ravem.c(451): warning:  #223-D: function "malloc" declared implicitly
src\ravem.c(454): warning:  #223-D: function "free" declared implicitly
src\ravem.c(455): warning:  #223-D: function "malloc" declared implicitly
src\ravem.c(606): warning:  #111-D: statement is unreachable
compiling system_LPC8xx.c...
linking...
Program Size: Code=3108 RO-data=1132 RW-data=44 ZI-data=996  
FromELF: creating hex file...
".\obj\dsp.axf" - 0 Errors, 6 Warning(s).
*** Completed Cross-Module-Optimization after 2 iteration(s).
Load "C:\\Users\\atsu\\Documents\\apnt_237\\RaVem\\obj\\dsp.axf" 
Erase Done.
Programming Done.
Verify OK.
Application running ...
Build target 'RaVem'
Clean started - Project: 'RaVem'
   deleting intermediate output files for target 'RaVem'
*** Scatter Error: no default 'Read/Write' range selected
compiling lpc8xx_gpio.c...
compiling lpc8xx_mrt.c...
compiling lpc8xx_nmi.c...
compiling lpc8xx_uart.c...
compiling main.c...
src\main.c(22): warning:  #223-D: function "malloc" declared implicitly
src\main.c(41): warning:  #223-D: function "free" declared implicitly
compiling device_depend.c...
compiling ravem.c...
src\ravem.c(451): warning:  #223-D: function "malloc" declared implicitly
src\ravem.c(454): warning:  #223-D: function "free" declared implicitly
src\ravem.c(455): warning:  #223-D: function "malloc" declared implicitly
src\ravem.c(606): warning:  #111-D: statement is unreachable
compiling system_LPC8xx.c...
assembling startup_LPC8xx.s...
linking...
Program Size: Code=3108 RO-data=1132 RW-data=44 ZI-data=996  
".\obj\dsp.axf" - 0 Errors, 6 Warning(s).

*** Performing Cross-Module-Optimization:
compiling lpc8xx_gpio.c...
compiling lpc8xx_mrt.c...
compiling lpc8xx_uart.c...
compiling main.c...
src\main.c(22): warning:  #223-D: function "malloc" declared implicitly
src\main.c(41): warning:  #223-D: function "free" declared implicitly
compiling device_depend.c...
compiling ravem.c...
src\ravem.c(451): warning:  #223-D: function "malloc" declared implicitly
src\ravem.c(454): warning:  #223-D: function "free" declared implicitly
src\ravem.c(455): warning:  #223-D: function "malloc" declared implicitly
src\ravem.c(606): warning:  #111-D: statement is unreachable
compiling system_LPC8xx.c...
linking...
Program Size: Code=3108 RO-data=1132 RW-data=44 ZI-data=996  
FromELF: creating hex file...
".\obj\dsp.axf" - 0 Errors, 6 Warning(s).
*** Completed Cross-Module-Optimization after 2 iteration(s).
Load "C:\\Users\\atsu\\Documents\\apnt_237\\RaVem\\obj\\dsp.axf" 
Erase Done.
Programming Done.
Verify OK.
Application running ...
Build target 'RaVem'
Clean started - Project: 'RaVem'
   deleting intermediate output files for target 'RaVem'
*** Scatter Error: no default 'Read/Write' range selected
compiling lpc8xx_gpio.c...
compiling lpc8xx_mrt.c...
compiling lpc8xx_nmi.c...
compiling lpc8xx_uart.c...
compiling main.c...
src\main.c(22): warning:  #223-D: function "malloc" declared implicitly
src\main.c(41): warning:  #223-D: function "free" declared implicitly
compiling device_depend.c...
compiling ravem.c...
src\ravem.c(451): warning:  #223-D: function "malloc" declared implicitly
src\ravem.c(454): warning:  #223-D: function "free" declared implicitly
src\ravem.c(455): warning:  #223-D: function "malloc" declared implicitly
src\ravem.c(606): warning:  #111-D: statement is unreachable
compiling system_LPC8xx.c...
assembling startup_LPC8xx.s...
linking...
Program Size: Code=3108 RO-data=1132 RW-data=44 ZI-data=996  
".\obj\dsp.axf" - 0 Errors, 6 Warning(s).

*** Performing Cross-Module-Optimization:
compiling lpc8xx_gpio.c...
compiling lpc8xx_mrt.c...
compiling lpc8xx_uart.c...
compiling main.c...
src\main.c(22): warning:  #223-D: function "malloc" declared implicitly
src\main.c(41): warning:  #223-D: function "free" declared implicitly
compiling device_depend.c...
compiling ravem.c...
src\ravem.c(451): warning:  #223-D: function "malloc" declared implicitly
src\ravem.c(454): warning:  #223-D: function "free" declared implicitly
src\ravem.c(455): warning:  #223-D: function "malloc" declared implicitly
src\ravem.c(606): warning:  #111-D: statement is unreachable
compiling system_LPC8xx.c...
linking...
Program Size: Code=3108 RO-data=1132 RW-data=44 ZI-data=996  
FromELF: creating hex file...
".\obj\dsp.axf" - 0 Errors, 6 Warning(s).
*** Completed Cross-Module-Optimization after 2 iteration(s).
Build target 'RaVem'
Clean started - Project: 'RaVem'
   deleting intermediate output files for target 'RaVem'
*** Scatter Error: no default 'Read/Write' range selected
compiling lpc8xx_gpio.c...
compiling lpc8xx_mrt.c...
compiling lpc8xx_nmi.c...
compiling lpc8xx_uart.c...
compiling main.c...
src\main.c(22): warning:  #223-D: function "malloc" declared implicitly
src\main.c(41): warning:  #223-D: function "free" declared implicitly
compiling device_depend.c...
compiling ravem.c...
src\ravem.c(451): warning:  #223-D: function "malloc" declared implicitly
src\ravem.c(454): warning:  #223-D: function "free" declared implicitly
src\ravem.c(455): warning:  #223-D: function "malloc" declared implicitly
src\ravem.c(606): warning:  #111-D: statement is unreachable
compiling system_LPC8xx.c...
assembling startup_LPC8xx.s...
linking...
Program Size: Code=3108 RO-data=1132 RW-data=44 ZI-data=996  
".\obj\dsp.axf" - 0 Errors, 6 Warning(s).

*** Performing Cross-Module-Optimization:
compiling lpc8xx_gpio.c...
compiling lpc8xx_mrt.c...
compiling lpc8xx_uart.c...
compiling main.c...
src\main.c(22): warning:  #223-D: function "malloc" declared implicitly
src\main.c(41): warning:  #223-D: function "free" declared implicitly
compiling device_depend.c...
compiling ravem.c...
src\ravem.c(451): warning:  #223-D: function "malloc" declared implicitly
src\ravem.c(454): warning:  #223-D: function "free" declared implicitly
src\ravem.c(455): warning:  #223-D: function "malloc" declared implicitly
src\ravem.c(606): warning:  #111-D: statement is unreachable
compiling system_LPC8xx.c...
linking...
Program Size: Code=3108 RO-data=1132 RW-data=44 ZI-data=996  
FromELF: creating hex file...
".\obj\dsp.axf" - 0 Errors, 6 Warning(s).
*** Completed Cross-Module-Optimization after 2 iteration(s).
Load "C:\\Users\\atsu\\Documents\\apnt_237\\RaVem\\obj\\dsp.axf" 
Erase Done.
Programming Done.
Verify OK.
Application running ...
Build target 'RaVem'
Clean started - Project: 'RaVem'
   deleting intermediate output files for target 'RaVem'
*** Scatter Error: no default 'Read/Write' range selected
compiling lpc8xx_gpio.c...
compiling lpc8xx_mrt.c...
compiling lpc8xx_nmi.c...
compiling lpc8xx_uart.c...
compiling main.c...
src\main.c(22): warning:  #223-D: function "malloc" declared implicitly
src\main.c(41): warning:  #223-D: function "free" declared implicitly
compiling device_depend.c...
compiling ravem.c...
src\ravem.c(451): warning:  #223-D: function "malloc" declared implicitly
src\ravem.c(454): warning:  #223-D: function "free" declared implicitly
src\ravem.c(455): warning:  #223-D: function "malloc" declared implicitly
src\ravem.c(606): warning:  #111-D: statement is unreachable
compiling system_LPC8xx.c...
assembling startup_LPC8xx.s...
linking...
Program Size: Code=3032 RO-data=1132 RW-data=44 ZI-data=996  
".\obj\dsp.axf" - 0 Errors, 6 Warning(s).

*** Performing Cross-Module-Optimization:
compiling lpc8xx_gpio.c...
compiling lpc8xx_mrt.c...
compiling lpc8xx_uart.c...
compiling main.c...
src\main.c(22): warning:  #223-D: function "malloc" declared implicitly
src\main.c(41): warning:  #223-D: function "free" declared implicitly
compiling device_depend.c...
compiling ravem.c...
src\ravem.c(451): warning:  #223-D: function "malloc" declared implicitly
src\ravem.c(454): warning:  #223-D: function "free" declared implicitly
src\ravem.c(455): warning:  #223-D: function "malloc" declared implicitly
src\ravem.c(606): warning:  #111-D: statement is unreachable
compiling system_LPC8xx.c...
linking...
Program Size: Code=3032 RO-data=1132 RW-data=44 ZI-data=996  
FromELF: creating hex file...
".\obj\dsp.axf" - 0 Errors, 6 Warning(s).
*** Completed Cross-Module-Optimization after 2 iteration(s).
Load "C:\\Users\\atsu\\Documents\\apnt_237\\RaVem\\obj\\dsp.axf" 
Erase Done.
Programming Done.
Verify OK.
Application running ...
Build target 'RaVem'
Clean started - Project: 'RaVem'
   deleting intermediate output files for target 'RaVem'
*** Scatter Error: no default 'Read/Write' range selected
compiling lpc8xx_gpio.c...
compiling lpc8xx_mrt.c...
compiling lpc8xx_nmi.c...
compiling lpc8xx_uart.c...
compiling main.c...
src\main.c(22): warning:  #223-D: function "malloc" declared implicitly
src\main.c(41): warning:  #223-D: function "free" declared implicitly
compiling device_depend.c...
compiling ravem.c...
src\ravem.c(451): warning:  #223-D: function "malloc" declared implicitly
src\ravem.c(454): warning:  #223-D: function "free" declared implicitly
src\ravem.c(455): warning:  #223-D: function "malloc" declared implicitly
src\ravem.c(606): warning:  #111-D: statement is unreachable
compiling system_LPC8xx.c...
assembling startup_LPC8xx.s...
linking...
Program Size: Code=3032 RO-data=1132 RW-data=44 ZI-data=996  
".\obj\dsp.axf" - 0 Errors, 6 Warning(s).

*** Performing Cross-Module-Optimization:
compiling lpc8xx_gpio.c...
compiling lpc8xx_mrt.c...
compiling lpc8xx_uart.c...
compiling main.c...
src\main.c(22): warning:  #223-D: function "malloc" declared implicitly
src\main.c(41): warning:  #223-D: function "free" declared implicitly
compiling device_depend.c...
compiling ravem.c...
src\ravem.c(451): warning:  #223-D: function "malloc" declared implicitly
src\ravem.c(454): warning:  #223-D: function "free" declared implicitly
src\ravem.c(455): warning:  #223-D: function "malloc" declared implicitly
src\ravem.c(606): warning:  #111-D: statement is unreachable
compiling system_LPC8xx.c...
linking...
Program Size: Code=3032 RO-data=1132 RW-data=44 ZI-data=996  
FromELF: creating hex file...
".\obj\dsp.axf" - 0 Errors, 6 Warning(s).
*** Completed Cross-Module-Optimization after 2 iteration(s).
Load "C:\\Users\\atsu\\Documents\\apnt_237\\RaVem\\obj\\dsp.axf" 
Erase Done.
Programming Done.
Verify OK.
Application running ...
Build target 'RaVem'
Clean started - Project: 'RaVem'
   deleting intermediate output files for target 'RaVem'
*** Scatter Error: no default 'Read/Write' range selected
compiling lpc8xx_gpio.c...
compiling lpc8xx_mrt.c...
compiling lpc8xx_nmi.c...
compiling lpc8xx_uart.c...
compiling main.c...
src\main.c(22): warning:  #223-D: function "malloc" declared implicitly
src\main.c(41): warning:  #223-D: function "free" declared implicitly
compiling device_depend.c...
compiling ravem.c...
src\ravem.c(451): warning:  #223-D: function "malloc" declared implicitly
src\ravem.c(454): warning:  #223-D: function "free" declared implicitly
src\ravem.c(455): warning:  #223-D: function "malloc" declared implicitly
src\ravem.c(606): warning:  #111-D: statement is unreachable
compiling system_LPC8xx.c...
assembling startup_LPC8xx.s...
linking...
Program Size: Code=3032 RO-data=1132 RW-data=44 ZI-data=996  
".\obj\dsp.axf" - 0 Errors, 6 Warning(s).

*** Performing Cross-Module-Optimization:
compiling lpc8xx_gpio.c...
compiling lpc8xx_mrt.c...
compiling lpc8xx_uart.c...
compiling main.c...
src\main.c(22): warning:  #223-D: function "malloc" declared implicitly
src\main.c(41): warning:  #223-D: function "free" declared implicitly
compiling device_depend.c...
compiling ravem.c...
src\ravem.c(451): warning:  #223-D: function "malloc" declared implicitly
src\ravem.c(454): warning:  #223-D: function "free" declared implicitly
src\ravem.c(455): warning:  #223-D: function "malloc" declared implicitly
src\ravem.c(606): warning:  #111-D: statement is unreachable
compiling system_LPC8xx.c...
linking...
Program Size: Code=3032 RO-data=1132 RW-data=44 ZI-data=996  
FromELF: creating hex file...
".\obj\dsp.axf" - 0 Errors, 6 Warning(s).
*** Completed Cross-Module-Optimization after 2 iteration(s).
Load "C:\\Users\\atsu\\Documents\\apnt_237\\RaVem\\obj\\dsp.axf" 
Erase Done.
Programming Done.
Verify OK.
Application running ...
Build target 'RaVem'
Clean started - Project: 'RaVem'
   deleting intermediate output files for target 'RaVem'
*** Scatter Error: no default 'Read/Write' range selected
compiling lpc8xx_gpio.c...
compiling lpc8xx_mrt.c...
compiling lpc8xx_nmi.c...
compiling lpc8xx_uart.c...
compiling main.c...
src\main.c(22): warning:  #223-D: function "malloc" declared implicitly
src\main.c(41): warning:  #223-D: function "free" declared implicitly
compiling device_depend.c...
compiling ravem.c...
src\ravem.c(451): warning:  #223-D: function "malloc" declared implicitly
src\ravem.c(454): warning:  #223-D: function "free" declared implicitly
src\ravem.c(455): warning:  #223-D: function "malloc" declared implicitly
src\ravem.c(606): warning:  #111-D: statement is unreachable
compiling system_LPC8xx.c...
assembling startup_LPC8xx.s...
linking...
Program Size: Code=3032 RO-data=1132 RW-data=44 ZI-data=996  
".\obj\dsp.axf" - 0 Errors, 6 Warning(s).

*** Performing Cross-Module-Optimization:
compiling lpc8xx_gpio.c...
compiling lpc8xx_mrt.c...
compiling lpc8xx_uart.c...
compiling main.c...
src\main.c(22): warning:  #223-D: function "malloc" declared implicitly
src\main.c(41): warning:  #223-D: function "free" declared implicitly
compiling device_depend.c...
compiling ravem.c...
src\ravem.c(451): warning:  #223-D: function "malloc" declared implicitly
src\ravem.c(454): warning:  #223-D: function "free" declared implicitly
src\ravem.c(455): warning:  #223-D: function "malloc" declared implicitly
src\ravem.c(606): warning:  #111-D: statement is unreachable
compiling system_LPC8xx.c...
linking...
Program Size: Code=3032 RO-data=1132 RW-data=44 ZI-data=996  
FromELF: creating hex file...
".\obj\dsp.axf" - 0 Errors, 6 Warning(s).
*** Completed Cross-Module-Optimization after 2 iteration(s).
Load "C:\\Users\\atsu\\Documents\\apnt_237\\RaVem\\obj\\dsp.axf" 
Erase Done.
Programming Done.
Verify OK.
Application running ...
Build target 'RaVem'
Clean started - Project: 'RaVem'
   deleting intermediate output files for target 'RaVem'
*** Scatter Error: no default 'Read/Write' range selected
compiling lpc8xx_gpio.c...
compiling lpc8xx_mrt.c...
compiling lpc8xx_nmi.c...
compiling lpc8xx_uart.c...
compiling main.c...
src\main.c(22): warning:  #223-D: function "malloc" declared implicitly
src\main.c(41): warning:  #223-D: function "free" declared implicitly
compiling device_depend.c...
compiling ravem.c...
src\ravem.c(451): warning:  #223-D: function "malloc" declared implicitly
src\ravem.c(454): warning:  #223-D: function "free" declared implicitly
src\ravem.c(455): warning:  #223-D: function "malloc" declared implicitly
src\ravem.c(606): warning:  #111-D: statement is unreachable
compiling system_LPC8xx.c...
assembling startup_LPC8xx.s...
linking...
Program Size: Code=3032 RO-data=1132 RW-data=44 ZI-data=996  
".\obj\dsp.axf" - 0 Errors, 6 Warning(s).

*** Performing Cross-Module-Optimization:
compiling lpc8xx_gpio.c...
compiling lpc8xx_mrt.c...
compiling lpc8xx_uart.c...
compiling main.c...
src\main.c(22): warning:  #223-D: function "malloc" declared implicitly
src\main.c(41): warning:  #223-D: function "free" declared implicitly
compiling device_depend.c...
compiling ravem.c...
src\ravem.c(451): warning:  #223-D: function "malloc" declared implicitly
src\ravem.c(454): warning:  #223-D: function "free" declared implicitly
src\ravem.c(455): warning:  #223-D: function "malloc" declared implicitly
src\ravem.c(606): warning:  #111-D: statement is unreachable
compiling system_LPC8xx.c...
linking...
Program Size: Code=3032 RO-data=1132 RW-data=44 ZI-data=996  
FromELF: creating hex file...
".\obj\dsp.axf" - 0 Errors, 6 Warning(s).
*** Completed Cross-Module-Optimization after 2 iteration(s).
Load "C:\\Users\\atsu\\Documents\\apnt_237\\RaVem\\obj\\dsp.axf" 
Erase Done.
Programming Done.
Verify OK.
Application running ...
Build target 'RaVem'
Clean started - Project: 'RaVem'
   deleting intermediate output files for target 'RaVem'
*** Scatter Error: no default 'Read/Write' range selected
compiling lpc8xx_gpio.c...
compiling lpc8xx_mrt.c...
compiling lpc8xx_nmi.c...
compiling lpc8xx_uart.c...
compiling main.c...
src\main.c(22): warning:  #223-D: function "malloc" declared implicitly
src\main.c(41): warning:  #223-D: function "free" declared implicitly
compiling device_depend.c...
compiling ravem.c...
src\ravem.c(451): warning:  #223-D: function "malloc" declared implicitly
src\ravem.c(454): warning:  #223-D: function "free" declared implicitly
src\ravem.c(455): warning:  #223-D: function "malloc" declared implicitly
src\ravem.c(606): warning:  #111-D: statement is unreachable
compiling system_LPC8xx.c...
assembling startup_LPC8xx.s...
linking...
Program Size: Code=3032 RO-data=1132 RW-data=44 ZI-data=996  
".\obj\dsp.axf" - 0 Errors, 6 Warning(s).

*** Performing Cross-Module-Optimization:
compiling lpc8xx_gpio.c...
compiling lpc8xx_mrt.c...
compiling lpc8xx_uart.c...
compiling main.c...
src\main.c(22): warning:  #223-D: function "malloc" declared implicitly
src\main.c(41): warning:  #223-D: function "free" declared implicitly
compiling device_depend.c...
compiling ravem.c...
src\ravem.c(451): warning:  #223-D: function "malloc" declared implicitly
src\ravem.c(454): warning:  #223-D: function "free" declared implicitly
src\ravem.c(455): warning:  #223-D: function "malloc" declared implicitly
src\ravem.c(606): warning:  #111-D: statement is unreachable
compiling system_LPC8xx.c...
linking...
Program Size: Code=3032 RO-data=1132 RW-data=44 ZI-data=996  
FromELF: creating hex file...
".\obj\dsp.axf" - 0 Errors, 6 Warning(s).
*** Completed Cross-Module-Optimization after 2 iteration(s).
Load "C:\\Users\\atsu\\Documents\\apnt_237\\RaVem\\obj\\dsp.axf" 
Erase Done.
Programming Done.
Verify OK.
Application running ...
Build target 'RaVem'
Clean started - Project: 'RaVem'
   deleting intermediate output files for target 'RaVem'
*** Scatter Error: no default 'Read/Write' range selected
compiling lpc8xx_gpio.c...
compiling lpc8xx_mrt.c...
compiling lpc8xx_nmi.c...
compiling lpc8xx_uart.c...
compiling main.c...
src\main.c(22): warning:  #223-D: function "malloc" declared implicitly
src\main.c(41): warning:  #223-D: function "free" declared implicitly
compiling device_depend.c...
compiling ravem.c...
src\ravem.c(451): warning:  #223-D: function "malloc" declared implicitly
src\ravem.c(454): warning:  #223-D: function "free" declared implicitly
src\ravem.c(455): warning:  #223-D: function "malloc" declared implicitly
src\ravem.c(606): warning:  #111-D: statement is unreachable
compiling system_LPC8xx.c...
assembling startup_LPC8xx.s...
linking...
Program Size: Code=3032 RO-data=1132 RW-data=44 ZI-data=996  
".\obj\dsp.axf" - 0 Errors, 6 Warning(s).

*** Performing Cross-Module-Optimization:
compiling lpc8xx_gpio.c...
compiling lpc8xx_mrt.c...
compiling lpc8xx_uart.c...
compiling main.c...
src\main.c(22): warning:  #223-D: function "malloc" declared implicitly
src\main.c(41): warning:  #223-D: function "free" declared implicitly
compiling device_depend.c...
compiling ravem.c...
src\ravem.c(451): warning:  #223-D: function "malloc" declared implicitly
src\ravem.c(454): warning:  #223-D: function "free" declared implicitly
src\ravem.c(455): warning:  #223-D: function "malloc" declared implicitly
src\ravem.c(606): warning:  #111-D: statement is unreachable
compiling system_LPC8xx.c...
linking...
Program Size: Code=3032 RO-data=1132 RW-data=44 ZI-data=996  
FromELF: creating hex file...
".\obj\dsp.axf" - 0 Errors, 6 Warning(s).
*** Completed Cross-Module-Optimization after 2 iteration(s).
Load "C:\\Users\\atsu\\Documents\\apnt_237\\RaVem\\obj\\dsp.axf" 
Erase Done.
Programming Done.
Verify OK.
Application running ...
Build target 'RaVem'
Clean started - Project: 'RaVem'
   deleting intermediate output files for target 'RaVem'
*** Scatter Error: no default 'Read/Write' range selected
compiling lpc8xx_gpio.c...
compiling lpc8xx_mrt.c...
compiling lpc8xx_nmi.c...
compiling lpc8xx_uart.c...
compiling main.c...
src\main.c(22): warning:  #223-D: function "malloc" declared implicitly
src\main.c(41): warning:  #223-D: function "free" declared implicitly
compiling device_depend.c...
compiling ravem.c...
src\ravem.c(451): warning:  #223-D: function "malloc" declared implicitly
src\ravem.c(454): warning:  #223-D: function "free" declared implicitly
src\ravem.c(455): warning:  #223-D: function "malloc" declared implicitly
src\ravem.c(606): warning:  #111-D: statement is unreachable
compiling system_LPC8xx.c...
assembling startup_LPC8xx.s...
linking...
Program Size: Code=3032 RO-data=1132 RW-data=44 ZI-data=996  
".\obj\dsp.axf" - 0 Errors, 6 Warning(s).

*** Performing Cross-Module-Optimization:
compiling lpc8xx_gpio.c...
compiling lpc8xx_mrt.c...
compiling lpc8xx_uart.c...
compiling main.c...
src\main.c(22): warning:  #223-D: function "malloc" declared implicitly
src\main.c(41): warning:  #223-D: function "free" declared implicitly
compiling device_depend.c...
compiling ravem.c...
src\ravem.c(451): warning:  #223-D: function "malloc" declared implicitly
src\ravem.c(454): warning:  #223-D: function "free" declared implicitly
src\ravem.c(455): warning:  #223-D: function "malloc" declared implicitly
src\ravem.c(606): warning:  #111-D: statement is unreachable
compiling system_LPC8xx.c...
linking...
Program Size: Code=3032 RO-data=1132 RW-data=44 ZI-data=996  
FromELF: creating hex file...
".\obj\dsp.axf" - 0 Errors, 6 Warning(s).
*** Completed Cross-Module-Optimization after 2 iteration(s).
Load "C:\\Users\\atsu\\Documents\\apnt_237\\RaVem\\obj\\dsp.axf" 
Erase Done.
Programming Done.
Verify OK.
Application running ...
Build target 'RaVem'
Clean started - Project: 'RaVem'
   deleting intermediate output files for target 'RaVem'
*** Scatter Error: no default 'Read/Write' range selected
compiling lpc8xx_gpio.c...
compiling lpc8xx_mrt.c...
compiling lpc8xx_nmi.c...
compiling lpc8xx_uart.c...
compiling main.c...
src\main.c(22): warning:  #223-D: function "malloc" declared implicitly
src\main.c(41): warning:  #223-D: function "free" declared implicitly
compiling device_depend.c...
compiling ravem.c...
src\ravem.c(451): warning:  #223-D: function "malloc" declared implicitly
src\ravem.c(454): warning:  #223-D: function "free" declared implicitly
src\ravem.c(455): warning:  #223-D: function "malloc" declared implicitly
src\ravem.c(606): warning:  #111-D: statement is unreachable
compiling system_LPC8xx.c...
assembling startup_LPC8xx.s...
linking...
Program Size: Code=3032 RO-data=1132 RW-data=44 ZI-data=996  
".\obj\dsp.axf" - 0 Errors, 6 Warning(s).

*** Performing Cross-Module-Optimization:
compiling lpc8xx_gpio.c...
compiling lpc8xx_mrt.c...
compiling lpc8xx_uart.c...
compiling main.c...
src\main.c(22): warning:  #223-D: function "malloc" declared implicitly
src\main.c(41): warning:  #223-D: function "free" declared implicitly
compiling device_depend.c...
compiling ravem.c...
src\ravem.c(451): warning:  #223-D: function "malloc" declared implicitly
src\ravem.c(454): warning:  #223-D: function "free" declared implicitly
src\ravem.c(455): warning:  #223-D: function "malloc" declared implicitly
src\ravem.c(606): warning:  #111-D: statement is unreachable
compiling system_LPC8xx.c...
linking...
Program Size: Code=3032 RO-data=1132 RW-data=44 ZI-data=996  
FromELF: creating hex file...
".\obj\dsp.axf" - 0 Errors, 6 Warning(s).
*** Completed Cross-Module-Optimization after 2 iteration(s).
Load "C:\\Users\\atsu\\Documents\\apnt_237\\RaVem\\obj\\dsp.axf" 
Erase Done.
Programming Done.
Verify OK.
Application running ...
Build target 'RaVem'
Clean started - Project: 'RaVem'
   deleting intermediate output files for target 'RaVem'
*** Scatter Error: no default 'Read/Write' range selected
compiling lpc8xx_gpio.c...
compiling lpc8xx_mrt.c...
compiling lpc8xx_nmi.c...
compiling lpc8xx_uart.c...
compiling main.c...
src\main.c(22): warning:  #223-D: function "malloc" declared implicitly
src\main.c(41): warning:  #223-D: function "free" declared implicitly
compiling device_depend.c...
compiling ravem.c...
src\ravem.c(451): warning:  #223-D: function "malloc" declared implicitly
src\ravem.c(454): warning:  #223-D: function "free" declared implicitly
src\ravem.c(455): warning:  #223-D: function "malloc" declared implicitly
src\ravem.c(606): warning:  #111-D: statement is unreachable
compiling system_LPC8xx.c...
assembling startup_LPC8xx.s...
linking...
Program Size: Code=3032 RO-data=1132 RW-data=44 ZI-data=996  
".\obj\dsp.axf" - 0 Errors, 6 Warning(s).

*** Performing Cross-Module-Optimization:
compiling lpc8xx_gpio.c...
compiling lpc8xx_mrt.c...
compiling lpc8xx_uart.c...
compiling main.c...
src\main.c(22): warning:  #223-D: function "malloc" declared implicitly
src\main.c(41): warning:  #223-D: function "free" declared implicitly
compiling device_depend.c...
compiling ravem.c...
src\ravem.c(451): warning:  #223-D: function "malloc" declared implicitly
src\ravem.c(454): warning:  #223-D: function "free" declared implicitly
src\ravem.c(455): warning:  #223-D: function "malloc" declared implicitly
src\ravem.c(606): warning:  #111-D: statement is unreachable
compiling system_LPC8xx.c...
linking...
Program Size: Code=3032 RO-data=1132 RW-data=44 ZI-data=996  
FromELF: creating hex file...
".\obj\dsp.axf" - 0 Errors, 6 Warning(s).
*** Completed Cross-Module-Optimization after 2 iteration(s).
Load "C:\\Users\\atsu\\Documents\\apnt_237\\RaVem\\obj\\dsp.axf" 
Erase Done.
Programming Done.
Verify OK.
Application running ...
Build target 'RaVem'
Clean started - Project: 'RaVem'
   deleting intermediate output files for target 'RaVem'
*** Scatter Error: no default 'Read/Write' range selected
compiling lpc8xx_gpio.c...
compiling lpc8xx_mrt.c...
compiling lpc8xx_nmi.c...
compiling lpc8xx_uart.c...
compiling main.c...
src\main.c(22): warning:  #223-D: function "malloc" declared implicitly
src\main.c(41): warning:  #223-D: function "free" declared implicitly
compiling device_depend.c...
compiling ravem.c...
src\ravem.c(451): warning:  #223-D: function "malloc" declared implicitly
src\ravem.c(454): warning:  #223-D: function "free" declared implicitly
src\ravem.c(455): warning:  #223-D: function "malloc" declared implicitly
src\ravem.c(606): warning:  #111-D: statement is unreachable
compiling system_LPC8xx.c...
assembling startup_LPC8xx.s...
linking...
Program Size: Code=3032 RO-data=1132 RW-data=44 ZI-data=996  
".\obj\dsp.axf" - 0 Errors, 6 Warning(s).

*** Performing Cross-Module-Optimization:
compiling lpc8xx_gpio.c...
compiling lpc8xx_mrt.c...
compiling lpc8xx_uart.c...
compiling main.c...
src\main.c(22): warning:  #223-D: function "malloc" declared implicitly
src\main.c(41): warning:  #223-D: function "free" declared implicitly
compiling device_depend.c...
compiling ravem.c...
src\ravem.c(451): warning:  #223-D: function "malloc" declared implicitly
src\ravem.c(454): warning:  #223-D: function "free" declared implicitly
src\ravem.c(455): warning:  #223-D: function "malloc" declared implicitly
src\ravem.c(606): warning:  #111-D: statement is unreachable
compiling system_LPC8xx.c...
linking...
Program Size: Code=3032 RO-data=1132 RW-data=44 ZI-data=996  
FromELF: creating hex file...
".\obj\dsp.axf" - 0 Errors, 6 Warning(s).
*** Completed Cross-Module-Optimization after 2 iteration(s).
Load "C:\\Users\\atsu\\Documents\\apnt_237\\RaVem\\obj\\dsp.axf" 
Erase Done.
Programming Done.
Verify OK.
Application running ...
Build target 'RaVem'
Clean started - Project: 'RaVem'
   deleting intermediate output files for target 'RaVem'
*** Scatter Error: no default 'Read/Write' range selected
compiling lpc8xx_gpio.c...
compiling lpc8xx_mrt.c...
compiling lpc8xx_nmi.c...
compiling lpc8xx_uart.c...
compiling main.c...
src\main.c(22): warning:  #223-D: function "malloc" declared implicitly
src\main.c(41): warning:  #223-D: function "free" declared implicitly
compiling device_depend.c...
compiling ravem.c...
src\ravem.c(451): warning:  #223-D: function "malloc" declared implicitly
src\ravem.c(454): warning:  #223-D: function "free" declared implicitly
src\ravem.c(455): warning:  #223-D: function "malloc" declared implicitly
src\ravem.c(606): warning:  #111-D: statement is unreachable
compiling system_LPC8xx.c...
assembling startup_LPC8xx.s...
linking...
Program Size: Code=3020 RO-data=1132 RW-data=44 ZI-data=996  
".\obj\dsp.axf" - 0 Errors, 6 Warning(s).

*** Performing Cross-Module-Optimization:
compiling lpc8xx_gpio.c...
compiling lpc8xx_mrt.c...
compiling lpc8xx_uart.c...
compiling main.c...
src\main.c(22): warning:  #223-D: function "malloc" declared implicitly
src\main.c(41): warning:  #223-D: function "free" declared implicitly
compiling device_depend.c...
compiling ravem.c...
src\ravem.c(451): warning:  #223-D: function "malloc" declared implicitly
src\ravem.c(454): warning:  #223-D: function "free" declared implicitly
src\ravem.c(455): warning:  #223-D: function "malloc" declared implicitly
src\ravem.c(606): warning:  #111-D: statement is unreachable
compiling system_LPC8xx.c...
linking...
Program Size: Code=3020 RO-data=1132 RW-data=44 ZI-data=996  
FromELF: creating hex file...
".\obj\dsp.axf" - 0 Errors, 6 Warning(s).
*** Completed Cross-Module-Optimization after 2 iteration(s).
Load "C:\\Users\\atsu\\Documents\\apnt_237\\RaVem\\obj\\dsp.axf" 
Erase Done.
Programming Done.
Verify OK.
Application running ...
Build target 'RaVem'
Clean started - Project: 'RaVem'
   deleting intermediate output files for target 'RaVem'
*** Scatter Error: no default 'Read/Write' range selected
compiling lpc8xx_gpio.c...
compiling lpc8xx_mrt.c...
compiling lpc8xx_nmi.c...
compiling lpc8xx_uart.c...
compiling main.c...
src\main.c(22): warning:  #223-D: function "malloc" declared implicitly
src\main.c(41): warning:  #223-D: function "free" declared implicitly
compiling device_depend.c...
compiling ravem.c...
src\ravem.c(451): warning:  #223-D: function "malloc" declared implicitly
src\ravem.c(454): warning:  #223-D: function "free" declared implicitly
src\ravem.c(455): warning:  #223-D: function "malloc" declared implicitly
src\ravem.c(606): warning:  #111-D: statement is unreachable
compiling system_LPC8xx.c...
assembling startup_LPC8xx.s...
linking...
Program Size: Code=3020 RO-data=1132 RW-data=44 ZI-data=996  
".\obj\dsp.axf" - 0 Errors, 6 Warning(s).

*** Performing Cross-Module-Optimization:
compiling lpc8xx_gpio.c...
compiling lpc8xx_mrt.c...
compiling lpc8xx_uart.c...
compiling main.c...
src\main.c(22): warning:  #223-D: function "malloc" declared implicitly
src\main.c(41): warning:  #223-D: function "free" declared implicitly
compiling device_depend.c...
compiling ravem.c...
src\ravem.c(451): warning:  #223-D: function "malloc" declared implicitly
src\ravem.c(454): warning:  #223-D: function "free" declared implicitly
src\ravem.c(455): warning:  #223-D: function "malloc" declared implicitly
src\ravem.c(606): warning:  #111-D: statement is unreachable
compiling system_LPC8xx.c...
linking...
Program Size: Code=3020 RO-data=1132 RW-data=44 ZI-data=996  
FromELF: creating hex file...
".\obj\dsp.axf" - 0 Errors, 6 Warning(s).
*** Completed Cross-Module-Optimization after 2 iteration(s).
Build target 'RaVem'
Clean started - Project: 'RaVem'
   deleting intermediate output files for target 'RaVem'
*** Scatter Error: no default 'Read/Write' range selected
compiling lpc8xx_gpio.c...
compiling lpc8xx_mrt.c...
compiling lpc8xx_nmi.c...
compiling lpc8xx_uart.c...
compiling main.c...
src\main.c(22): warning:  #223-D: function "malloc" declared implicitly
src\main.c(41): warning:  #223-D: function "free" declared implicitly
compiling device_depend.c...
compiling ravem.c...
src\ravem.c(457): warning:  #223-D: function "malloc" declared implicitly
src\ravem.c(460): warning:  #223-D: function "free" declared implicitly
src\ravem.c(461): warning:  #223-D: function "malloc" declared implicitly
src\ravem.c(612): warning:  #111-D: statement is unreachable
compiling system_LPC8xx.c...
assembling startup_LPC8xx.s...
linking...
Program Size: Code=3036 RO-data=1132 RW-data=44 ZI-data=996  
".\obj\dsp.axf" - 0 Errors, 6 Warning(s).

*** Performing Cross-Module-Optimization:
compiling lpc8xx_gpio.c...
compiling lpc8xx_mrt.c...
compiling lpc8xx_uart.c...
compiling main.c...
src\main.c(22): warning:  #223-D: function "malloc" declared implicitly
src\main.c(41): warning:  #223-D: function "free" declared implicitly
compiling device_depend.c...
compiling ravem.c...
src\ravem.c(457): warning:  #223-D: function "malloc" declared implicitly
src\ravem.c(460): warning:  #223-D: function "free" declared implicitly
src\ravem.c(461): warning:  #223-D: function "malloc" declared implicitly
src\ravem.c(612): warning:  #111-D: statement is unreachable
compiling system_LPC8xx.c...
linking...
Program Size: Code=3036 RO-data=1132 RW-data=44 ZI-data=996  
FromELF: creating hex file...
".\obj\dsp.axf" - 0 Errors, 6 Warning(s).
*** Completed Cross-Module-Optimization after 2 iteration(s).
Build target 'RaVem'
Clean started - Project: 'RaVem'
   deleting intermediate output files for target 'RaVem'
*** Scatter Error: no default 'Read/Write' range selected
compiling lpc8xx_gpio.c...
compiling lpc8xx_mrt.c...
compiling lpc8xx_nmi.c...
compiling lpc8xx_uart.c...
compiling main.c...
src\main.c(22): warning:  #223-D: function "malloc" declared implicitly
src\main.c(40): warning:  #223-D: function "free" declared implicitly
compiling device_depend.c...
compiling ravem.c...
src\ravem.c(457): warning:  #223-D: function "malloc" declared implicitly
src\ravem.c(460): warning:  #223-D: function "free" declared implicitly
src\ravem.c(461): warning:  #223-D: function "malloc" declared implicitly
src\ravem.c(612): warning:  #111-D: statement is unreachable
compiling system_LPC8xx.c...
assembling startup_LPC8xx.s...
linking...
Program Size: Code=3184 RO-data=1132 RW-data=44 ZI-data=996  
".\obj\dsp.axf" - 0 Errors, 6 Warning(s).

*** Performing Cross-Module-Optimization:
compiling lpc8xx_gpio.c...
compiling lpc8xx_mrt.c...
compiling lpc8xx_uart.c...
compiling main.c...
src\main.c(22): warning:  #223-D: function "malloc" declared implicitly
src\main.c(40): warning:  #223-D: function "free" declared implicitly
compiling device_depend.c...
compiling ravem.c...
src\ravem.c(457): warning:  #223-D: function "malloc" declared implicitly
src\ravem.c(460): warning:  #223-D: function "free" declared implicitly
src\ravem.c(461): warning:  #223-D: function "malloc" declared implicitly
src\ravem.c(612): warning:  #111-D: statement is unreachable
compiling system_LPC8xx.c...
linking...
Program Size: Code=3184 RO-data=1132 RW-data=44 ZI-data=996  
FromELF: creating hex file...
".\obj\dsp.axf" - 0 Errors, 6 Warning(s).
*** Completed Cross-Module-Optimization after 2 iteration(s).
Load "C:\\Users\\atsu\\Documents\\apnt_237\\RaVem\\obj\\dsp.axf" 
Erase Done.
Programming Done.
Verify OK.
Application running ...
Build target 'RaVem'
Clean started - Project: 'RaVem'
   deleting intermediate output files for target 'RaVem'
*** Scatter Error: no default 'Read/Write' range selected
compiling lpc8xx_gpio.c...
compiling lpc8xx_mrt.c...
compiling lpc8xx_nmi.c...
compiling lpc8xx_uart.c...
compiling main.c...
src\main.c(22): warning:  #223-D: function "malloc" declared implicitly
src\main.c(40): warning:  #223-D: function "free" declared implicitly
compiling device_depend.c...
compiling ravem.c...
src\ravem.c(457): warning:  #223-D: function "malloc" declared implicitly
src\ravem.c(460): warning:  #223-D: function "free" declared implicitly
src\ravem.c(461): warning:  #223-D: function "malloc" declared implicitly
src\ravem.c(612): warning:  #111-D: statement is unreachable
compiling system_LPC8xx.c...
assembling startup_LPC8xx.s...
linking...
Program Size: Code=3184 RO-data=1132 RW-data=44 ZI-data=996  
".\obj\dsp.axf" - 0 Errors, 6 Warning(s).

*** Performing Cross-Module-Optimization:
compiling lpc8xx_gpio.c...
compiling lpc8xx_mrt.c...
compiling lpc8xx_uart.c...
compiling main.c...
src\main.c(22): warning:  #223-D: function "malloc" declared implicitly
src\main.c(40): warning:  #223-D: function "free" declared implicitly
compiling device_depend.c...
compiling ravem.c...
src\ravem.c(457): warning:  #223-D: function "malloc" declared implicitly
src\ravem.c(460): warning:  #223-D: function "free" declared implicitly
src\ravem.c(461): warning:  #223-D: function "malloc" declared implicitly
src\ravem.c(612): warning:  #111-D: statement is unreachable
compiling system_LPC8xx.c...
linking...
Program Size: Code=3184 RO-data=1132 RW-data=44 ZI-data=996  
FromELF: creating hex file...
".\obj\dsp.axf" - 0 Errors, 6 Warning(s).
*** Completed Cross-Module-Optimization after 2 iteration(s).
Load "C:\\Users\\atsu\\Documents\\apnt_237\\RaVem\\obj\\dsp.axf" 
Erase Done.
Programming Done.
Verify OK.
Application running ...
Build target 'RaVem'
Clean started - Project: 'RaVem'
   deleting intermediate output files for target 'RaVem'
*** Scatter Error: no default 'Read/Write' range selected
compiling lpc8xx_gpio.c...
compiling lpc8xx_mrt.c...
compiling lpc8xx_nmi.c...
compiling lpc8xx_uart.c...
compiling main.c...
src\main.c(22): warning:  #223-D: function "malloc" declared implicitly
src\main.c(40): warning:  #223-D: function "free" declared implicitly
compiling device_depend.c...
compiling ravem.c...
src\ravem.c(457): warning:  #223-D: function "malloc" declared implicitly
src\ravem.c(460): warning:  #223-D: function "free" declared implicitly
src\ravem.c(461): warning:  #223-D: function "malloc" declared implicitly
src\ravem.c(612): warning:  #111-D: statement is unreachable
compiling system_LPC8xx.c...
assembling startup_LPC8xx.s...
linking...
Program Size: Code=3208 RO-data=1132 RW-data=44 ZI-data=996  
".\obj\dsp.axf" - 0 Errors, 6 Warning(s).

*** Performing Cross-Module-Optimization:
compiling lpc8xx_gpio.c...
compiling lpc8xx_mrt.c...
compiling lpc8xx_uart.c...
compiling main.c...
src\main.c(22): warning:  #223-D: function "malloc" declared implicitly
src\main.c(40): warning:  #223-D: function "free" declared implicitly
compiling device_depend.c...
compiling ravem.c...
src\ravem.c(457): warning:  #223-D: function "malloc" declared implicitly
src\ravem.c(460): warning:  #223-D: function "free" declared implicitly
src\ravem.c(461): warning:  #223-D: function "malloc" declared implicitly
src\ravem.c(612): warning:  #111-D: statement is unreachable
compiling system_LPC8xx.c...
linking...
Program Size: Code=3208 RO-data=1132 RW-data=44 ZI-data=996  
FromELF: creating hex file...
".\obj\dsp.axf" - 0 Errors, 6 Warning(s).
*** Completed Cross-Module-Optimization after 2 iteration(s).
Load "C:\\Users\\atsu\\Documents\\apnt_237\\RaVem\\obj\\dsp.axf" 
Erase Done.
Programming Done.
Verify OK.
Application running ...
Build target 'RaVem'
Clean started - Project: 'RaVem'
   deleting intermediate output files for target 'RaVem'
*** Scatter Error: no default 'Read/Write' range selected
compiling lpc8xx_gpio.c...
compiling lpc8xx_mrt.c...
compiling lpc8xx_nmi.c...
compiling lpc8xx_uart.c...
compiling main.c...
src\main.c(22): warning:  #223-D: function "malloc" declared implicitly
src\main.c(40): warning:  #223-D: function "free" declared implicitly
compiling device_depend.c...
compiling ravem.c...
src\ravem.c(457): warning:  #223-D: function "malloc" declared implicitly
src\ravem.c(460): warning:  #223-D: function "free" declared implicitly
src\ravem.c(461): warning:  #223-D: function "malloc" declared implicitly
src\ravem.c(612): warning:  #111-D: statement is unreachable
compiling system_LPC8xx.c...
assembling startup_LPC8xx.s...
linking...
Program Size: Code=3208 RO-data=1132 RW-data=44 ZI-data=996  
".\obj\dsp.axf" - 0 Errors, 6 Warning(s).

*** Performing Cross-Module-Optimization:
compiling lpc8xx_gpio.c...
compiling lpc8xx_mrt.c...
compiling lpc8xx_uart.c...
compiling main.c...
src\main.c(22): warning:  #223-D: function "malloc" declared implicitly
src\main.c(40): warning:  #223-D: function "free" declared implicitly
compiling device_depend.c...
compiling ravem.c...
src\ravem.c(457): warning:  #223-D: function "malloc" declared implicitly
src\ravem.c(460): warning:  #223-D: function "free" declared implicitly
src\ravem.c(461): warning:  #223-D: function "malloc" declared implicitly
src\ravem.c(612): warning:  #111-D: statement is unreachable
compiling system_LPC8xx.c...
linking...
Program Size: Code=3208 RO-data=1132 RW-data=44 ZI-data=996  
FromELF: creating hex file...
".\obj\dsp.axf" - 0 Errors, 6 Warning(s).
*** Completed Cross-Module-Optimization after 2 iteration(s).
Load "C:\\Users\\atsu\\Documents\\apnt_237\\RaVem\\obj\\dsp.axf" 
Erase Done.
Programming Done.
Verify OK.
Application running ...
Build target 'RaVem'
Clean started - Project: 'RaVem'
   deleting intermediate output files for target 'RaVem'
*** Scatter Error: no default 'Read/Write' range selected
compiling lpc8xx_gpio.c...
compiling lpc8xx_mrt.c...
compiling lpc8xx_nmi.c...
compiling lpc8xx_uart.c...
compiling main.c...
src\main.c(22): warning:  #223-D: function "malloc" declared implicitly
src\main.c(40): warning:  #223-D: function "free" declared implicitly
compiling device_depend.c...
compiling ravem.c...
src\ravem.c(443): warning:  #223-D: function "malloc" declared implicitly
src\ravem.c(446): warning:  #223-D: function "free" declared implicitly
src\ravem.c(447): warning:  #223-D: function "malloc" declared implicitly
src\ravem.c(598): warning:  #111-D: statement is unreachable
compiling system_LPC8xx.c...
assembling startup_LPC8xx.s...
linking...
Program Size: Code=3208 RO-data=900 RW-data=44 ZI-data=996  
".\obj\dsp.axf" - 0 Errors, 6 Warning(s).

*** Performing Cross-Module-Optimization:
compiling lpc8xx_gpio.c...
compiling lpc8xx_mrt.c...
compiling lpc8xx_uart.c...
compiling main.c...
src\main.c(22): warning:  #223-D: function "malloc" declared implicitly
src\main.c(40): warning:  #223-D: function "free" declared implicitly
compiling device_depend.c...
compiling ravem.c...
src\ravem.c(443): warning:  #223-D: function "malloc" declared implicitly
src\ravem.c(446): warning:  #223-D: function "free" declared implicitly
src\ravem.c(447): warning:  #223-D: function "malloc" declared implicitly
src\ravem.c(598): warning:  #111-D: statement is unreachable
compiling system_LPC8xx.c...
linking...
Program Size: Code=3208 RO-data=900 RW-data=44 ZI-data=996  
FromELF: creating hex file...
".\obj\dsp.axf" - 0 Errors, 6 Warning(s).
*** Completed Cross-Module-Optimization after 2 iteration(s).
Build target 'RaVem'
Clean started - Project: 'RaVem'
   deleting intermediate output files for target 'RaVem'
*** Scatter Error: no default 'Read/Write' range selected
compiling lpc8xx_gpio.c...
compiling lpc8xx_mrt.c...
compiling lpc8xx_nmi.c...
compiling lpc8xx_uart.c...
compiling main.c...
src\main.c(22): warning:  #223-D: function "malloc" declared implicitly
src\main.c(34): warning:  #223-D: function "free" declared implicitly
compiling device_depend.c...
compiling ravem.c...
src\ravem.c(443): warning:  #223-D: function "malloc" declared implicitly
src\ravem.c(446): warning:  #223-D: function "free" declared implicitly
src\ravem.c(447): warning:  #223-D: function "malloc" declared implicitly
src\ravem.c(598): warning:  #111-D: statement is unreachable
compiling system_LPC8xx.c...
assembling startup_LPC8xx.s...
linking...
Program Size: Code=4752 RO-data=900 RW-data=44 ZI-data=996  
".\obj\dsp.axf" - 0 Errors, 6 Warning(s).

*** Performing Cross-Module-Optimization:
compiling lpc8xx_gpio.c...
compiling lpc8xx_mrt.c...
compiling lpc8xx_uart.c...
compiling main.c...
src\main.c(22): warning:  #223-D: function "malloc" declared implicitly
src\main.c(34): warning:  #223-D: function "free" declared implicitly
compiling device_depend.c...
compiling ravem.c...
src\ravem.c(443): warning:  #223-D: function "malloc" declared implicitly
src\ravem.c(446): warning:  #223-D: function "free" declared implicitly
src\ravem.c(447): warning:  #223-D: function "malloc" declared implicitly
src\ravem.c(598): warning:  #111-D: statement is unreachable
compiling system_LPC8xx.c...
linking...
Program Size: Code=4752 RO-data=900 RW-data=44 ZI-data=996  
FromELF: creating hex file...
".\obj\dsp.axf" - 0 Errors, 6 Warning(s).
*** Completed Cross-Module-Optimization after 2 iteration(s).
Load "C:\\Users\\atsu\\Documents\\apnt_237\\RaVem\\obj\\dsp.axf" 
Erase Done.
Programming Done.
Verify OK.
Application running ...
