<html>
<body>
<pre>
<h1>µVision Build Log</h1>
<h2>Project:</h2>
C:\Users\atsu\Documents\apnt_237\RaVem\RaVem.uvproj
Project File Date:  08/08/2013

<h2>Output:</h2>
Build target 'RaVem'
Clean started - Project: 'RaVem'
   deleting intermediate output files for target 'RaVem'
*** Scatter Error: no default 'Read/Write' range selected
compiling lpc8xx_gpio.c...
compiling lpc8xx_mrt.c...
compiling lpc8xx_nmi.c...
compiling lpc8xx_uart.c...
compiling main.c...
compiling device_depend.c...
compiling ravem.c...
compiling system_LPC8xx.c...
assembling startup_LPC8xx.s...
linking...
Program Size: Code=6644 RO-data=992 RW-data=52 ZI-data=1252  
".\obj\dsp.axf" - 0 Errors, 0 Warning(s).

*** Performing Cross-Module-Optimization:
compiling lpc8xx_gpio.c...
compiling lpc8xx_mrt.c...
compiling lpc8xx_uart.c...
compiling main.c...
compiling device_depend.c...
compiling ravem.c...
compiling system_LPC8xx.c...
linking...
Program Size: Code=6644 RO-data=992 RW-data=52 ZI-data=1252  
FromELF: creating hex file...
".\obj\dsp.axf" - 0 Errors, 0 Warning(s).
*** Completed Cross-Module-Optimization after 2 iteration(s).
Load "C:\\Users\\atsu\\Documents\\apnt_237\\RaVem\\obj\\dsp.axf" 
Erase Done.
Programming Done.
Verify OK.
Application running ...
