<html>
<body>
<pre>
<h1>µVision Build Log</h1>
<h2>Project:</h2>
C:\Users\atsu\Documents\apnt_237\RaVem\RaVem.uvproj
Project File Date:  08/23/2013

<h2>Output:</h2>
*** Note: 'Create Batch File' is active - using 'Rebuild'.
Rebuild target 'RaVem'
Clean started - Project: 'RaVem'
   deleting intermediate output files for target 'RaVem'
*** Scatter Error: no default 'Read/Write' range selected
compiling lpc8xx_gpio.c...
compiling lpc8xx_mrt.c...
compiling lpc8xx_nmi.c...
compiling lpc8xx_uart.c...
compiling main.c...
compiling device_depend.c...
compiling ravem.c...
compiling pool.c...
compiling system_LPC8xx.c...
assembling startup_LPC8xx.s...
linking...
Program Size: Code=8008 RO-data=1244 RW-data=44 ZI-data=2548  
".\obj\ravem.axf" - 0 Errors, 0 Warning(s).

*** Performing Cross-Module-Optimization:
compiling lpc8xx_gpio.c...
compiling lpc8xx_mrt.c...
compiling lpc8xx_uart.c...
compiling main.c...
compiling device_depend.c...
compiling ravem.c...
compiling pool.c...
compiling system_LPC8xx.c...
linking...
Program Size: Code=8008 RO-data=1244 RW-data=44 ZI-data=2548  
FromELF: creating hex file...
".\obj\ravem.axf" - 0 Errors, 0 Warning(s).
*** Completed Cross-Module-Optimization after 2 iteration(s).
Load "C:\\Users\\atsu\\Documents\\apnt_237\\RaVem\\obj\\ravem.axf" 
Erase Done.
Programming Done.
Verify OK.
Application running ...
