<html>
<body>
<pre>
<h1>µVision Build Log</h1>
<h2>Project:</h2>
C:\Users\atsu\Documents\apnt_237\RaVem\RaVem.uvproj
Project File Date:  08/22/2013

<h2>Output:</h2>
*** Note: 'Create Batch File' is active - using 'Rebuild'.
Rebuild target 'RaVem'
Clean started - Project: 'RaVem'
   deleting intermediate output files for target 'RaVem'
*** Scatter Error: no default 'Read/Write' range selected
compiling lpc8xx_gpio.c...
compiling lpc8xx_mrt.c...
compiling lpc8xx_nmi.c...
compiling lpc8xx_uart.c...
compiling main.c...
src\main.c(45): warning:  #167-D: argument of type "class_st *" is incompatible with parameter of type "int *"
src\main.c(80): warning:  #167-D: argument of type "class_st *" is incompatible with parameter of type "int *"
src\main.c(128): warning:  #167-D: argument of type "class_st *" is incompatible with parameter of type "int *"
compiling device_depend.c...
compiling ravem.c...
compiling pool.c...
compiling system_LPC8xx.c...
assembling startup_LPC8xx.s...
linking...
Program Size: Code=7524 RO-data=1004 RW-data=44 ZI-data=2548  
".\obj\ravem.axf" - 0 Errors, 3 Warning(s).

*** Performing Cross-Module-Optimization:
compiling lpc8xx_gpio.c...
compiling lpc8xx_mrt.c...
compiling lpc8xx_uart.c...
compiling main.c...
src\main.c(45): warning:  #167-D: argument of type "class_st *" is incompatible with parameter of type "int *"
src\main.c(80): warning:  #167-D: argument of type "class_st *" is incompatible with parameter of type "int *"
src\main.c(128): warning:  #167-D: argument of type "class_st *" is incompatible with parameter of type "int *"
compiling device_depend.c...
compiling ravem.c...
compiling pool.c...
compiling system_LPC8xx.c...
linking...
Program Size: Code=7524 RO-data=1004 RW-data=44 ZI-data=2548  
FromELF: creating hex file...
".\obj\ravem.axf" - 0 Errors, 3 Warning(s).
*** Completed Cross-Module-Optimization after 2 iteration(s).
Load "C:\\Users\\atsu\\Documents\\apnt_237\\RaVem\\obj\\ravem.axf" 
Erase Done.
Programming Done.
Verify OK.
Application running ...
*** Note: 'Create Batch File' is active - using 'Rebuild'.
Rebuild target 'RaVem'
Clean started - Project: 'RaVem'
   deleting intermediate output files for target 'RaVem'
*** Scatter Error: no default 'Read/Write' range selected
compiling lpc8xx_gpio.c...
compiling lpc8xx_mrt.c...
compiling lpc8xx_nmi.c...
compiling lpc8xx_uart.c...
compiling main.c...
src\main.c(46): warning:  #167-D: argument of type "class_st *" is incompatible with parameter of type "int *"
src\main.c(81): warning:  #167-D: argument of type "class_st *" is incompatible with parameter of type "int *"
src\main.c(129): warning:  #167-D: argument of type "class_st *" is incompatible with parameter of type "int *"
compiling device_depend.c...
compiling ravem.c...
compiling pool.c...
compiling system_LPC8xx.c...
assembling startup_LPC8xx.s...
linking...
Program Size: Code=7540 RO-data=1004 RW-data=44 ZI-data=2548  
".\obj\ravem.axf" - 0 Errors, 3 Warning(s).

*** Performing Cross-Module-Optimization:
compiling lpc8xx_gpio.c...
compiling lpc8xx_mrt.c...
compiling lpc8xx_uart.c...
compiling main.c...
src\main.c(46): warning:  #167-D: argument of type "class_st *" is incompatible with parameter of type "int *"
src\main.c(81): warning:  #167-D: argument of type "class_st *" is incompatible with parameter of type "int *"
src\main.c(129): warning:  #167-D: argument of type "class_st *" is incompatible with parameter of type "int *"
compiling device_depend.c...
compiling ravem.c...
compiling pool.c...
compiling system_LPC8xx.c...
linking...
Program Size: Code=7540 RO-data=1004 RW-data=44 ZI-data=2548  
FromELF: creating hex file...
".\obj\ravem.axf" - 0 Errors, 3 Warning(s).
*** Completed Cross-Module-Optimization after 2 iteration(s).
Load "C:\\Users\\atsu\\Documents\\apnt_237\\RaVem\\obj\\ravem.axf" 
Erase Done.
Programming Done.
Verify OK.
Application running ...
*** Note: 'Create Batch File' is active - using 'Rebuild'.
Rebuild target 'RaVem'
Clean started - Project: 'RaVem'
   deleting intermediate output files for target 'RaVem'
*** Scatter Error: no default 'Read/Write' range selected
compiling lpc8xx_gpio.c...
compiling lpc8xx_mrt.c...
compiling lpc8xx_nmi.c...
compiling lpc8xx_uart.c...
compiling main.c...
src\main.c(50): warning:  #167-D: argument of type "class_st *" is incompatible with parameter of type "int *"
src\main.c(85): warning:  #167-D: argument of type "class_st *" is incompatible with parameter of type "int *"
src\main.c(133): warning:  #167-D: argument of type "class_st *" is incompatible with parameter of type "int *"
compiling device_depend.c...
compiling ravem.c...
compiling pool.c...
compiling system_LPC8xx.c...
assembling startup_LPC8xx.s...
linking...
Program Size: Code=7556 RO-data=1004 RW-data=44 ZI-data=2548  
".\obj\ravem.axf" - 0 Errors, 3 Warning(s).

*** Performing Cross-Module-Optimization:
compiling lpc8xx_gpio.c...
compiling lpc8xx_mrt.c...
compiling lpc8xx_uart.c...
compiling main.c...
src\main.c(50): warning:  #167-D: argument of type "class_st *" is incompatible with parameter of type "int *"
src\main.c(85): warning:  #167-D: argument of type "class_st *" is incompatible with parameter of type "int *"
src\main.c(133): warning:  #167-D: argument of type "class_st *" is incompatible with parameter of type "int *"
compiling device_depend.c...
compiling ravem.c...
compiling pool.c...
compiling system_LPC8xx.c...
linking...
Program Size: Code=7556 RO-data=1004 RW-data=44 ZI-data=2548  
FromELF: creating hex file...
".\obj\ravem.axf" - 0 Errors, 3 Warning(s).
*** Completed Cross-Module-Optimization after 2 iteration(s).
Load "C:\\Users\\atsu\\Documents\\apnt_237\\RaVem\\obj\\ravem.axf" 
Erase Done.
Programming Done.
Verify OK.
Application running ...
*** Note: 'Create Batch File' is active - using 'Rebuild'.
Rebuild target 'RaVem'
Clean started - Project: 'RaVem'
   deleting intermediate output files for target 'RaVem'
*** Scatter Error: no default 'Read/Write' range selected
compiling lpc8xx_gpio.c...
compiling lpc8xx_mrt.c...
compiling lpc8xx_nmi.c...
compiling lpc8xx_uart.c...
compiling main.c...
src\main.c(52): warning:  #167-D: argument of type "class_st *" is incompatible with parameter of type "int *"
src\main.c(87): warning:  #167-D: argument of type "class_st *" is incompatible with parameter of type "int *"
src\main.c(135): warning:  #167-D: argument of type "class_st *" is incompatible with parameter of type "int *"
compiling device_depend.c...
compiling ravem.c...
compiling pool.c...
compiling system_LPC8xx.c...
assembling startup_LPC8xx.s...
linking...
Program Size: Code=7584 RO-data=1004 RW-data=44 ZI-data=2548  
".\obj\ravem.axf" - 0 Errors, 3 Warning(s).

*** Performing Cross-Module-Optimization:
compiling lpc8xx_gpio.c...
compiling lpc8xx_mrt.c...
compiling lpc8xx_uart.c...
compiling main.c...
src\main.c(52): warning:  #167-D: argument of type "class_st *" is incompatible with parameter of type "int *"
src\main.c(87): warning:  #167-D: argument of type "class_st *" is incompatible with parameter of type "int *"
src\main.c(135): warning:  #167-D: argument of type "class_st *" is incompatible with parameter of type "int *"
compiling device_depend.c...
compiling ravem.c...
compiling pool.c...
compiling system_LPC8xx.c...
linking...
Program Size: Code=7584 RO-data=1004 RW-data=44 ZI-data=2548  
FromELF: creating hex file...
".\obj\ravem.axf" - 0 Errors, 3 Warning(s).
*** Completed Cross-Module-Optimization after 2 iteration(s).
Load "C:\\Users\\atsu\\Documents\\apnt_237\\RaVem\\obj\\ravem.axf" 
Erase Done.
Programming Done.
Verify OK.
Application running ...
*** Note: 'Create Batch File' is active - using 'Rebuild'.
Rebuild target 'RaVem'
Clean started - Project: 'RaVem'
   deleting intermediate output files for target 'RaVem'
*** Scatter Error: no default 'Read/Write' range selected
compiling lpc8xx_gpio.c...
compiling lpc8xx_mrt.c...
compiling lpc8xx_nmi.c...
compiling lpc8xx_uart.c...
compiling main.c...
src\main.c(52): warning:  #167-D: argument of type "class_st *" is incompatible with parameter of type "int *"
src\main.c(88): warning:  #167-D: argument of type "class_st *" is incompatible with parameter of type "int *"
src\main.c(136): warning:  #167-D: argument of type "class_st *" is incompatible with parameter of type "int *"
compiling device_depend.c...
compiling ravem.c...
compiling pool.c...
compiling system_LPC8xx.c...
assembling startup_LPC8xx.s...
linking...
Program Size: Code=7596 RO-data=1004 RW-data=44 ZI-data=2548  
".\obj\ravem.axf" - 0 Errors, 3 Warning(s).

*** Performing Cross-Module-Optimization:
compiling lpc8xx_gpio.c...
compiling lpc8xx_mrt.c...
compiling lpc8xx_uart.c...
compiling main.c...
src\main.c(52): warning:  #167-D: argument of type "class_st *" is incompatible with parameter of type "int *"
src\main.c(88): warning:  #167-D: argument of type "class_st *" is incompatible with parameter of type "int *"
src\main.c(136): warning:  #167-D: argument of type "class_st *" is incompatible with parameter of type "int *"
compiling device_depend.c...
compiling ravem.c...
compiling pool.c...
compiling system_LPC8xx.c...
linking...
Program Size: Code=7596 RO-data=1004 RW-data=44 ZI-data=2548  
FromELF: creating hex file...
".\obj\ravem.axf" - 0 Errors, 3 Warning(s).
*** Completed Cross-Module-Optimization after 2 iteration(s).
Load "C:\\Users\\atsu\\Documents\\apnt_237\\RaVem\\obj\\ravem.axf" 
Erase Done.
Programming Done.
Verify OK.
Application running ...
*** Note: 'Create Batch File' is active - using 'Rebuild'.
Rebuild target 'RaVem'
Clean started - Project: 'RaVem'
   deleting intermediate output files for target 'RaVem'
*** Scatter Error: no default 'Read/Write' range selected
compiling lpc8xx_gpio.c...
compiling lpc8xx_mrt.c...
compiling lpc8xx_nmi.c...
compiling lpc8xx_uart.c...
compiling main.c...
src\main.c(52): warning:  #167-D: argument of type "class_st *" is incompatible with parameter of type "int *"
src\main.c(88): warning:  #167-D: argument of type "class_st *" is incompatible with parameter of type "int *"
src\main.c(136): warning:  #167-D: argument of type "class_st *" is incompatible with parameter of type "int *"
compiling device_depend.c...
compiling ravem.c...
compiling pool.c...
compiling system_LPC8xx.c...
assembling startup_LPC8xx.s...
linking...
Program Size: Code=7592 RO-data=1004 RW-data=44 ZI-data=2548  
".\obj\ravem.axf" - 0 Errors, 3 Warning(s).

*** Performing Cross-Module-Optimization:
compiling lpc8xx_gpio.c...
compiling lpc8xx_mrt.c...
compiling lpc8xx_uart.c...
compiling main.c...
src\main.c(52): warning:  #167-D: argument of type "class_st *" is incompatible with parameter of type "int *"
src\main.c(88): warning:  #167-D: argument of type "class_st *" is incompatible with parameter of type "int *"
src\main.c(136): warning:  #167-D: argument of type "class_st *" is incompatible with parameter of type "int *"
compiling device_depend.c...
compiling ravem.c...
compiling pool.c...
compiling system_LPC8xx.c...
linking...
Program Size: Code=7592 RO-data=1004 RW-data=44 ZI-data=2548  
FromELF: creating hex file...
".\obj\ravem.axf" - 0 Errors, 3 Warning(s).
*** Completed Cross-Module-Optimization after 2 iteration(s).
Load "C:\\Users\\atsu\\Documents\\apnt_237\\RaVem\\obj\\ravem.axf" 
Erase Done.
Programming Done.
Verify OK.
Application running ...
*** Note: 'Create Batch File' is active - using 'Rebuild'.
Rebuild target 'RaVem'
Clean started - Project: 'RaVem'
   deleting intermediate output files for target 'RaVem'
*** Scatter Error: no default 'Read/Write' range selected
compiling lpc8xx_gpio.c...
compiling lpc8xx_mrt.c...
compiling lpc8xx_nmi.c...
compiling lpc8xx_uart.c...
compiling main.c...
src\main.c(52): warning:  #167-D: argument of type "class_st *" is incompatible with parameter of type "int *"
src\main.c(88): warning:  #167-D: argument of type "class_st *" is incompatible with parameter of type "int *"
src\main.c(136): warning:  #167-D: argument of type "class_st *" is incompatible with parameter of type "int *"
compiling device_depend.c...
compiling ravem.c...
compiling pool.c...
compiling system_LPC8xx.c...
assembling startup_LPC8xx.s...
linking...
Program Size: Code=7608 RO-data=1004 RW-data=44 ZI-data=2548  
".\obj\ravem.axf" - 0 Errors, 3 Warning(s).

*** Performing Cross-Module-Optimization:
compiling lpc8xx_gpio.c...
compiling lpc8xx_mrt.c...
compiling lpc8xx_uart.c...
compiling main.c...
src\main.c(52): warning:  #167-D: argument of type "class_st *" is incompatible with parameter of type "int *"
src\main.c(88): warning:  #167-D: argument of type "class_st *" is incompatible with parameter of type "int *"
src\main.c(136): warning:  #167-D: argument of type "class_st *" is incompatible with parameter of type "int *"
compiling device_depend.c...
compiling ravem.c...
compiling pool.c...
compiling system_LPC8xx.c...
linking...
Program Size: Code=7608 RO-data=1004 RW-data=44 ZI-data=2548  
FromELF: creating hex file...
".\obj\ravem.axf" - 0 Errors, 3 Warning(s).
*** Completed Cross-Module-Optimization after 2 iteration(s).
Load "C:\\Users\\atsu\\Documents\\apnt_237\\RaVem\\obj\\ravem.axf" 
Erase Done.
Programming Done.
Verify OK.
Application running ...
*** Note: 'Create Batch File' is active - using 'Rebuild'.
Rebuild target 'RaVem'
Clean started - Project: 'RaVem'
   deleting intermediate output files for target 'RaVem'
*** Scatter Error: no default 'Read/Write' range selected
compiling lpc8xx_gpio.c...
compiling lpc8xx_mrt.c...
compiling lpc8xx_nmi.c...
compiling lpc8xx_uart.c...
compiling main.c...
src\main.c(52): warning:  #167-D: argument of type "class_st *" is incompatible with parameter of type "int *"
src\main.c(88): warning:  #167-D: argument of type "class_st *" is incompatible with parameter of type "int *"
src\main.c(136): warning:  #167-D: argument of type "class_st *" is incompatible with parameter of type "int *"
compiling device_depend.c...
compiling ravem.c...
compiling pool.c...
compiling system_LPC8xx.c...
assembling startup_LPC8xx.s...
linking...
Program Size: Code=7636 RO-data=1004 RW-data=44 ZI-data=2548  
".\obj\ravem.axf" - 0 Errors, 3 Warning(s).

*** Performing Cross-Module-Optimization:
compiling lpc8xx_gpio.c...
compiling lpc8xx_mrt.c...
compiling lpc8xx_uart.c...
compiling main.c...
src\main.c(52): warning:  #167-D: argument of type "class_st *" is incompatible with parameter of type "int *"
src\main.c(88): warning:  #167-D: argument of type "class_st *" is incompatible with parameter of type "int *"
src\main.c(136): warning:  #167-D: argument of type "class_st *" is incompatible with parameter of type "int *"
compiling device_depend.c...
compiling ravem.c...
compiling pool.c...
compiling system_LPC8xx.c...
linking...
Program Size: Code=7636 RO-data=1004 RW-data=44 ZI-data=2548  
FromELF: creating hex file...
".\obj\ravem.axf" - 0 Errors, 3 Warning(s).
*** Completed Cross-Module-Optimization after 2 iteration(s).
Load "C:\\Users\\atsu\\Documents\\apnt_237\\RaVem\\obj\\ravem.axf" 
Erase Done.
Programming Done.
Verify OK.
Application running ...
*** Note: 'Create Batch File' is active - using 'Rebuild'.
Rebuild target 'RaVem'
Clean started - Project: 'RaVem'
   deleting intermediate output files for target 'RaVem'
*** Scatter Error: no default 'Read/Write' range selected
compiling lpc8xx_gpio.c...
compiling lpc8xx_mrt.c...
compiling lpc8xx_nmi.c...
compiling lpc8xx_uart.c...
compiling main.c...
src\main.c(52): warning:  #167-D: argument of type "class_st *" is incompatible with parameter of type "int *"
src\main.c(88): warning:  #167-D: argument of type "class_st *" is incompatible with parameter of type "int *"
src\main.c(136): warning:  #167-D: argument of type "class_st *" is incompatible with parameter of type "int *"
compiling device_depend.c...
compiling ravem.c...
compiling pool.c...
compiling system_LPC8xx.c...
assembling startup_LPC8xx.s...
linking...
Program Size: Code=7640 RO-data=1004 RW-data=44 ZI-data=2548  
".\obj\ravem.axf" - 0 Errors, 3 Warning(s).

*** Performing Cross-Module-Optimization:
compiling lpc8xx_gpio.c...
compiling lpc8xx_mrt.c...
compiling lpc8xx_uart.c...
compiling main.c...
src\main.c(52): warning:  #167-D: argument of type "class_st *" is incompatible with parameter of type "int *"
src\main.c(88): warning:  #167-D: argument of type "class_st *" is incompatible with parameter of type "int *"
src\main.c(136): warning:  #167-D: argument of type "class_st *" is incompatible with parameter of type "int *"
compiling device_depend.c...
compiling ravem.c...
compiling pool.c...
compiling system_LPC8xx.c...
linking...
Program Size: Code=7640 RO-data=1004 RW-data=44 ZI-data=2548  
FromELF: creating hex file...
".\obj\ravem.axf" - 0 Errors, 3 Warning(s).
*** Completed Cross-Module-Optimization after 2 iteration(s).
Load "C:\\Users\\atsu\\Documents\\apnt_237\\RaVem\\obj\\ravem.axf" 
Erase Done.
Programming Done.
Verify OK.
Application running ...
*** Note: 'Create Batch File' is active - using 'Rebuild'.
Rebuild target 'RaVem'
Clean started - Project: 'RaVem'
   deleting intermediate output files for target 'RaVem'
*** Scatter Error: no default 'Read/Write' range selected
compiling lpc8xx_gpio.c...
compiling lpc8xx_mrt.c...
compiling lpc8xx_nmi.c...
compiling lpc8xx_uart.c...
compiling main.c...
src\main.c(52): warning:  #167-D: argument of type "class_st *" is incompatible with parameter of type "int *"
src\main.c(88): warning:  #167-D: argument of type "class_st *" is incompatible with parameter of type "int *"
src\main.c(136): warning:  #167-D: argument of type "class_st *" is incompatible with parameter of type "int *"
compiling device_depend.c...
compiling ravem.c...
compiling pool.c...
compiling system_LPC8xx.c...
assembling startup_LPC8xx.s...
linking...
Program Size: Code=7640 RO-data=1004 RW-data=44 ZI-data=2548  
".\obj\ravem.axf" - 0 Errors, 3 Warning(s).

*** Performing Cross-Module-Optimization:
compiling lpc8xx_gpio.c...
compiling lpc8xx_mrt.c...
compiling lpc8xx_uart.c...
compiling main.c...
src\main.c(52): warning:  #167-D: argument of type "class_st *" is incompatible with parameter of type "int *"
src\main.c(88): warning:  #167-D: argument of type "class_st *" is incompatible with parameter of type "int *"
src\main.c(136): warning:  #167-D: argument of type "class_st *" is incompatible with parameter of type "int *"
compiling device_depend.c...
compiling ravem.c...
compiling pool.c...
compiling system_LPC8xx.c...
linking...
Program Size: Code=7640 RO-data=1004 RW-data=44 ZI-data=2548  
FromELF: creating hex file...
".\obj\ravem.axf" - 0 Errors, 3 Warning(s).
*** Completed Cross-Module-Optimization after 2 iteration(s).
*** Note: 'Create Batch File' is active - using 'Rebuild'.
Rebuild target 'RaVem'
Clean started - Project: 'RaVem'
   deleting intermediate output files for target 'RaVem'
*** Scatter Error: no default 'Read/Write' range selected
compiling lpc8xx_gpio.c...
compiling lpc8xx_mrt.c...
compiling lpc8xx_nmi.c...
compiling lpc8xx_uart.c...
compiling main.c...
src\main.c(52): warning:  #167-D: argument of type "class_st *" is incompatible with parameter of type "int *"
src\main.c(88): warning:  #167-D: argument of type "class_st *" is incompatible with parameter of type "int *"
src\main.c(136): warning:  #167-D: argument of type "class_st *" is incompatible with parameter of type "int *"
compiling device_depend.c...
compiling ravem.c...
compiling pool.c...
compiling system_LPC8xx.c...
assembling startup_LPC8xx.s...
linking...
Program Size: Code=7640 RO-data=1004 RW-data=44 ZI-data=2548  
".\obj\ravem.axf" - 0 Errors, 3 Warning(s).

*** Performing Cross-Module-Optimization:
compiling lpc8xx_gpio.c...
compiling lpc8xx_mrt.c...
compiling lpc8xx_uart.c...
compiling main.c...
src\main.c(52): warning:  #167-D: argument of type "class_st *" is incompatible with parameter of type "int *"
src\main.c(88): warning:  #167-D: argument of type "class_st *" is incompatible with parameter of type "int *"
src\main.c(136): warning:  #167-D: argument of type "class_st *" is incompatible with parameter of type "int *"
compiling device_depend.c...
compiling ravem.c...
compiling pool.c...
compiling system_LPC8xx.c...
linking...
Program Size: Code=7640 RO-data=1004 RW-data=44 ZI-data=2548  
FromELF: creating hex file...
".\obj\ravem.axf" - 0 Errors, 3 Warning(s).
*** Completed Cross-Module-Optimization after 2 iteration(s).
Load "C:\\Users\\atsu\\Documents\\apnt_237\\RaVem\\obj\\ravem.axf" 
Erase Done.
Programming Done.
Verify OK.
Application running ...
*** Note: 'Create Batch File' is active - using 'Rebuild'.
Rebuild target 'RaVem'
Clean started - Project: 'RaVem'
   deleting intermediate output files for target 'RaVem'
*** Scatter Error: no default 'Read/Write' range selected
compiling lpc8xx_gpio.c...
compiling lpc8xx_mrt.c...
compiling lpc8xx_nmi.c...
compiling lpc8xx_uart.c...
compiling main.c...
src\main.c(52): warning:  #167-D: argument of type "class_st *" is incompatible with parameter of type "int *"
src\main.c(88): warning:  #167-D: argument of type "class_st *" is incompatible with parameter of type "int *"
src\main.c(136): warning:  #167-D: argument of type "class_st *" is incompatible with parameter of type "int *"
compiling device_depend.c...
compiling ravem.c...
compiling pool.c...
compiling system_LPC8xx.c...
assembling startup_LPC8xx.s...
linking...
Program Size: Code=7640 RO-data=1004 RW-data=44 ZI-data=2548  
".\obj\ravem.axf" - 0 Errors, 3 Warning(s).

*** Performing Cross-Module-Optimization:
compiling lpc8xx_gpio.c...
compiling lpc8xx_mrt.c...
compiling lpc8xx_uart.c...
compiling main.c...
src\main.c(52): warning:  #167-D: argument of type "class_st *" is incompatible with parameter of type "int *"
src\main.c(88): warning:  #167-D: argument of type "class_st *" is incompatible with parameter of type "int *"
src\main.c(136): warning:  #167-D: argument of type "class_st *" is incompatible with parameter of type "int *"
compiling device_depend.c...
compiling ravem.c...
compiling pool.c...
compiling system_LPC8xx.c...
linking...
Program Size: Code=7640 RO-data=1004 RW-data=44 ZI-data=2548  
FromELF: creating hex file...
".\obj\ravem.axf" - 0 Errors, 3 Warning(s).
*** Completed Cross-Module-Optimization after 2 iteration(s).
Load "C:\\Users\\atsu\\Documents\\apnt_237\\RaVem\\obj\\ravem.axf" 
Erase Done.
Programming Done.
Verify OK.
Application running ...
*** Note: 'Create Batch File' is active - using 'Rebuild'.
Rebuild target 'RaVem'
Clean started - Project: 'RaVem'
   deleting intermediate output files for target 'RaVem'
*** Scatter Error: no default 'Read/Write' range selected
compiling lpc8xx_gpio.c...
compiling lpc8xx_mrt.c...
compiling lpc8xx_nmi.c...
compiling lpc8xx_uart.c...
compiling main.c...
src\main.c(52): warning:  #167-D: argument of type "class_st *" is incompatible with parameter of type "int *"
src\main.c(88): warning:  #167-D: argument of type "class_st *" is incompatible with parameter of type "int *"
src\main.c(136): warning:  #167-D: argument of type "class_st *" is incompatible with parameter of type "int *"
compiling device_depend.c...
compiling ravem.c...
compiling pool.c...
compiling system_LPC8xx.c...
assembling startup_LPC8xx.s...
linking...
Program Size: Code=7640 RO-data=1004 RW-data=44 ZI-data=2548  
".\obj\ravem.axf" - 0 Errors, 3 Warning(s).

*** Performing Cross-Module-Optimization:
compiling lpc8xx_gpio.c...
compiling lpc8xx_mrt.c...
compiling lpc8xx_uart.c...
compiling main.c...
src\main.c(52): warning:  #167-D: argument of type "class_st *" is incompatible with parameter of type "int *"
src\main.c(88): warning:  #167-D: argument of type "class_st *" is incompatible with parameter of type "int *"
src\main.c(136): warning:  #167-D: argument of type "class_st *" is incompatible with parameter of type "int *"
compiling device_depend.c...
compiling ravem.c...
compiling pool.c...
compiling system_LPC8xx.c...
linking...
Program Size: Code=7640 RO-data=1004 RW-data=44 ZI-data=2548  
FromELF: creating hex file...
".\obj\ravem.axf" - 0 Errors, 3 Warning(s).
*** Completed Cross-Module-Optimization after 2 iteration(s).
Load "C:\\Users\\atsu\\Documents\\apnt_237\\RaVem\\obj\\ravem.axf" 
Erase Done.
Programming Done.
Verify OK.
Application running ...
*** Note: 'Create Batch File' is active - using 'Rebuild'.
Rebuild target 'RaVem'
Clean started - Project: 'RaVem'
   deleting intermediate output files for target 'RaVem'
*** Scatter Error: no default 'Read/Write' range selected
compiling lpc8xx_gpio.c...
compiling lpc8xx_mrt.c...
compiling lpc8xx_nmi.c...
compiling lpc8xx_uart.c...
compiling main.c...
src\main.c(48): warning:  #167-D: argument of type "class_st *" is incompatible with parameter of type "int *"
src\main.c(84): warning:  #167-D: argument of type "class_st *" is incompatible with parameter of type "int *"
src\main.c(135): warning:  #167-D: argument of type "class_st *" is incompatible with parameter of type "int *"
compiling device_depend.c...
compiling ravem.c...
compiling pool.c...
compiling system_LPC8xx.c...
assembling startup_LPC8xx.s...
linking...
Program Size: Code=7596 RO-data=1004 RW-data=44 ZI-data=2548  
".\obj\ravem.axf" - 0 Errors, 3 Warning(s).

*** Performing Cross-Module-Optimization:
compiling lpc8xx_gpio.c...
compiling lpc8xx_mrt.c...
compiling lpc8xx_uart.c...
compiling main.c...
src\main.c(48): warning:  #167-D: argument of type "class_st *" is incompatible with parameter of type "int *"
src\main.c(84): warning:  #167-D: argument of type "class_st *" is incompatible with parameter of type "int *"
src\main.c(135): warning:  #167-D: argument of type "class_st *" is incompatible with parameter of type "int *"
compiling device_depend.c...
compiling ravem.c...
compiling pool.c...
compiling system_LPC8xx.c...
linking...
Program Size: Code=7596 RO-data=1004 RW-data=44 ZI-data=2548  
FromELF: creating hex file...
".\obj\ravem.axf" - 0 Errors, 3 Warning(s).
*** Completed Cross-Module-Optimization after 2 iteration(s).
Load "C:\\Users\\atsu\\Documents\\apnt_237\\RaVem\\obj\\ravem.axf" 
Erase Done.
Programming Done.
Verify OK.
Application running ...
*** Note: 'Create Batch File' is active - using 'Rebuild'.
Rebuild target 'RaVem'
Clean started - Project: 'RaVem'
   deleting intermediate output files for target 'RaVem'
*** Scatter Error: no default 'Read/Write' range selected
compiling lpc8xx_gpio.c...
compiling lpc8xx_mrt.c...
compiling lpc8xx_nmi.c...
compiling lpc8xx_uart.c...
compiling main.c...
src\main.c(48): warning:  #167-D: argument of type "class_st *" is incompatible with parameter of type "int *"
src\main.c(84): warning:  #167-D: argument of type "class_st *" is incompatible with parameter of type "int *"
src\main.c(135): warning:  #167-D: argument of type "class_st *" is incompatible with parameter of type "int *"
compiling device_depend.c...
compiling ravem.c...
compiling pool.c...
compiling system_LPC8xx.c...
assembling startup_LPC8xx.s...
linking...
Program Size: Code=7600 RO-data=1004 RW-data=44 ZI-data=2548  
".\obj\ravem.axf" - 0 Errors, 3 Warning(s).

*** Performing Cross-Module-Optimization:
compiling lpc8xx_gpio.c...
compiling lpc8xx_mrt.c...
compiling lpc8xx_uart.c...
compiling main.c...
src\main.c(48): warning:  #167-D: argument of type "class_st *" is incompatible with parameter of type "int *"
src\main.c(84): warning:  #167-D: argument of type "class_st *" is incompatible with parameter of type "int *"
src\main.c(135): warning:  #167-D: argument of type "class_st *" is incompatible with parameter of type "int *"
compiling device_depend.c...
compiling ravem.c...
compiling pool.c...
compiling system_LPC8xx.c...
linking...
Program Size: Code=7600 RO-data=1004 RW-data=44 ZI-data=2548  
FromELF: creating hex file...
".\obj\ravem.axf" - 0 Errors, 3 Warning(s).
*** Completed Cross-Module-Optimization after 2 iteration(s).
Load "C:\\Users\\atsu\\Documents\\apnt_237\\RaVem\\obj\\ravem.axf" 
Erase Done.
Programming Done.
Verify OK.
Application running ...
*** Note: 'Create Batch File' is active - using 'Rebuild'.
Rebuild target 'RaVem'
Clean started - Project: 'RaVem'
   deleting intermediate output files for target 'RaVem'
*** Scatter Error: no default 'Read/Write' range selected
compiling lpc8xx_gpio.c...
compiling lpc8xx_mrt.c...
compiling lpc8xx_nmi.c...
compiling lpc8xx_uart.c...
compiling main.c...
src\main.c(48): warning:  #167-D: argument of type "class_st *" is incompatible with parameter of type "int *"
src\main.c(84): warning:  #167-D: argument of type "class_st *" is incompatible with parameter of type "int *"
src\main.c(135): warning:  #167-D: argument of type "class_st *" is incompatible with parameter of type "int *"
compiling device_depend.c...
compiling ravem.c...
compiling pool.c...
compiling system_LPC8xx.c...
assembling startup_LPC8xx.s...
linking...
Program Size: Code=7600 RO-data=1004 RW-data=44 ZI-data=2548  
".\obj\ravem.axf" - 0 Errors, 3 Warning(s).

*** Performing Cross-Module-Optimization:
compiling lpc8xx_gpio.c...
compiling lpc8xx_mrt.c...
compiling lpc8xx_uart.c...
compiling main.c...
src\main.c(48): warning:  #167-D: argument of type "class_st *" is incompatible with parameter of type "int *"
src\main.c(84): warning:  #167-D: argument of type "class_st *" is incompatible with parameter of type "int *"
src\main.c(135): warning:  #167-D: argument of type "class_st *" is incompatible with parameter of type "int *"
compiling device_depend.c...
compiling ravem.c...
compiling pool.c...
compiling system_LPC8xx.c...
linking...
Program Size: Code=7600 RO-data=1004 RW-data=44 ZI-data=2548  
FromELF: creating hex file...
".\obj\ravem.axf" - 0 Errors, 3 Warning(s).
*** Completed Cross-Module-Optimization after 2 iteration(s).
Load "C:\\Users\\atsu\\Documents\\apnt_237\\RaVem\\obj\\ravem.axf" 
Erase Done.
Programming Done.
Verify OK.
Application running ...
*** Note: 'Create Batch File' is active - using 'Rebuild'.
Rebuild target 'RaVem'
Clean started - Project: 'RaVem'
   deleting intermediate output files for target 'RaVem'
*** Scatter Error: no default 'Read/Write' range selected
compiling lpc8xx_gpio.c...
compiling lpc8xx_mrt.c...
compiling lpc8xx_nmi.c...
compiling lpc8xx_uart.c...
compiling main.c...
src\main.c(48): warning:  #167-D: argument of type "class_st *" is incompatible with parameter of type "int *"
src\main.c(85): warning:  #167-D: argument of type "class_st *" is incompatible with parameter of type "int *"
src\main.c(136): warning:  #167-D: argument of type "class_st *" is incompatible with parameter of type "int *"
compiling device_depend.c...
compiling ravem.c...
compiling pool.c...
compiling system_LPC8xx.c...
assembling startup_LPC8xx.s...
linking...
Program Size: Code=7612 RO-data=1004 RW-data=44 ZI-data=2548  
".\obj\ravem.axf" - 0 Errors, 3 Warning(s).

*** Performing Cross-Module-Optimization:
compiling lpc8xx_gpio.c...
compiling lpc8xx_mrt.c...
compiling lpc8xx_uart.c...
compiling main.c...
src\main.c(48): warning:  #167-D: argument of type "class_st *" is incompatible with parameter of type "int *"
src\main.c(85): warning:  #167-D: argument of type "class_st *" is incompatible with parameter of type "int *"
src\main.c(136): warning:  #167-D: argument of type "class_st *" is incompatible with parameter of type "int *"
compiling device_depend.c...
compiling ravem.c...
compiling pool.c...
compiling system_LPC8xx.c...
linking...
Program Size: Code=7612 RO-data=1004 RW-data=44 ZI-data=2548  
FromELF: creating hex file...
".\obj\ravem.axf" - 0 Errors, 3 Warning(s).
*** Completed Cross-Module-Optimization after 2 iteration(s).
Load "C:\\Users\\atsu\\Documents\\apnt_237\\RaVem\\obj\\ravem.axf" 
Erase Done.
Programming Done.
Verify OK.
Application running ...
*** Note: 'Create Batch File' is active - using 'Rebuild'.
Rebuild target 'RaVem'
Clean started - Project: 'RaVem'
   deleting intermediate output files for target 'RaVem'
*** Scatter Error: no default 'Read/Write' range selected
compiling lpc8xx_gpio.c...
compiling lpc8xx_mrt.c...
compiling lpc8xx_nmi.c...
compiling lpc8xx_uart.c...
compiling main.c...
src\main.c(48): warning:  #167-D: argument of type "class_st *" is incompatible with parameter of type "int *"
src\main.c(85): warning:  #167-D: argument of type "class_st *" is incompatible with parameter of type "int *"
src\main.c(136): warning:  #167-D: argument of type "class_st *" is incompatible with parameter of type "int *"
compiling device_depend.c...
compiling ravem.c...
compiling pool.c...
compiling system_LPC8xx.c...
assembling startup_LPC8xx.s...
linking...
Program Size: Code=7620 RO-data=1004 RW-data=44 ZI-data=2548  
".\obj\ravem.axf" - 0 Errors, 3 Warning(s).

*** Performing Cross-Module-Optimization:
compiling lpc8xx_gpio.c...
compiling lpc8xx_mrt.c...
compiling lpc8xx_uart.c...
compiling main.c...
src\main.c(48): warning:  #167-D: argument of type "class_st *" is incompatible with parameter of type "int *"
src\main.c(85): warning:  #167-D: argument of type "class_st *" is incompatible with parameter of type "int *"
src\main.c(136): warning:  #167-D: argument of type "class_st *" is incompatible with parameter of type "int *"
compiling device_depend.c...
compiling ravem.c...
compiling pool.c...
compiling system_LPC8xx.c...
linking...
Program Size: Code=7620 RO-data=1004 RW-data=44 ZI-data=2548  
FromELF: creating hex file...
".\obj\ravem.axf" - 0 Errors, 3 Warning(s).
*** Completed Cross-Module-Optimization after 2 iteration(s).
Load "C:\\Users\\atsu\\Documents\\apnt_237\\RaVem\\obj\\ravem.axf" 
Erase Done.
Programming Done.
Verify OK.
Application running ...
*** Note: 'Create Batch File' is active - using 'Rebuild'.
Rebuild target 'RaVem'
Clean started - Project: 'RaVem'
   deleting intermediate output files for target 'RaVem'
*** Scatter Error: no default 'Read/Write' range selected
compiling lpc8xx_gpio.c...
compiling lpc8xx_mrt.c...
compiling lpc8xx_nmi.c...
compiling lpc8xx_uart.c...
compiling main.c...
src\main.c(48): warning:  #167-D: argument of type "class_st *" is incompatible with parameter of type "int *"
src\main.c(85): warning:  #167-D: argument of type "class_st *" is incompatible with parameter of type "int *"
src\main.c(136): warning:  #167-D: argument of type "class_st *" is incompatible with parameter of type "int *"
compiling device_depend.c...
compiling ravem.c...
compiling pool.c...
compiling system_LPC8xx.c...
assembling startup_LPC8xx.s...
linking...
Program Size: Code=7636 RO-data=1004 RW-data=44 ZI-data=2548  
".\obj\ravem.axf" - 0 Errors, 3 Warning(s).

*** Performing Cross-Module-Optimization:
compiling lpc8xx_gpio.c...
compiling lpc8xx_mrt.c...
compiling lpc8xx_uart.c...
compiling main.c...
src\main.c(48): warning:  #167-D: argument of type "class_st *" is incompatible with parameter of type "int *"
src\main.c(85): warning:  #167-D: argument of type "class_st *" is incompatible with parameter of type "int *"
src\main.c(136): warning:  #167-D: argument of type "class_st *" is incompatible with parameter of type "int *"
compiling device_depend.c...
compiling ravem.c...
compiling pool.c...
compiling system_LPC8xx.c...
linking...
Program Size: Code=7636 RO-data=1004 RW-data=44 ZI-data=2548  
FromELF: creating hex file...
".\obj\ravem.axf" - 0 Errors, 3 Warning(s).
*** Completed Cross-Module-Optimization after 2 iteration(s).
Load "C:\\Users\\atsu\\Documents\\apnt_237\\RaVem\\obj\\ravem.axf" 
Erase Done.
Programming Done.
Verify OK.
Application running ...
*** Note: 'Create Batch File' is active - using 'Rebuild'.
Rebuild target 'RaVem'
Clean started - Project: 'RaVem'
   deleting intermediate output files for target 'RaVem'
*** Scatter Error: no default 'Read/Write' range selected
compiling lpc8xx_gpio.c...
compiling lpc8xx_mrt.c...
compiling lpc8xx_nmi.c...
compiling lpc8xx_uart.c...
compiling main.c...
src\main.c(45): warning:  #167-D: argument of type "class_st *" is incompatible with parameter of type "int *"
src\main.c(82): warning:  #167-D: argument of type "class_st *" is incompatible with parameter of type "int *"
src\main.c(131): warning:  #167-D: argument of type "class_st *" is incompatible with parameter of type "int *"
compiling device_depend.c...
compiling ravem.c...
compiling pool.c...
compiling system_LPC8xx.c...
assembling startup_LPC8xx.s...
linking...
Program Size: Code=7568 RO-data=1004 RW-data=44 ZI-data=2548  
".\obj\ravem.axf" - 0 Errors, 3 Warning(s).

*** Performing Cross-Module-Optimization:
compiling lpc8xx_gpio.c...
compiling lpc8xx_mrt.c...
compiling lpc8xx_uart.c...
compiling main.c...
src\main.c(45): warning:  #167-D: argument of type "class_st *" is incompatible with parameter of type "int *"
src\main.c(82): warning:  #167-D: argument of type "class_st *" is incompatible with parameter of type "int *"
src\main.c(131): warning:  #167-D: argument of type "class_st *" is incompatible with parameter of type "int *"
compiling device_depend.c...
compiling ravem.c...
compiling pool.c...
compiling system_LPC8xx.c...
linking...
Program Size: Code=7568 RO-data=1004 RW-data=44 ZI-data=2548  
FromELF: creating hex file...
".\obj\ravem.axf" - 0 Errors, 3 Warning(s).
*** Completed Cross-Module-Optimization after 2 iteration(s).
Load "C:\\Users\\atsu\\Documents\\apnt_237\\RaVem\\obj\\ravem.axf" 
Erase Done.
Programming Done.
Verify OK.
Application running ...
*** Note: 'Create Batch File' is active - using 'Rebuild'.
Rebuild target 'RaVem'
Clean started - Project: 'RaVem'
   deleting intermediate output files for target 'RaVem'
*** Scatter Error: no default 'Read/Write' range selected
compiling lpc8xx_gpio.c...
compiling lpc8xx_mrt.c...
compiling lpc8xx_nmi.c...
compiling lpc8xx_uart.c...
compiling main.c...
src\main.c(45): warning:  #167-D: argument of type "class_st *" is incompatible with parameter of type "int *"
src\main.c(81): warning:  #167-D: argument of type "class_st *" is incompatible with parameter of type "int *"
src\main.c(128): warning:  #167-D: argument of type "class_st *" is incompatible with parameter of type "int *"
compiling device_depend.c...
compiling ravem.c...
compiling pool.c...
compiling system_LPC8xx.c...
assembling startup_LPC8xx.s...
linking...
Program Size: Code=7548 RO-data=1004 RW-data=44 ZI-data=2548  
".\obj\ravem.axf" - 0 Errors, 3 Warning(s).

*** Performing Cross-Module-Optimization:
compiling lpc8xx_gpio.c...
compiling lpc8xx_mrt.c...
compiling lpc8xx_uart.c...
compiling main.c...
src\main.c(45): warning:  #167-D: argument of type "class_st *" is incompatible with parameter of type "int *"
src\main.c(81): warning:  #167-D: argument of type "class_st *" is incompatible with parameter of type "int *"
src\main.c(128): warning:  #167-D: argument of type "class_st *" is incompatible with parameter of type "int *"
compiling device_depend.c...
compiling ravem.c...
compiling pool.c...
compiling system_LPC8xx.c...
linking...
Program Size: Code=7548 RO-data=1004 RW-data=44 ZI-data=2548  
FromELF: creating hex file...
".\obj\ravem.axf" - 0 Errors, 3 Warning(s).
*** Completed Cross-Module-Optimization after 2 iteration(s).
Load "C:\\Users\\atsu\\Documents\\apnt_237\\RaVem\\obj\\ravem.axf" 
Erase Done.
Programming Done.
Verify OK.
Application running ...
*** Note: 'Create Batch File' is active - using 'Rebuild'.
Rebuild target 'RaVem'
Clean started - Project: 'RaVem'
   deleting intermediate output files for target 'RaVem'
*** Scatter Error: no default 'Read/Write' range selected
compiling lpc8xx_gpio.c...
compiling lpc8xx_mrt.c...
compiling lpc8xx_nmi.c...
compiling lpc8xx_uart.c...
compiling main.c...
src\main.c(45): warning:  #167-D: argument of type "class_st *" is incompatible with parameter of type "int *"
src\main.c(81): warning:  #167-D: argument of type "class_st *" is incompatible with parameter of type "int *"
src\main.c(128): warning:  #167-D: argument of type "class_st *" is incompatible with parameter of type "int *"
compiling device_depend.c...
compiling ravem.c...
compiling pool.c...
compiling system_LPC8xx.c...
assembling startup_LPC8xx.s...
linking...
Program Size: Code=7548 RO-data=992 RW-data=44 ZI-data=2548  
".\obj\ravem.axf" - 0 Errors, 3 Warning(s).

*** Performing Cross-Module-Optimization:
compiling lpc8xx_gpio.c...
compiling lpc8xx_mrt.c...
compiling lpc8xx_uart.c...
compiling main.c...
src\main.c(45): warning:  #167-D: argument of type "class_st *" is incompatible with parameter of type "int *"
src\main.c(81): warning:  #167-D: argument of type "class_st *" is incompatible with parameter of type "int *"
src\main.c(128): warning:  #167-D: argument of type "class_st *" is incompatible with parameter of type "int *"
compiling device_depend.c...
compiling ravem.c...
compiling pool.c...
compiling system_LPC8xx.c...
linking...
Program Size: Code=7548 RO-data=992 RW-data=44 ZI-data=2548  
FromELF: creating hex file...
".\obj\ravem.axf" - 0 Errors, 3 Warning(s).
*** Completed Cross-Module-Optimization after 2 iteration(s).
Load "C:\\Users\\atsu\\Documents\\apnt_237\\RaVem\\obj\\ravem.axf" 
Erase Done.
Programming Done.
Verify OK.
Application running ...
